=== RUN   TestValidateEngine
=== RUN   TestValidateEngine/empty_engine_(uses_default)
=== RUN   TestValidateEngine/valid_claude_engine
=== RUN   TestValidateEngine/valid_codex_engine
=== RUN   TestValidateEngine/invalid_engine
=== RUN   TestValidateEngine/invalid_engine_case_sensitive
=== RUN   TestValidateEngine/invalid_engine_with_spaces
=== RUN   TestValidateEngine/completely_invalid_engine
=== RUN   TestValidateEngine/numeric_engine
--- PASS: TestValidateEngine (0.00s)
    --- PASS: TestValidateEngine/empty_engine_(uses_default) (0.00s)
    --- PASS: TestValidateEngine/valid_claude_engine (0.00s)
    --- PASS: TestValidateEngine/valid_codex_engine (0.00s)
    --- PASS: TestValidateEngine/invalid_engine (0.00s)
    --- PASS: TestValidateEngine/invalid_engine_case_sensitive (0.00s)
    --- PASS: TestValidateEngine/invalid_engine_with_spaces (0.00s)
    --- PASS: TestValidateEngine/completely_invalid_engine (0.00s)
    --- PASS: TestValidateEngine/numeric_engine (0.00s)
=== RUN   TestInitFunction
=== RUN   TestInitFunction/init_function_executes_without_panic
--- PASS: TestInitFunction (0.00s)
    --- PASS: TestInitFunction/init_function_executes_without_panic (0.00s)
=== RUN   TestMainFunction
=== RUN   TestMainFunction/main_function_setup
=== RUN   TestMainFunction/version_command_is_available
=== RUN   TestMainFunction/list_command_is_available
=== RUN   TestMainFunction/root_command_help
--- PASS: TestMainFunction (0.00s)
    --- PASS: TestMainFunction/main_function_setup (0.00s)
    --- PASS: TestMainFunction/version_command_is_available (0.00s)
    --- PASS: TestMainFunction/list_command_is_available (0.00s)
    --- PASS: TestMainFunction/root_command_help (0.00s)
=== RUN   TestMainFunctionExecutionPath
=== RUN   TestMainFunctionExecutionPath/main_function_integration_test
=== RUN   TestMainFunctionExecutionPath/main_function_version_command
=== RUN   TestMainFunctionExecutionPath/main_function_error_handling
=== RUN   TestMainFunctionExecutionPath/main_function_version_info_setup
=== RUN   TestMainFunctionExecutionPath/main_function_basic_execution_flow
--- PASS: TestMainFunctionExecutionPath (0.75s)
    --- PASS: TestMainFunctionExecutionPath/main_function_integration_test (0.47s)
    --- PASS: TestMainFunctionExecutionPath/main_function_version_command (0.10s)
    --- PASS: TestMainFunctionExecutionPath/main_function_error_handling (0.09s)
    --- PASS: TestMainFunctionExecutionPath/main_function_version_info_setup (0.00s)
    --- PASS: TestMainFunctionExecutionPath/main_function_basic_execution_flow (0.10s)
=== RUN   TestVersionCommandFunctionality
=== RUN   TestVersionCommandFunctionality/version_information_is_available
--- PASS: TestVersionCommandFunctionality (0.00s)
    --- PASS: TestVersionCommandFunctionality/version_information_is_available (0.00s)
=== RUN   TestCommandLineIntegration
=== RUN   TestCommandLineIntegration/command_structure_validation
=== RUN   TestCommandLineIntegration/global_flags_are_configured
--- PASS: TestCommandLineIntegration (0.00s)
    --- PASS: TestCommandLineIntegration/command_structure_validation (0.00s)
    --- PASS: TestCommandLineIntegration/global_flags_are_configured (0.00s)
=== RUN   TestCommandErrorHandling
=== RUN   TestCommandErrorHandling/invalid_command_produces_error
--- PASS: TestCommandErrorHandling (0.00s)
    --- PASS: TestCommandErrorHandling/invalid_command_produces_error (0.00s)
PASS
ok  	github.com/githubnext/gh-aw/cmd/gh-aw	(cached)
=== RUN   TestAccessLogParsing
--- PASS: TestAccessLogParsing (0.00s)
=== RUN   TestMultipleAccessLogAnalysis
--- PASS: TestMultipleAccessLogAnalysis (0.00s)
=== RUN   TestAnalyzeAccessLogsDirectory
--- PASS: TestAnalyzeAccessLogsDirectory (0.00s)
=== RUN   TestExtractDomainFromURL
--- PASS: TestExtractDomainFromURL (0.00s)
=== RUN   TestCompileWorkflow
=== RUN   TestCompileWorkflow/successful_compilation_with_valid_workflow
✓ .github/workflows/test.md
=== RUN   TestCompileWorkflow/successful_compilation_with_verbose_mode
ℹ Starting compilation of: .github/workflows/verbose-test.md
ℹ Output file: .github/workflows/verbose-test.lock.yml
ℹ Parsing workflow file...
ℹ Reading file: .github/workflows/verbose-test.md
ℹ File size: 164 bytes
ℹ Extracting frontmatter...
ℹ Frontmatter length: 3 characters
ℹ Markdown content length: 64 characters
ℹ NOTE: No 'engine:' setting found, defaulting to: claude
ℹ AI engine: Claude Code (claude)
ℹ Processing tools and includes...
ℹ Expanded includes in markdown content
ℹ Extracted workflow name: 'Verbose Test Workflow'
ℹ No usage of task.outputs.text found - compute-text step will be skipped
ℹ Validating expression safety...
✓ Expression safety validation passed
✓ Successfully parsed frontmatter and markdown content
ℹ Workflow name: Verbose Test Workflow
ℹ Tools configured: 1
ℹ Generating GitHub Actions YAML...
✓ Generated YAML content (24200 bytes)
⚠ Schema validation available but skipped (use SetSkipValidation(false) to enable)
ℹ Writing output to: .github/workflows/verbose-test.lock.yml
✓ .github/workflows/verbose-test.md
=== RUN   TestCompileWorkflow/compilation_with_engine_override
✓ .github/workflows/engine-test.md
=== RUN   TestCompileWorkflow/compilation_with_invalid_workflow_file
=== RUN   TestCompileWorkflow/compilation_with_nonexistent_file
=== RUN   TestCompileWorkflow/compilation_with_invalid_engine_override
--- PASS: TestCompileWorkflow (0.07s)
    --- PASS: TestCompileWorkflow/successful_compilation_with_valid_workflow (0.02s)
    --- PASS: TestCompileWorkflow/successful_compilation_with_verbose_mode (0.01s)
    --- PASS: TestCompileWorkflow/compilation_with_engine_override (0.02s)
    --- PASS: TestCompileWorkflow/compilation_with_invalid_workflow_file (0.00s)
    --- PASS: TestCompileWorkflow/compilation_with_nonexistent_file (0.00s)
    --- PASS: TestCompileWorkflow/compilation_with_invalid_engine_override (0.01s)
=== RUN   TestStageWorkflowChanges
=== RUN   TestStageWorkflowChanges/successful_staging_in_git_repo_with_workflows
=== RUN   TestStageWorkflowChanges/staging_works_even_without_workflows_directory
=== RUN   TestStageWorkflowChanges/staging_in_non-git_directory_falls_back_gracefully
--- PASS: TestStageWorkflowChanges (0.04s)
    --- PASS: TestStageWorkflowChanges/successful_staging_in_git_repo_with_workflows (0.03s)
    --- PASS: TestStageWorkflowChanges/staging_works_even_without_workflows_directory (0.01s)
    --- PASS: TestStageWorkflowChanges/staging_in_non-git_directory_falls_back_gracefully (0.01s)
=== RUN   TestStageGitAttributesIfChanged
=== RUN   TestStageGitAttributesIfChanged/successful_staging_in_git_repo
=== RUN   TestStageGitAttributesIfChanged/staging_without_.gitattributes_file
=== RUN   TestStageGitAttributesIfChanged/error_in_non-git_directory
--- PASS: TestStageGitAttributesIfChanged (0.01s)
    --- PASS: TestStageGitAttributesIfChanged/successful_staging_in_git_repo (0.01s)
    --- PASS: TestStageGitAttributesIfChanged/staging_without_.gitattributes_file (0.00s)
    --- PASS: TestStageGitAttributesIfChanged/error_in_non-git_directory (0.00s)
=== RUN   TestCompileWorkflowsWithWorkflowID
=== RUN   TestCompileWorkflowsWithWorkflowID/compile_with_workflow_ID_successfully_resolves_to_.md_file
✓ .github/workflows/test-workflow.md
=== RUN   TestCompileWorkflowsWithWorkflowID/compile_with_nonexistent_workflow_ID_returns_error
=== RUN   TestCompileWorkflowsWithWorkflowID/compile_with_full_path_still_works_(backward_compatibility)
✓ .github/workflows/test-workflow.md
--- PASS: TestCompileWorkflowsWithWorkflowID (0.02s)
    --- PASS: TestCompileWorkflowsWithWorkflowID/compile_with_workflow_ID_successfully_resolves_to_.md_file (0.01s)
    --- PASS: TestCompileWorkflowsWithWorkflowID/compile_with_nonexistent_workflow_ID_returns_error (0.00s)
    --- PASS: TestCompileWorkflowsWithWorkflowID/compile_with_full_path_still_works_(backward_compatibility) (0.01s)
=== RUN   TestWatchAndCompileWorkflows
=== RUN   TestWatchAndCompileWorkflows/watch_function_requires_git_repository
=== RUN   TestWatchAndCompileWorkflows/watch_function_requires_workflows_directory
=== RUN   TestWatchAndCompileWorkflows/watch_function_checks_specific_file_exists
=== RUN   TestWatchAndCompileWorkflows/watch_function_setup_with_valid_directory
Watching for file changes to /tmp/TestWatchAndCompileWorkflowswatch_function_setup_with_valid_directory1227814543/001/.github/workflows/test.md...
Press Ctrl+C to stop watching.
Watching for file changes
🔨 Initial compilation of /tmp/TestWatchAndCompileWorkflowswatch_function_setup_with_valid_directory1227814543/001/.github/workflows/test.md...
⚠ Initial compilation failed: .github/workflows/test.md:1:1: error: no frontmatter found

Recompiled
--- PASS: TestWatchAndCompileWorkflows (0.11s)
    --- PASS: TestWatchAndCompileWorkflows/watch_function_requires_git_repository (0.00s)
    --- PASS: TestWatchAndCompileWorkflows/watch_function_requires_workflows_directory (0.00s)
    --- PASS: TestWatchAndCompileWorkflows/watch_function_checks_specific_file_exists (0.00s)
    --- PASS: TestWatchAndCompileWorkflows/watch_function_setup_with_valid_directory (0.10s)
📝 Detected change: /tmp/TestWatchAndCompileWorkflowswatch_function_setup_with_valid_directory1227814543/001/.github/workflows/test.md (REMOVE)
=== RUN   TestCompileAllWorkflowFiles
=== RUN   TestCompileAllWorkflowFiles/compile_all_with_no_markdown_files
No markdown files found in /tmp/TestCompileAllWorkflowFilescompile_all_with_no_markdown_files2870771084/001/.github/workflows
=== RUN   TestCompileAllWorkflowFiles/compile_all_with_markdown_files
🔨 Compiling: /tmp/TestCompileAllWorkflowFilescompile_all_with_markdown_files2490432037/001/.github/workflows/test1.md
✓ ../../../../../../../tmp/TestCompileAllWorkflowFilescompile_all_with_markdown_files2490432037/001/.github/workflows/test1.md
✓ Compiled /tmp/TestCompileAllWorkflowFilescompile_all_with_markdown_files2490432037/001/.github/workflows/test1.md
🔨 Compiling: /tmp/TestCompileAllWorkflowFilescompile_all_with_markdown_files2490432037/001/.github/workflows/test2.md
✓ ../../../../../../../tmp/TestCompileAllWorkflowFilescompile_all_with_markdown_files2490432037/001/.github/workflows/test2.md
✓ Compiled /tmp/TestCompileAllWorkflowFilescompile_all_with_markdown_files2490432037/001/.github/workflows/test2.md
🔨 Compiling: /tmp/TestCompileAllWorkflowFilescompile_all_with_markdown_files2490432037/001/.github/workflows/test3.md
✓ ../../../../../../../tmp/TestCompileAllWorkflowFilescompile_all_with_markdown_files2490432037/001/.github/workflows/test3.md
✓ Compiled /tmp/TestCompileAllWorkflowFilescompile_all_with_markdown_files2490432037/001/.github/workflows/test3.md
=== RUN   TestCompileAllWorkflowFiles/compile_all_handles_glob_error
=== RUN   TestCompileAllWorkflowFiles/compile_all_with_compilation_errors
../../../../../../../tmp/TestCompileAllWorkflowFilescompile_all_with_compilation_errors3813780000/001/.github/workflows/invalid.md:2:12: error: frontmatter parsing failed: mapping value is not allowed in this context
>  1 | malformed: yaml: content:
                  ^
   2 |   - missing
   3 |     proper: structure
1 | malformed: yaml: content:
2 |   - missing
               ^
3 |     proper: structure

hint: check YAML syntax in frontmatter section

=== RUN   TestCompileAllWorkflowFiles/compile_all_verbose_mode
🔨 Compiling: /tmp/TestCompileAllWorkflowFilescompile_all_verbose_mode2349659261/001/.github/workflows/verbose-test.md
✓ ../../../../../../../tmp/TestCompileAllWorkflowFilescompile_all_verbose_mode2349659261/001/.github/workflows/verbose-test.md
✓ Compiled /tmp/TestCompileAllWorkflowFilescompile_all_verbose_mode2349659261/001/.github/workflows/verbose-test.md
--- PASS: TestCompileAllWorkflowFiles (0.03s)
    --- PASS: TestCompileAllWorkflowFiles/compile_all_with_no_markdown_files (0.00s)
    --- PASS: TestCompileAllWorkflowFiles/compile_all_with_markdown_files (0.02s)
    --- PASS: TestCompileAllWorkflowFiles/compile_all_handles_glob_error (0.00s)
    --- PASS: TestCompileAllWorkflowFiles/compile_all_with_compilation_errors (0.00s)
    --- PASS: TestCompileAllWorkflowFiles/compile_all_verbose_mode (0.01s)
=== RUN   TestCompileModifiedFiles
=== RUN   TestCompileModifiedFiles/compile_modified_files_basic_functionality
Watching for file changes
🔨 Compiling 1 modified file(s)...
🔨 Compiling: /tmp/TestCompileModifiedFilescompile_modified_files_basic_functionality224677155/001/.github/workflows/recent.md
✓ ../../../../../../../tmp/TestCompileModifiedFilescompile_modified_files_basic_functionality224677155/001/.github/workflows/recent.md
✓ Compiled /tmp/TestCompileModifiedFilescompile_modified_files_basic_functionality224677155/001/.github/workflows/recent.md
Recompiled
=== RUN   TestCompileModifiedFiles/compile_modified_files_with_no_files
=== RUN   TestCompileModifiedFiles/compile_modified_files_with_invalid_files
Watching for file changes
Recompiled
=== RUN   TestCompileModifiedFiles/compile_modified_files_verbose_mode
Watching for file changes
🔨 Compiling 1 modified file(s)...
🔨 Compiling: /tmp/TestCompileModifiedFilescompile_modified_files_verbose_mode164615812/001/.github/workflows/recent.md
✓ ../../../../../../../tmp/TestCompileModifiedFilescompile_modified_files_verbose_mode164615812/001/.github/workflows/recent.md
✓ Compiled /tmp/TestCompileModifiedFilescompile_modified_files_verbose_mode164615812/001/.github/workflows/recent.md
Recompiled
--- PASS: TestCompileModifiedFiles (0.02s)
    --- PASS: TestCompileModifiedFiles/compile_modified_files_basic_functionality (0.01s)
    --- PASS: TestCompileModifiedFiles/compile_modified_files_with_no_files (0.00s)
    --- PASS: TestCompileModifiedFiles/compile_modified_files_with_invalid_files (0.00s)
    --- PASS: TestCompileModifiedFiles/compile_modified_files_verbose_mode (0.01s)
=== RUN   TestHandleFileDeleted
=== RUN   TestHandleFileDeleted/handle_deleted_markdown_file
🗑️  Removed corresponding lock file: /tmp/TestHandleFileDeletedhandle_deleted_markdown_file2340600115/001/.github/workflows/deleted-workflow.lock.yml
=== RUN   TestHandleFileDeleted/handle_deleted_non-markdown_file
=== RUN   TestHandleFileDeleted/handle_deleted_file_without_corresponding_lock
=== RUN   TestHandleFileDeleted/handle_deleted_file_verbose_mode
🗑️  Removed corresponding lock file: /tmp/TestHandleFileDeletedhandle_deleted_file_verbose_mode3326261281/001/.github/workflows/verbose-test.lock.yml
=== RUN   TestHandleFileDeleted/handle_deleted_file_with_permission_error
--- PASS: TestHandleFileDeleted (0.00s)
    --- PASS: TestHandleFileDeleted/handle_deleted_markdown_file (0.00s)
    --- PASS: TestHandleFileDeleted/handle_deleted_non-markdown_file (0.00s)
    --- PASS: TestHandleFileDeleted/handle_deleted_file_without_corresponding_lock (0.00s)
    --- PASS: TestHandleFileDeleted/handle_deleted_file_verbose_mode (0.00s)
    --- PASS: TestHandleFileDeleted/handle_deleted_file_with_permission_error (0.00s)
=== RUN   TestListWorkflows
Available Agentic Engines
ID     | Display Name | Status       | MCP | HTTP Transport
------ | ------------ | ------------ | --- | --------------
claude | Claude Code  | Stable       | Yes | Yes           
codex  | Codex        | Experimental | Yes | No            
custom | Custom Steps | Stable       | No  | No            

Available workflows from packages:
==================================

Usage:
  gh aw add <workflow>      - Add workflow from any package
  gh aw add <workflow> -n <name> - Add workflow with specific name
  gh aw list --packages     - List installed packages
--- PASS: TestListWorkflows (0.00s)
=== RUN   TestListWorkflowsVerbose
🔨 Searching for available workflow components...
Available Agentic Engines
ID     | Display Name | Status       | MCP | HTTP Transport | Description                                                  
------ | ------------ | ------------ | --- | -------------- | -------------------------------------------------------------
custom | Custom Steps | Stable       | No  | No             | Executes user-defined GitHub Actions steps                   
claude | Claude Code  | Stable       | Yes | Yes            | Uses Claude Code with full MCP tool support and allow-listing
codex  | Codex        | Experimental | Yes | No             | Uses OpenAI Codex CLI with MCP server support                

Searching for workflows in local packages...
Searching for workflows in global packages...
Available workflows from packages:
==================================
Package: nonexistent/nonexistent-repo, global

Usage:
  gh aw add <workflow>      - Add workflow from any package
  gh aw add <workflow> -n <name> - Add workflow with specific name
  gh aw list --packages     - List installed packages
--- PASS: TestListWorkflowsVerbose (0.00s)
=== RUN   TestAddWorkflow
=== RUN   TestAddWorkflow/nonexistent_workflow
✗ Workflow 'nonexistent-workflow' not found.
ℹ Run 'gh aw list' to see available workflows.
ℹ For packages, use 'gh aw list --packages' to see installed packages.
=== RUN   TestAddWorkflow/empty_workflow_name
✗ No components path specified. Usage: gh aw add <name>
Available Agentic Engines
ID     | Display Name | Status       | MCP | HTTP Transport
------ | ------------ | ------------ | --- | --------------
codex  | Codex        | Experimental | Yes | No            
custom | Custom Steps | Stable       | No  | No            
claude | Claude Code  | Stable       | Yes | Yes           

Available workflows from packages:
==================================

Usage:
  gh aw add <workflow>      - Add workflow from any package
  gh aw add <workflow> -n <name> - Add workflow with specific name
  gh aw list --packages     - List installed packages
--- PASS: TestAddWorkflow (0.00s)
    --- PASS: TestAddWorkflow/nonexistent_workflow (0.00s)
    --- PASS: TestAddWorkflow/empty_workflow_name (0.00s)
=== RUN   TestAddWorkflowForce
✗ No components path specified. Usage: gh aw add <name>
Available Agentic Engines
ID     | Display Name | Status       | MCP | HTTP Transport
------ | ------------ | ------------ | --- | --------------
claude | Claude Code  | Stable       | Yes | Yes           
codex  | Codex        | Experimental | Yes | No            
custom | Custom Steps | Stable       | No  | No            

Available workflows from packages:
==================================

Usage:
  gh aw add <workflow>      - Add workflow from any package
  gh aw add <workflow> -n <name> - Add workflow with specific name
  gh aw list --packages     - List installed packages
✗ No components path specified. Usage: gh aw add <name>
Available Agentic Engines
ID     | Display Name | Status       | MCP | HTTP Transport
------ | ------------ | ------------ | --- | --------------
claude | Claude Code  | Stable       | Yes | Yes           
codex  | Codex        | Experimental | Yes | No            
custom | Custom Steps | Stable       | No  | No            

Available workflows from packages:
==================================

Usage:
  gh aw add <workflow>      - Add workflow from any package
  gh aw add <workflow> -n <name> - Add workflow with specific name
  gh aw list --packages     - List installed packages
--- PASS: TestAddWorkflowForce (0.00s)
=== RUN   TestCompileWorkflows
=== RUN   TestCompileWorkflows/nonexistent_specific_file
--- PASS: TestCompileWorkflows (0.00s)
    --- PASS: TestCompileWorkflows/nonexistent_specific_file (0.00s)
=== RUN   TestRemoveWorkflows
No .github/workflows directory found.
--- PASS: TestRemoveWorkflows (0.00s)
=== RUN   TestStatusWorkflows
no .github/workflows directory found
--- PASS: TestStatusWorkflows (0.00s)
=== RUN   TestEnableWorkflows
No workflow files found to enable.
--- PASS: TestEnableWorkflows (0.05s)
=== RUN   TestDisableWorkflows
No workflow files found to disable.
--- PASS: TestDisableWorkflows (0.05s)
=== RUN   TestRunWorkflowOnGitHub
--- PASS: TestRunWorkflowOnGitHub (0.06s)
=== RUN   TestRunWorkflowsOnGitHub
--- PASS: TestRunWorkflowsOnGitHub (0.00s)
=== RUN   TestGetLatestWorkflowRunWithTimestamp
--- PASS: TestGetLatestWorkflowRunWithTimestamp (0.07s)
=== RUN   TestAllCommandsExist
Available Agentic Engines
ID     | Display Name | Status       | MCP | HTTP Transport
------ | ------------ | ------------ | --- | --------------
custom | Custom Steps | Stable       | No  | No            
claude | Claude Code  | Stable       | Yes | Yes           
codex  | Codex        | Experimental | Yes | No            

Available workflows from packages:
==================================

Usage:
  gh aw add <workflow>      - Add workflow from any package
  gh aw add <workflow> -n <name> - Add workflow with specific name
  gh aw list --packages     - List installed packages
✗ No components path specified. Usage: gh aw add <name>
Available Agentic Engines
ID     | Display Name | Status       | MCP | HTTP Transport
------ | ------------ | ------------ | --- | --------------
claude | Claude Code  | Stable       | Yes | Yes           
codex  | Codex        | Experimental | Yes | No            
custom | Custom Steps | Stable       | No  | No            

Available workflows from packages:
==================================

Usage:
  gh aw add <workflow>      - Add workflow from any package
  gh aw add <workflow> -n <name> - Add workflow with specific name
  gh aw list --packages     - List installed packages
✓ ../../.github/workflows/example-engine-network-permissions.md
✓ ../../.github/workflows/test-claude-add-issue-comment.md
✓ ../../.github/workflows/test-claude-add-issue-labels.md
✓ ../../.github/workflows/test-claude-command.md
✓ ../../.github/workflows/test-claude-create-issue.md
✓ ../../.github/workflows/test-claude-create-pull-request-review-comment.md
✓ ../../.github/workflows/test-claude-create-pull-request.md
✓ ../../.github/workflows/test-claude-create-security-report.md
✓ ../../.github/workflows/test-claude-mcp.md
✓ ../../.github/workflows/test-claude-push-to-branch.md
✓ ../../.github/workflows/test-claude-update-issue.md
✓ ../../.github/workflows/test-codex-add-issue-comment.md
✓ ../../.github/workflows/test-codex-add-issue-labels.md
✓ ../../.github/workflows/test-codex-command.md
✓ ../../.github/workflows/test-codex-create-issue.md
✓ ../../.github/workflows/test-codex-create-pull-request-review-comment.md
✓ ../../.github/workflows/test-codex-create-pull-request.md
✓ ../../.github/workflows/test-codex-create-security-report.md
✓ ../../.github/workflows/test-codex-mcp.md
✓ ../../.github/workflows/test-codex-push-to-branch.md
✓ ../../.github/workflows/test-codex-update-issue.md
✓ ../../.github/workflows/test-proxy.md
⚠ Using experimental Custom Steps support (engine: custom)
✓ ../../.github/workflows/test-safe-outputs-custom-engine.md
No .github/workflows directory found.
no .github/workflows directory found
No workflow files found to enable.
No workflow files found to disable.
--- PASS: TestAllCommandsExist (0.24s)
=== RUN   TestAddWorkflowWithPR
    commands_test.go:278: Expected error for PR creation: working directory is not clean: working directory has uncommitted changes, please commit or stash them first
--- PASS: TestAddWorkflowWithPR (0.06s)
=== RUN   TestInstallPackage
=== RUN   TestInstallPackage/invalid_repo_spec
=== RUN   TestInstallPackage/empty_repo_spec
=== RUN   TestInstallPackage/valid_repo_spec_but_download_will_fail
Installing package: nonexistent/repo
Repository: nonexistent/repo
Version: main (default)
Installing to local packages directory: .aw/packages
Downloading workflows from nonexistent/repo/workflows...
Cloning repository: gh repo clone nonexistent/repo /tmp/gh-aw-clone-4163936770
=== RUN   TestInstallPackage/valid_repo_spec_with_version_but_download_will_fail
--- PASS: TestInstallPackage (0.11s)
    --- PASS: TestInstallPackage/invalid_repo_spec (0.00s)
    --- PASS: TestInstallPackage/empty_repo_spec (0.00s)
    --- PASS: TestInstallPackage/valid_repo_spec_but_download_will_fail (0.06s)
    --- PASS: TestInstallPackage/valid_repo_spec_with_version_but_download_will_fail (0.05s)
=== RUN   TestUninstallPackage
=== RUN   TestUninstallPackage/invalid_repo_spec
=== RUN   TestUninstallPackage/empty_repo_spec
=== RUN   TestUninstallPackage/valid_repo_spec_-_package_not_installed
Uninstalling package: nonexistent/repo
Uninstalling from local packages directory: .aw/packages
Successfully uninstalled package: nonexistent/repo
=== RUN   TestUninstallPackage/valid_repo_spec_with_version_-_package_not_installed
Successfully uninstalled package: nonexistent/repo
--- PASS: TestUninstallPackage (0.00s)
    --- PASS: TestUninstallPackage/invalid_repo_spec (0.00s)
    --- PASS: TestUninstallPackage/empty_repo_spec (0.00s)
    --- PASS: TestUninstallPackage/valid_repo_spec_-_package_not_installed (0.00s)
    --- PASS: TestUninstallPackage/valid_repo_spec_with_version_-_package_not_installed (0.00s)
=== RUN   TestListPackages
=== RUN   TestListPackages/list_local_packages
No packages installed.
Use 'gh aw install <org/repo>' to install packages.
=== RUN   TestListPackages/list_global_packages
Listing installed packages...
Looking in global packages directory: /home/runner/.aw/packages
nonexistent/nonexistent-repo (0 agentic workflows)
  Location: /home/runner/.aw/packages/nonexistent/nonexistent-repo
  Workflows:

--- PASS: TestListPackages (0.00s)
    --- PASS: TestListPackages/list_local_packages (0.00s)
    --- PASS: TestListPackages/list_global_packages (0.00s)
=== RUN   TestNewWorkflow
=== RUN   TestNewWorkflow/create_new_workflow
Created new workflow: /tmp/test-new-workflow-3244541893/.github/workflows/test-workflow.md
Edit the file to customize your workflow, then run 'gh aw compile' to generate the GitHub Actions workflow.
=== RUN   TestNewWorkflow/fail_to_overwrite_existing_workflow_without_force
=== RUN   TestNewWorkflow/overwrite_existing_workflow_with_force
Created new workflow: /tmp/test-new-workflow-3244541893/.github/workflows/force-workflow.md
Edit the file to customize your workflow, then run 'gh aw compile' to generate the GitHub Actions workflow.
--- PASS: TestNewWorkflow (0.00s)
    --- PASS: TestNewWorkflow/create_new_workflow (0.00s)
    --- PASS: TestNewWorkflow/fail_to_overwrite_existing_workflow_without_force (0.00s)
    --- PASS: TestNewWorkflow/overwrite_existing_workflow_with_force (0.00s)
=== RUN   TestSetVersionInfo
=== RUN   TestSetVersionInfo/normal_version
=== RUN   TestSetVersionInfo/empty_version
=== RUN   TestSetVersionInfo/version_with_pre-release
=== RUN   TestSetVersionInfo/version_with_build_metadata
--- PASS: TestSetVersionInfo (0.00s)
    --- PASS: TestSetVersionInfo/normal_version (0.00s)
    --- PASS: TestSetVersionInfo/empty_version (0.00s)
    --- PASS: TestSetVersionInfo/version_with_pre-release (0.00s)
    --- PASS: TestSetVersionInfo/version_with_build_metadata (0.00s)
=== RUN   TestAddWorkflowWithRepo
=== RUN   TestAddWorkflowWithRepo/empty_workflow_and_repo
✗ No components path specified. Usage: gh aw add <name>
Available Agentic Engines
ID     | Display Name | Status       | MCP | HTTP Transport
------ | ------------ | ------------ | --- | --------------
claude | Claude Code  | Stable       | Yes | Yes           
codex  | Codex        | Experimental | Yes | No            
custom | Custom Steps | Stable       | No  | No            

Available workflows from packages:
==================================

Usage:
  gh aw add <workflow>      - Add workflow from any package
  gh aw add <workflow> -n <name> - Add workflow with specific name
  gh aw list --packages     - List installed packages
=== RUN   TestAddWorkflowWithRepo/nonexistent_workflow_without_repo
✗ Workflow 'nonexistent-workflow' not found.
ℹ Run 'gh aw list' to see available workflows.
ℹ For packages, use 'gh aw list --packages' to see installed packages.
=== RUN   TestAddWorkflowWithRepo/workflow_with_invalid_repo_format
=== RUN   TestAddWorkflowWithRepo/workflow_with_nonexistent_repo
--- PASS: TestAddWorkflowWithRepo (0.05s)
    --- PASS: TestAddWorkflowWithRepo/empty_workflow_and_repo (0.00s)
    --- PASS: TestAddWorkflowWithRepo/nonexistent_workflow_without_repo (0.00s)
    --- PASS: TestAddWorkflowWithRepo/workflow_with_invalid_repo_format (0.00s)
    --- PASS: TestAddWorkflowWithRepo/workflow_with_nonexistent_repo (0.05s)
=== RUN   TestCollectIncludeDependencies
=== RUN   TestCollectIncludeDependencies/no_includes
=== RUN   TestCollectIncludeDependencies/single_include
=== RUN   TestCollectIncludeDependencies/multiple_includes
=== RUN   TestCollectIncludeDependencies/recursive_includes
=== RUN   TestCollectIncludeDependencies/section_reference
=== RUN   TestCollectIncludeDependencies/nonexistent_file
=== RUN   TestCollectIncludeDependencies/optional_include_existing
=== RUN   TestCollectIncludeDependencies/optional_include_missing
=== RUN   TestCollectIncludeDependencies/mixed_includes
--- PASS: TestCollectIncludeDependencies (0.00s)
    --- PASS: TestCollectIncludeDependencies/no_includes (0.00s)
    --- PASS: TestCollectIncludeDependencies/single_include (0.00s)
    --- PASS: TestCollectIncludeDependencies/multiple_includes (0.00s)
    --- PASS: TestCollectIncludeDependencies/recursive_includes (0.00s)
    --- PASS: TestCollectIncludeDependencies/section_reference (0.00s)
    --- PASS: TestCollectIncludeDependencies/nonexistent_file (0.00s)
    --- PASS: TestCollectIncludeDependencies/optional_include_existing (0.00s)
    --- PASS: TestCollectIncludeDependencies/optional_include_missing (0.00s)
    --- PASS: TestCollectIncludeDependencies/mixed_includes (0.00s)
=== RUN   TestCollectIncludesRecursive
=== RUN   TestCollectIncludesRecursive/no_includes
=== RUN   TestCollectIncludesRecursive/single_include
=== RUN   TestCollectIncludesRecursive/recursive_include
=== RUN   TestCollectIncludesRecursive/whitespace_handling
=== RUN   TestCollectIncludesRecursive/section_reference
--- PASS: TestCollectIncludesRecursive (0.00s)
    --- PASS: TestCollectIncludesRecursive/no_includes (0.00s)
    --- PASS: TestCollectIncludesRecursive/single_include (0.00s)
    --- PASS: TestCollectIncludesRecursive/recursive_include (0.00s)
    --- PASS: TestCollectIncludesRecursive/whitespace_handling (0.00s)
    --- PASS: TestCollectIncludesRecursive/section_reference (0.00s)
=== RUN   TestCollectIncludesRecursiveCircularReference
--- PASS: TestCollectIncludesRecursiveCircularReference (0.00s)
=== RUN   TestCleanupOrphanedIncludes
Removed orphaned include: shared/tools.md
--- PASS: TestCleanupOrphanedIncludes (0.00s)
=== RUN   TestPreviewOrphanedIncludes
--- PASS: TestPreviewOrphanedIncludes (0.00s)
=== RUN   TestRemoveWorkflowsWithNoOrphansFlag
--- PASS: TestRemoveWorkflowsWithNoOrphansFlag (0.00s)
=== RUN   TestExtractStopTimeFromLockFile
=== RUN   TestExtractStopTimeFromLockFile/valid_stop-time_in_lock_file
=== RUN   TestExtractStopTimeFromLockFile/no_stop-time_in_lock_file
=== RUN   TestExtractStopTimeFromLockFile/malformed_stop-time_line
=== RUN   TestExtractStopTimeFromLockFile/multiple_stop-time_lines_(should_get_first)
=== RUN   TestExtractStopTimeFromLockFile/non-existent_file
--- PASS: TestExtractStopTimeFromLockFile (0.00s)
    --- PASS: TestExtractStopTimeFromLockFile/valid_stop-time_in_lock_file (0.00s)
    --- PASS: TestExtractStopTimeFromLockFile/no_stop-time_in_lock_file (0.00s)
    --- PASS: TestExtractStopTimeFromLockFile/malformed_stop-time_line (0.00s)
    --- PASS: TestExtractStopTimeFromLockFile/multiple_stop-time_lines_(should_get_first) (0.00s)
    --- PASS: TestExtractStopTimeFromLockFile/non-existent_file (0.00s)
=== RUN   TestCalculateTimeRemaining
=== RUN   TestCalculateTimeRemaining/empty_stop_time
=== RUN   TestCalculateTimeRemaining/invalid_format
=== RUN   TestCalculateTimeRemaining/future_time_formatting
=== RUN   TestCalculateTimeRemaining/past_time_-_expired
--- PASS: TestCalculateTimeRemaining (0.00s)
    --- PASS: TestCalculateTimeRemaining/empty_stop_time (0.00s)
    --- PASS: TestCalculateTimeRemaining/invalid_format (0.00s)
    --- PASS: TestCalculateTimeRemaining/future_time_formatting (0.00s)
    --- PASS: TestCalculateTimeRemaining/past_time_-_expired (0.00s)
=== RUN   TestExtractWorkflowNameFromFile
=== RUN   TestExtractWorkflowNameFromFile/file_with_H1_header
=== RUN   TestExtractWorkflowNameFromFile/file_with_H1_header_with_extra_spaces
=== RUN   TestExtractWorkflowNameFromFile/file_without_H1_header_-_generates_from_filename
=== RUN   TestExtractWorkflowNameFromFile/file_with_complex_filename
=== RUN   TestExtractWorkflowNameFromFile/file_with_single_word_filename
=== RUN   TestExtractWorkflowNameFromFile/empty_file_-_generates_from_filename
--- PASS: TestExtractWorkflowNameFromFile (0.00s)
    --- PASS: TestExtractWorkflowNameFromFile/file_with_H1_header (0.00s)
    --- PASS: TestExtractWorkflowNameFromFile/file_with_H1_header_with_extra_spaces (0.00s)
    --- PASS: TestExtractWorkflowNameFromFile/file_without_H1_header_-_generates_from_filename (0.00s)
    --- PASS: TestExtractWorkflowNameFromFile/file_with_complex_filename (0.00s)
    --- PASS: TestExtractWorkflowNameFromFile/file_with_single_word_filename (0.00s)
    --- PASS: TestExtractWorkflowNameFromFile/empty_file_-_generates_from_filename (0.00s)
=== RUN   TestExtractWorkflowNameFromFile_NonExistentFile
--- PASS: TestExtractWorkflowNameFromFile_NonExistentFile (0.00s)
=== RUN   TestUpdateWorkflowTitle
=== RUN   TestUpdateWorkflowTitle/content_with_H1_header
=== RUN   TestUpdateWorkflowTitle/content_with_H1_header_with_extra_spaces
=== RUN   TestUpdateWorkflowTitle/content_without_H1_header
=== RUN   TestUpdateWorkflowTitle/empty_content
=== RUN   TestUpdateWorkflowTitle/multiple_H1_headers_-_only_first_is_modified
--- PASS: TestUpdateWorkflowTitle (0.00s)
    --- PASS: TestUpdateWorkflowTitle/content_with_H1_header (0.00s)
    --- PASS: TestUpdateWorkflowTitle/content_with_H1_header_with_extra_spaces (0.00s)
    --- PASS: TestUpdateWorkflowTitle/content_without_H1_header (0.00s)
    --- PASS: TestUpdateWorkflowTitle/empty_content (0.00s)
    --- PASS: TestUpdateWorkflowTitle/multiple_H1_headers_-_only_first_is_modified (0.00s)
=== RUN   TestIsGitRepo
--- PASS: TestIsGitRepo (0.00s)
=== RUN   TestParseRepoSpec
=== RUN   TestParseRepoSpec/simple_org/repo
=== RUN   TestParseRepoSpec/org/repo_with_version
=== RUN   TestParseRepoSpec/org/repo_with_branch
=== RUN   TestParseRepoSpec/invalid_format_-_no_slash
=== RUN   TestParseRepoSpec/invalid_format_-_empty_org
=== RUN   TestParseRepoSpec/invalid_format_-_empty_repo
=== RUN   TestParseRepoSpec/empty_repo_spec
--- PASS: TestParseRepoSpec (0.00s)
    --- PASS: TestParseRepoSpec/simple_org/repo (0.00s)
    --- PASS: TestParseRepoSpec/org/repo_with_version (0.00s)
    --- PASS: TestParseRepoSpec/org/repo_with_branch (0.00s)
    --- PASS: TestParseRepoSpec/invalid_format_-_no_slash (0.00s)
    --- PASS: TestParseRepoSpec/invalid_format_-_empty_org (0.00s)
    --- PASS: TestParseRepoSpec/invalid_format_-_empty_repo (0.00s)
    --- PASS: TestParseRepoSpec/empty_repo_spec (0.00s)
=== RUN   TestExtractWorkflowNameFromPath
=== RUN   TestExtractWorkflowNameFromPath/simple_workflow_file
=== RUN   TestExtractWorkflowNameFromPath/workflow_file_without_lock_suffix
=== RUN   TestExtractWorkflowNameFromPath/nested_path
=== RUN   TestExtractWorkflowNameFromPath/file_without_extension
=== RUN   TestExtractWorkflowNameFromPath/single_file_name
=== RUN   TestExtractWorkflowNameFromPath/file_with_multiple_dots
--- PASS: TestExtractWorkflowNameFromPath (0.00s)
    --- PASS: TestExtractWorkflowNameFromPath/simple_workflow_file (0.00s)
    --- PASS: TestExtractWorkflowNameFromPath/workflow_file_without_lock_suffix (0.00s)
    --- PASS: TestExtractWorkflowNameFromPath/nested_path (0.00s)
    --- PASS: TestExtractWorkflowNameFromPath/file_without_extension (0.00s)
    --- PASS: TestExtractWorkflowNameFromPath/single_file_name (0.00s)
    --- PASS: TestExtractWorkflowNameFromPath/file_with_multiple_dots (0.00s)
=== RUN   TestFindIncludesInContent
=== RUN   TestFindIncludesInContent/no_includes
=== RUN   TestFindIncludesInContent/single_include
=== RUN   TestFindIncludesInContent/multiple_includes
=== RUN   TestFindIncludesInContent/includes_with_different_whitespace
=== RUN   TestFindIncludesInContent/includes_with_section_references
=== RUN   TestFindIncludesInContent/empty_content
--- PASS: TestFindIncludesInContent (0.00s)
    --- PASS: TestFindIncludesInContent/no_includes (0.00s)
    --- PASS: TestFindIncludesInContent/single_include (0.00s)
    --- PASS: TestFindIncludesInContent/multiple_includes (0.00s)
    --- PASS: TestFindIncludesInContent/includes_with_different_whitespace (0.00s)
    --- PASS: TestFindIncludesInContent/includes_with_section_references (0.00s)
    --- PASS: TestFindIncludesInContent/empty_content (0.00s)
=== RUN   TestCopyMarkdownFiles
=== RUN   TestCopyMarkdownFiles/copy_single_markdown_file
=== RUN   TestCopyMarkdownFiles/copy_multiple_markdown_files
=== RUN   TestCopyMarkdownFiles/copy_markdown_files_in_subdirectories
Copying: shared/utils.md -> /tmp/TestCopyMarkdownFilescopy_markdown_files_in_subdirectories2794618777/002/shared/utils.md
Copying: workflows/daily.md -> /tmp/TestCopyMarkdownFilescopy_markdown_files_in_subdirectories2794618777/002/workflows/daily.md
Copying: workflows/weekly.md -> /tmp/TestCopyMarkdownFilescopy_markdown_files_in_subdirectories2794618777/002/workflows/weekly.md
=== RUN   TestCopyMarkdownFiles/skip_non-markdown_files
=== RUN   TestCopyMarkdownFiles/handle_empty_source_directory
=== RUN   TestCopyMarkdownFiles/copy_nested_markdown_files_with_complex_structure
--- PASS: TestCopyMarkdownFiles (0.00s)
    --- PASS: TestCopyMarkdownFiles/copy_single_markdown_file (0.00s)
    --- PASS: TestCopyMarkdownFiles/copy_multiple_markdown_files (0.00s)
    --- PASS: TestCopyMarkdownFiles/copy_markdown_files_in_subdirectories (0.00s)
    --- PASS: TestCopyMarkdownFiles/skip_non-markdown_files (0.00s)
    --- PASS: TestCopyMarkdownFiles/handle_empty_source_directory (0.00s)
    --- PASS: TestCopyMarkdownFiles/copy_nested_markdown_files_with_complex_structure (0.00s)
=== RUN   TestCopyMarkdownFiles_ErrorScenarios
=== RUN   TestCopyMarkdownFiles_ErrorScenarios/nonexistent_source_directory
=== RUN   TestCopyMarkdownFiles_ErrorScenarios/permission_denied_on_target_directory
--- PASS: TestCopyMarkdownFiles_ErrorScenarios (0.00s)
    --- PASS: TestCopyMarkdownFiles_ErrorScenarios/nonexistent_source_directory (0.00s)
    --- PASS: TestCopyMarkdownFiles_ErrorScenarios/permission_denied_on_target_directory (0.00s)
=== RUN   TestIsRunnable
=== RUN   TestIsRunnable/workflow_with_schedule_trigger
=== RUN   TestIsRunnable/workflow_with_workflow_dispatch_trigger
=== RUN   TestIsRunnable/workflow_with_both_schedule_and_workflow_dispatch
=== RUN   TestIsRunnable/workflow_with_only_push_trigger_(not_runnable)
=== RUN   TestIsRunnable/workflow_with_no_'on'_section_(defaults_to_runnable)
=== RUN   TestIsRunnable/workflow_with_cron_trigger_(alternative_schedule_format)
=== RUN   TestIsRunnable/case_insensitive_schedule_detection
=== RUN   TestIsRunnable/case_insensitive_workflow_dispatch_detection
=== RUN   TestIsRunnable/complex_on_section_with_schedule_buried_in_text
=== RUN   TestIsRunnable/empty_on_section_(not_runnable)
=== RUN   TestIsRunnable/malformed_frontmatter
=== RUN   TestIsRunnable/no_frontmatter_at_all_(defaults_to_runnable)
--- PASS: TestIsRunnable (0.00s)
    --- PASS: TestIsRunnable/workflow_with_schedule_trigger (0.00s)
    --- PASS: TestIsRunnable/workflow_with_workflow_dispatch_trigger (0.00s)
    --- PASS: TestIsRunnable/workflow_with_both_schedule_and_workflow_dispatch (0.00s)
    --- PASS: TestIsRunnable/workflow_with_only_push_trigger_(not_runnable) (0.00s)
    --- PASS: TestIsRunnable/workflow_with_no_'on'_section_(defaults_to_runnable) (0.00s)
    --- PASS: TestIsRunnable/workflow_with_cron_trigger_(alternative_schedule_format) (0.00s)
    --- PASS: TestIsRunnable/case_insensitive_schedule_detection (0.00s)
    --- PASS: TestIsRunnable/case_insensitive_workflow_dispatch_detection (0.00s)
    --- PASS: TestIsRunnable/complex_on_section_with_schedule_buried_in_text (0.00s)
    --- PASS: TestIsRunnable/empty_on_section_(not_runnable) (0.00s)
    --- PASS: TestIsRunnable/malformed_frontmatter (0.00s)
    --- PASS: TestIsRunnable/no_frontmatter_at_all_(defaults_to_runnable) (0.00s)
=== RUN   TestIsRunnable_FileErrors
=== RUN   TestIsRunnable_FileErrors/nonexistent_file
=== RUN   TestIsRunnable_FileErrors/empty_file_path
--- PASS: TestIsRunnable_FileErrors (0.00s)
    --- PASS: TestIsRunnable_FileErrors/nonexistent_file (0.00s)
    --- PASS: TestIsRunnable_FileErrors/empty_file_path (0.00s)
=== RUN   TestFindMatchingLockFile
=== RUN   TestFindMatchingLockFile/exact_suffix_match_with_underscore
=== RUN   TestFindMatchingLockFile/contains_match_when_no_suffix_match
=== RUN   TestFindMatchingLockFile/no_match_found
=== RUN   TestFindMatchingLockFile/exact_filename_match
=== RUN   TestFindMatchingLockFile/complex_workflow_name_match
=== RUN   TestFindMatchingLockFile/partial_match_at_beginning
Searching for lock files matching workflow 'daily'
Found matching lock file (suffix match): my_custom_daily.lock.yml
=== RUN   TestFindMatchingLockFile/multiple_possible_matches_-_suffix_priority
=== RUN   TestFindMatchingLockFile/case_sensitive_matching
=== RUN   TestFindMatchingLockFile/empty_workflow_name
--- PASS: TestFindMatchingLockFile (0.00s)
    --- PASS: TestFindMatchingLockFile/exact_suffix_match_with_underscore (0.00s)
    --- PASS: TestFindMatchingLockFile/contains_match_when_no_suffix_match (0.00s)
    --- PASS: TestFindMatchingLockFile/no_match_found (0.00s)
    --- PASS: TestFindMatchingLockFile/exact_filename_match (0.00s)
    --- PASS: TestFindMatchingLockFile/complex_workflow_name_match (0.00s)
    --- PASS: TestFindMatchingLockFile/partial_match_at_beginning (0.00s)
    --- PASS: TestFindMatchingLockFile/multiple_possible_matches_-_suffix_priority (0.00s)
    --- PASS: TestFindMatchingLockFile/case_sensitive_matching (0.00s)
    --- PASS: TestFindMatchingLockFile/empty_workflow_name (0.00s)
=== RUN   TestCompileIntegration
    compile_integration_test.go:170: Integration test passed - successfully compiled workflow to .github/workflows/test.lock.yml
--- PASS: TestCompileIntegration (0.55s)
=== RUN   TestCompileWithIncludeWithEmptyFrontmatterUnderPty
    compile_integration_test.go:272: Integration test passed - successfully compiled workflow to .github/workflows/test.lock.yml
--- PASS: TestCompileWithIncludeWithEmptyFrontmatterUnderPty (0.17s)
=== RUN   TestEnsureCopilotInstructions
=== RUN   TestEnsureCopilotInstructions/creates_new_copilot_instructions_file
=== RUN   TestEnsureCopilotInstructions/does_not_modify_existing_correct_file
=== RUN   TestEnsureCopilotInstructions/updates_modified_file
--- PASS: TestEnsureCopilotInstructions (0.02s)
    --- PASS: TestEnsureCopilotInstructions/creates_new_copilot_instructions_file (0.01s)
    --- PASS: TestEnsureCopilotInstructions/does_not_modify_existing_correct_file (0.01s)
    --- PASS: TestEnsureCopilotInstructions/updates_modified_file (0.01s)
=== RUN   TestEnsureCopilotInstructions_WithWriteInstructionsFalse
--- PASS: TestEnsureCopilotInstructions_WithWriteInstructionsFalse (0.00s)
=== RUN   TestFileTracker_CreationAndTracking
--- PASS: TestFileTracker_CreationAndTracking (0.01s)
=== RUN   TestFileTracker_ModifiedFiles
--- PASS: TestFileTracker_ModifiedFiles (0.01s)
=== RUN   TestFileTracker_RollbackAllFiles
--- PASS: TestFileTracker_RollbackAllFiles (0.01s)
=== RUN   TestCompileWorkflowWithTracking_SharedActions
✓ test-workflow-with-reaction.md
✓ test-workflow-without-reaction.md
--- PASS: TestCompileWorkflowWithTracking_SharedActions (0.02s)
=== RUN   TestEnsureGitAttributes
=== RUN   TestEnsureGitAttributes/creates_new_gitattributes_file
=== RUN   TestEnsureGitAttributes/adds_entry_to_existing_file
=== RUN   TestEnsureGitAttributes/does_not_duplicate_existing_entry
=== RUN   TestEnsureGitAttributes/does_not_duplicate_entry_with_different_order
=== RUN   TestEnsureGitAttributes/updates_old_format_entry
--- PASS: TestEnsureGitAttributes (0.01s)
    --- PASS: TestEnsureGitAttributes/creates_new_gitattributes_file (0.00s)
    --- PASS: TestEnsureGitAttributes/adds_entry_to_existing_file (0.00s)
    --- PASS: TestEnsureGitAttributes/does_not_duplicate_existing_entry (0.00s)
    --- PASS: TestEnsureGitAttributes/does_not_duplicate_entry_with_different_order (0.00s)
    --- PASS: TestEnsureGitAttributes/updates_old_format_entry (0.00s)
=== RUN   TestEnsureGitAttributesNotInGitRepo
--- PASS: TestEnsureGitAttributesNotInGitRepo (0.00s)
=== RUN   TestFindGitRoot
    gitroot_test.go:51: Git root found: /home/runner/work/gh-aw-copilots/gh-aw-copilots
--- PASS: TestFindGitRoot (0.00s)
=== RUN   TestExtractMissingToolsFromRun
=== RUN   TestExtractMissingToolsFromRun/single_missing_tool_in_safe_output
    logs_missing_tool_test.go:126: Expected 1 tools, got 0
=== RUN   TestExtractMissingToolsFromRun/multiple_missing_tools_in_safe_output
    logs_missing_tool_test.go:126: Expected 2 tools, got 0
=== RUN   TestExtractMissingToolsFromRun/no_missing_tools_in_safe_output
=== RUN   TestExtractMissingToolsFromRun/empty_safe_output
=== RUN   TestExtractMissingToolsFromRun/malformed_json
--- FAIL: TestExtractMissingToolsFromRun (0.00s)
    --- FAIL: TestExtractMissingToolsFromRun/single_missing_tool_in_safe_output (0.00s)
    --- FAIL: TestExtractMissingToolsFromRun/multiple_missing_tools_in_safe_output (0.00s)
    --- PASS: TestExtractMissingToolsFromRun/no_missing_tools_in_safe_output (0.00s)
    --- PASS: TestExtractMissingToolsFromRun/empty_safe_output (0.00s)
    --- PASS: TestExtractMissingToolsFromRun/malformed_json (0.00s)
=== RUN   TestDisplayMissingToolsAnalysis

🛠️  Missing Tools Summary
=======================

Tool    | Occurrences | Workflows              | First Reason           
------- | ----------- | ---------------------- | -----------------------
docker  | 2           | Workflow A, Workflow B | Containerization needed
kubectl | 1           | Workflow A             | K8s management         

📊 📊 Total: 2 unique missing tools reported 3 times across workflows

🛠️  Missing Tools Summary
=======================

Tool    | Occurrences | Workflows              | First Reason           
------- | ----------- | ---------------------- | -----------------------
docker  | 2           | Workflow A, Workflow B | Containerization needed
kubectl | 1           | Workflow A             | K8s management         

📊 📊 Total: 2 unique missing tools reported 3 times across workflows

🔍 Detailed Missing Tools Breakdown
====================================

ℹ Workflow A (Run 1001) - 2 missing tools:
  1.   • docker 🔍 - Containerization needed
     ⚠ Alternatives: VM setup
  2.   • kubectl 🔍 - K8s management

ℹ Workflow B (Run 1002) - 1 missing tools:
  1.   • docker 🔍 - Need containers for deployment
--- PASS: TestDisplayMissingToolsAnalysis (0.00s)
=== RUN   TestDisplayMissingToolsAnalysisEmpty
--- PASS: TestDisplayMissingToolsAnalysisEmpty (0.00s)
=== RUN   TestDownloadRunArtifactsParallel
--- PASS: TestDownloadRunArtifactsParallel (0.06s)
=== RUN   TestDownloadRunArtifactsParallelMaxRuns
--- PASS: TestDownloadRunArtifactsParallelMaxRuns (0.07s)
=== RUN   TestDownloadResult
--- PASS: TestDownloadResult (0.00s)
=== RUN   TestMaxConcurrentDownloads
--- PASS: TestMaxConcurrentDownloads (0.00s)
=== RUN   TestLogsPatchArtifactHandling
⚠ No engine_id found in aw_info.json
ℹ Found agentic output file: safe_output.jsonl (34 B)
ℹ Found git patch file: aw.patch (126 B)
--- PASS: TestLogsPatchArtifactHandling (0.00s)
=== RUN   TestLogsCommandHelp
--- PASS: TestLogsCommandHelp (0.00s)
=== RUN   TestDownloadWorkflowLogs
    logs_test.go:15: Skipping slow network-dependent test
--- SKIP: TestDownloadWorkflowLogs (0.00s)
=== RUN   TestFormatDuration
--- PASS: TestFormatDuration (0.00s)
=== RUN   TestFormatNumber
--- PASS: TestFormatNumber (0.00s)
=== RUN   TestParseLogFileWithoutAwInfo
--- PASS: TestParseLogFileWithoutAwInfo (0.00s)
=== RUN   TestExtractJSONMetrics
=== RUN   TestExtractJSONMetrics/Claude_streaming_format_with_usage
=== RUN   TestExtractJSONMetrics/Simple_token_count_(timestamp_ignored)
=== RUN   TestExtractJSONMetrics/Cost_information
=== RUN   TestExtractJSONMetrics/Usage_object_with_cost
=== RUN   TestExtractJSONMetrics/Claude_result_format_with_total_cost_usd
=== RUN   TestExtractJSONMetrics/Claude_result_format_with_cache_tokens
=== RUN   TestExtractJSONMetrics/Not_JSON
=== RUN   TestExtractJSONMetrics/Invalid_JSON
--- PASS: TestExtractJSONMetrics (0.00s)
    --- PASS: TestExtractJSONMetrics/Claude_streaming_format_with_usage (0.00s)
    --- PASS: TestExtractJSONMetrics/Simple_token_count_(timestamp_ignored) (0.00s)
    --- PASS: TestExtractJSONMetrics/Cost_information (0.00s)
    --- PASS: TestExtractJSONMetrics/Usage_object_with_cost (0.00s)
    --- PASS: TestExtractJSONMetrics/Claude_result_format_with_total_cost_usd (0.00s)
    --- PASS: TestExtractJSONMetrics/Claude_result_format_with_cache_tokens (0.00s)
    --- PASS: TestExtractJSONMetrics/Not_JSON (0.00s)
    --- PASS: TestExtractJSONMetrics/Invalid_JSON (0.00s)
=== RUN   TestParseLogFileWithJSON
--- PASS: TestParseLogFileWithJSON (0.00s)
=== RUN   TestConvertToInt
--- PASS: TestConvertToInt (0.00s)
=== RUN   TestConvertToFloat
--- PASS: TestConvertToFloat (0.00s)
=== RUN   TestDirExists
--- PASS: TestDirExists (0.00s)
=== RUN   TestIsDirEmpty
--- PASS: TestIsDirEmpty (0.00s)
=== RUN   TestErrNoArtifacts
--- PASS: TestErrNoArtifacts (0.00s)
=== RUN   TestListWorkflowRunsWithPagination
--- PASS: TestListWorkflowRunsWithPagination (0.04s)
=== RUN   TestIterativeAlgorithmConstants
--- PASS: TestIterativeAlgorithmConstants (0.00s)
=== RUN   TestExtractJSONCost
=== RUN   TestExtractJSONCost/total_cost_usd_field
=== RUN   TestExtractJSONCost/traditional_cost_field
=== RUN   TestExtractJSONCost/nested_billing_cost
=== RUN   TestExtractJSONCost/no_cost_fields
--- PASS: TestExtractJSONCost (0.00s)
    --- PASS: TestExtractJSONCost/total_cost_usd_field (0.00s)
    --- PASS: TestExtractJSONCost/traditional_cost_field (0.00s)
    --- PASS: TestExtractJSONCost/nested_billing_cost (0.00s)
    --- PASS: TestExtractJSONCost/no_cost_fields (0.00s)
=== RUN   TestParseLogFileWithClaudeResult
--- PASS: TestParseLogFileWithClaudeResult (0.00s)
=== RUN   TestParseLogFileWithCodexFormat
--- PASS: TestParseLogFileWithCodexFormat (0.00s)
=== RUN   TestParseLogFileWithCodexTokenSumming
--- PASS: TestParseLogFileWithCodexTokenSumming (0.00s)
=== RUN   TestParseLogFileWithMixedTokenFormats
--- PASS: TestParseLogFileWithMixedTokenFormats (0.00s)
=== RUN   TestExtractEngineFromAwInfoNestedDirectory
ℹ aw_info.json is a directory, trying nested file: /tmp/TestExtractEngineFromAwInfoNestedDirectory1968179767/001/aw_info.json/aw_info.json
--- PASS: TestExtractEngineFromAwInfoNestedDirectory (0.00s)
=== RUN   TestParseLogFileWithNonCodexTokensOnly
--- PASS: TestParseLogFileWithNonCodexTokensOnly (0.00s)
=== RUN   TestDownloadWorkflowLogsWithEngineFilter
    logs_test.go:740: Skipping slow network-dependent test
--- SKIP: TestDownloadWorkflowLogsWithEngineFilter (0.00s)
=== RUN   TestLogsCommandFlags
--- PASS: TestLogsCommandFlags (0.00s)
=== RUN   TestFormatFileSize
--- PASS: TestFormatFileSize (0.00s)
=== RUN   TestExtractLogMetricsWithAwOutputFile
ℹ Found agentic output file: safe_output.jsonl (63 B)
--- PASS: TestExtractLogMetricsWithAwOutputFile (0.00s)
=== RUN   TestInspectWorkflowMCP
=== RUN   TestInspectWorkflowMCP/list_all_workflows_with_MCP
ℹ Workflows with MCP servers:
  • test-github-only.md
  • test-http.md
  • test-stdio.md

Run 'gh aw mcp-inspect <workflow-name>' to inspect MCP servers in a specific workflow.
=== RUN   TestInspectWorkflowMCP/inspect_stdio_MCP_workflow
ℹ Found 1 MCP server(s) to inspect

📡 custom-tool stdio (cmd: python -m custom_tool)
                                                                                                                
 ╭────────────────────────────────────────────────────────────────────────────────────────────────────────────╮ 
 │                                                                                                            │ 
 │ ❌ Secret validation failed: secret 'API_KEY' validation not implemented (requires GitHub Actions context) │ 
 │                                                                                                            │ 
 ╰────────────────────────────────────────────────────────────────────────────────────────────────────────────╯ 
                                                                                                                === RUN   TestInspectWorkflowMCP/inspect_HTTP_MCP_workflow
ℹ Found 1 MCP server(s) to inspect

📡 api-server http (https://api.contoso.com/mcp)
                                                                                                                                                                                                 
 ╭─────────────────────────────────────────────────────────────────────────────────────────────────────────────────────────────────────────────────────────────────────────────────────────────╮ 
 │                                                                                                                                                                                             │ 
 │ ❌ Connection failed: failed to connect to HTTP MCP server: calling "initialize": Post "https://api.contoso.com/mcp": dial tcp: lookup api.contoso.com on 127.0.0.53:53: server misbehaving │ 
 │                                                                                                                                                                                             │ 
 ╰─────────────────────────────────────────────────────────────────────────────────────────────────────────────────────────────────────────────────────────────────────────────────────────────╯ 
                                                                                                                                                                                                 === RUN   TestInspectWorkflowMCP/inspect_GitHub_only_workflow
ℹ Found 1 MCP server(s) to inspect

📡 github docker (docker)
                                                                                                       
 ╭───────────────────────────────────────────────────────────────────────────────────────────────────╮ 
 │                                                                                                   │ 
 │ ❌ Secret validation failed: GitHub token not found in environment (set GH_TOKEN or GITHUB_TOKEN) │ 
 │                                                                                                   │ 
 ╰───────────────────────────────────────────────────────────────────────────────────────────────────╯ 
                                                                                                       === RUN   TestInspectWorkflowMCP/inspect_workflow_with_no_MCP
⚠ No MCP servers found in workflow
=== RUN   TestInspectWorkflowMCP/nonexistent_workflow
=== RUN   TestInspectWorkflowMCP/filter_specific_server
ℹ Found 1 MCP server(s) to inspect

📡 custom-tool stdio (cmd: python -m custom_tool)
                                                                                                                
 ╭────────────────────────────────────────────────────────────────────────────────────────────────────────────╮ 
 │                                                                                                            │ 
 │ ❌ Secret validation failed: secret 'API_KEY' validation not implemented (requires GitHub Actions context) │ 
 │                                                                                                            │ 
 ╰────────────────────────────────────────────────────────────────────────────────────────────────────────────╯ 
                                                                                                                === RUN   TestInspectWorkflowMCP/filter_no_matching_server
⚠ No MCP servers matching filter 'nonexistent' found in workflow
--- PASS: TestInspectWorkflowMCP (0.18s)
    --- PASS: TestInspectWorkflowMCP/list_all_workflows_with_MCP (0.06s)
    --- PASS: TestInspectWorkflowMCP/inspect_stdio_MCP_workflow (0.00s)
    --- PASS: TestInspectWorkflowMCP/inspect_HTTP_MCP_workflow (0.01s)
    --- PASS: TestInspectWorkflowMCP/inspect_GitHub_only_workflow (0.09s)
    --- PASS: TestInspectWorkflowMCP/inspect_workflow_with_no_MCP (0.01s)
    --- PASS: TestInspectWorkflowMCP/nonexistent_workflow (0.00s)
    --- PASS: TestInspectWorkflowMCP/filter_specific_server (0.00s)
    --- PASS: TestInspectWorkflowMCP/filter_no_matching_server (0.00s)
=== RUN   TestInspectWorkflowMCPWithToolFilter
=== RUN   TestInspectWorkflowMCPWithToolFilter/tool_filter_requires_server_filter
=== RUN   TestInspectWorkflowMCPWithToolFilter/tool_filter_with_server_filter
--- PASS: TestInspectWorkflowMCPWithToolFilter (0.00s)
    --- PASS: TestInspectWorkflowMCPWithToolFilter/tool_filter_requires_server_filter (0.00s)
    --- PASS: TestInspectWorkflowMCPWithToolFilter/tool_filter_with_server_filter (0.00s)
=== RUN   TestExtractMCPConfigurations
=== RUN   TestExtractMCPConfigurations/valid_stdio_MCP_config
=== RUN   TestExtractMCPConfigurations/valid_HTTP_MCP_config
=== RUN   TestExtractMCPConfigurations/GitHub_tool_only
=== RUN   TestExtractMCPConfigurations/mixed_tools_with_and_without_MCP
=== RUN   TestExtractMCPConfigurations/server_filter_applied
=== RUN   TestExtractMCPConfigurations/invalid_MCP_config_-_missing_type
=== RUN   TestExtractMCPConfigurations/invalid_MCP_config_-_invalid_type
=== RUN   TestExtractMCPConfigurations/no_tools_section
--- PASS: TestExtractMCPConfigurations (0.10s)
    --- PASS: TestExtractMCPConfigurations/valid_stdio_MCP_config (0.00s)
    --- PASS: TestExtractMCPConfigurations/valid_HTTP_MCP_config (0.00s)
    --- PASS: TestExtractMCPConfigurations/GitHub_tool_only (0.05s)
    --- PASS: TestExtractMCPConfigurations/mixed_tools_with_and_without_MCP (0.06s)
    --- PASS: TestExtractMCPConfigurations/server_filter_applied (0.00s)
    --- PASS: TestExtractMCPConfigurations/invalid_MCP_config_-_missing_type (0.00s)
    --- PASS: TestExtractMCPConfigurations/invalid_MCP_config_-_invalid_type (0.00s)
    --- PASS: TestExtractMCPConfigurations/no_tools_section (0.00s)
=== RUN   TestParseMCPConfig
=== RUN   TestParseMCPConfig/valid_stdio_config_with_command
=== RUN   TestParseMCPConfig/valid_stdio_config_with_container
=== RUN   TestParseMCPConfig/valid_HTTP_config
=== RUN   TestParseMCPConfig/JSON_string_format
=== RUN   TestParseMCPConfig/missing_type
=== RUN   TestParseMCPConfig/invalid_JSON_string
=== RUN   TestParseMCPConfig/stdio_missing_command_and_container
=== RUN   TestParseMCPConfig/http_missing_URL
--- PASS: TestParseMCPConfig (0.00s)
    --- PASS: TestParseMCPConfig/valid_stdio_config_with_command (0.00s)
    --- PASS: TestParseMCPConfig/valid_stdio_config_with_container (0.00s)
    --- PASS: TestParseMCPConfig/valid_HTTP_config (0.00s)
    --- PASS: TestParseMCPConfig/JSON_string_format (0.00s)
    --- PASS: TestParseMCPConfig/missing_type (0.00s)
    --- PASS: TestParseMCPConfig/invalid_JSON_string (0.00s)
    --- PASS: TestParseMCPConfig/stdio_missing_command_and_container (0.00s)
    --- PASS: TestParseMCPConfig/http_missing_URL (0.00s)
=== RUN   TestValidateServerSecrets
=== RUN   TestValidateServerSecrets/no_environment_variables
=== RUN   TestValidateServerSecrets/valid_environment_variable
=== RUN   TestValidateServerSecrets/missing_environment_variable
=== RUN   TestValidateServerSecrets/secrets_reference_(not_implemented)
--- PASS: TestValidateServerSecrets (0.00s)
    --- PASS: TestValidateServerSecrets/no_environment_variables (0.00s)
    --- PASS: TestValidateServerSecrets/valid_environment_variable (0.00s)
    --- PASS: TestValidateServerSecrets/missing_environment_variable (0.00s)
    --- PASS: TestValidateServerSecrets/secrets_reference_(not_implemented) (0.00s)
=== RUN   TestDisplayToolAllowanceHint
=== RUN   TestDisplayToolAllowanceHint/server_with_blocked_tools

ℹ 💡 To allow blocked tools, add them to your workflow frontmatter:

```yaml
tools:
  test-server:
    allowed:
      - tool1
      - tool2
      - tool3
      - tool4
```

ℹ 📖 For more information, see: https://github.com/githubnext/gh-aw/blob/main/docs/tools.md
=== RUN   TestDisplayToolAllowanceHint/server_with_no_allowed_list_(all_tools_allowed)

ℹ 💡 All tools are currently allowed (no 'allowed' list specified)

ℹ To restrict tools, add an 'allowed' list to your workflow frontmatter:

```yaml
tools:
  open-server:
    allowed:
      - tool1  # Allow only specific tools
      - tool2
```

ℹ 📖 For more information, see: https://github.com/githubnext/gh-aw/blob/main/docs/tools.md
=== RUN   TestDisplayToolAllowanceHint/server_with_all_tools_explicitly_allowed

✓ ✅ All available tools are explicitly allowed in your workflow

ℹ 📖 For more information, see: https://github.com/githubnext/gh-aw/blob/main/docs/tools.md
--- PASS: TestDisplayToolAllowanceHint (0.00s)
    --- PASS: TestDisplayToolAllowanceHint/server_with_blocked_tools (0.00s)
    --- PASS: TestDisplayToolAllowanceHint/server_with_no_allowed_list_(all_tools_allowed) (0.00s)
    --- PASS: TestDisplayToolAllowanceHint/server_with_all_tools_explicitly_allowed (0.00s)
FAIL
FAIL	github.com/githubnext/gh-aw/pkg/cli	2.301s
=== RUN   TestFormatCommandMessage
=== RUN   TestFormatCommandMessage/simple_command
=== RUN   TestFormatCommandMessage/complex_command_with_flags
=== RUN   TestFormatCommandMessage/empty_command
=== RUN   TestFormatCommandMessage/command_with_special_characters
=== RUN   TestFormatCommandMessage/multiline_command
--- PASS: TestFormatCommandMessage (0.00s)
    --- PASS: TestFormatCommandMessage/simple_command (0.00s)
    --- PASS: TestFormatCommandMessage/complex_command_with_flags (0.00s)
    --- PASS: TestFormatCommandMessage/empty_command (0.00s)
    --- PASS: TestFormatCommandMessage/command_with_special_characters (0.00s)
    --- PASS: TestFormatCommandMessage/multiline_command (0.00s)
=== RUN   TestFormatProgressMessage
=== RUN   TestFormatProgressMessage/simple_progress_message
=== RUN   TestFormatProgressMessage/build_progress_message
=== RUN   TestFormatProgressMessage/empty_message
=== RUN   TestFormatProgressMessage/message_with_numbers
--- PASS: TestFormatProgressMessage (0.00s)
    --- PASS: TestFormatProgressMessage/simple_progress_message (0.00s)
    --- PASS: TestFormatProgressMessage/build_progress_message (0.00s)
    --- PASS: TestFormatProgressMessage/empty_message (0.00s)
    --- PASS: TestFormatProgressMessage/message_with_numbers (0.00s)
=== RUN   TestFormatPromptMessage
=== RUN   TestFormatPromptMessage/confirmation_prompt
=== RUN   TestFormatPromptMessage/input_prompt
=== RUN   TestFormatPromptMessage/empty_prompt
--- PASS: TestFormatPromptMessage (0.00s)
    --- PASS: TestFormatPromptMessage/confirmation_prompt (0.00s)
    --- PASS: TestFormatPromptMessage/input_prompt (0.00s)
    --- PASS: TestFormatPromptMessage/empty_prompt (0.00s)
=== RUN   TestFormatCountMessage
=== RUN   TestFormatCountMessage/file_count
=== RUN   TestFormatCountMessage/zero_count
=== RUN   TestFormatCountMessage/percentage
=== RUN   TestFormatCountMessage/empty_count_message
--- PASS: TestFormatCountMessage (0.00s)
    --- PASS: TestFormatCountMessage/file_count (0.00s)
    --- PASS: TestFormatCountMessage/zero_count (0.00s)
    --- PASS: TestFormatCountMessage/percentage (0.00s)
    --- PASS: TestFormatCountMessage/empty_count_message (0.00s)
=== RUN   TestFormatVerboseMessage
=== RUN   TestFormatVerboseMessage/debug_message
=== RUN   TestFormatVerboseMessage/detailed_trace
=== RUN   TestFormatVerboseMessage/empty_verbose_message
--- PASS: TestFormatVerboseMessage (0.00s)
    --- PASS: TestFormatVerboseMessage/debug_message (0.00s)
    --- PASS: TestFormatVerboseMessage/detailed_trace (0.00s)
    --- PASS: TestFormatVerboseMessage/empty_verbose_message (0.00s)
=== RUN   TestFormatListHeader
=== RUN   TestFormatListHeader/simple_header
=== RUN   TestFormatListHeader/header_with_underscores
=== RUN   TestFormatListHeader/empty_header
=== RUN   TestFormatListHeader/header_with_numbers
--- PASS: TestFormatListHeader (0.00s)
    --- PASS: TestFormatListHeader/simple_header (0.00s)
    --- PASS: TestFormatListHeader/header_with_underscores (0.00s)
    --- PASS: TestFormatListHeader/empty_header (0.00s)
    --- PASS: TestFormatListHeader/header_with_numbers (0.00s)
=== RUN   TestFormatListItem
=== RUN   TestFormatListItem/simple_item
=== RUN   TestFormatListItem/item_with_path
=== RUN   TestFormatListItem/empty_item
=== RUN   TestFormatListItem/item_with_spaces
--- PASS: TestFormatListItem (0.00s)
    --- PASS: TestFormatListItem/simple_item (0.00s)
    --- PASS: TestFormatListItem/item_with_path (0.00s)
    --- PASS: TestFormatListItem/empty_item (0.00s)
    --- PASS: TestFormatListItem/item_with_spaces (0.00s)
=== RUN   TestFormatErrorMessage
=== RUN   TestFormatErrorMessage/simple_error
=== RUN   TestFormatErrorMessage/detailed_error
=== RUN   TestFormatErrorMessage/empty_error_message
=== RUN   TestFormatErrorMessage/error_with_code
--- PASS: TestFormatErrorMessage (0.00s)
    --- PASS: TestFormatErrorMessage/simple_error (0.00s)
    --- PASS: TestFormatErrorMessage/detailed_error (0.00s)
    --- PASS: TestFormatErrorMessage/empty_error_message (0.00s)
    --- PASS: TestFormatErrorMessage/error_with_code (0.00s)
=== RUN   TestFormattingFunctionsWithSpecialCharacters
=== RUN   TestFormattingFunctionsWithSpecialCharacters/special_characters_don't_cause_panic
--- PASS: TestFormattingFunctionsWithSpecialCharacters (0.00s)
    --- PASS: TestFormattingFunctionsWithSpecialCharacters/special_characters_don't_cause_panic (0.00s)
=== RUN   TestFormattingFunctionsWithUnicodeCharacters
=== RUN   TestFormattingFunctionsWithUnicodeCharacters/unicode_characters_handled_properly
--- PASS: TestFormattingFunctionsWithUnicodeCharacters (0.00s)
    --- PASS: TestFormattingFunctionsWithUnicodeCharacters/unicode_characters_handled_properly (0.00s)
=== RUN   TestFormatError
=== RUN   TestFormatError/basic_error_with_position
=== RUN   TestFormatError/warning_with_hint
=== RUN   TestFormatError/error_with_context
--- PASS: TestFormatError (0.00s)
    --- PASS: TestFormatError/basic_error_with_position (0.00s)
    --- PASS: TestFormatError/warning_with_hint (0.00s)
    --- PASS: TestFormatError/error_with_context (0.00s)
=== RUN   TestFormatSuccessMessage
--- PASS: TestFormatSuccessMessage (0.00s)
=== RUN   TestFormatInfoMessage
--- PASS: TestFormatInfoMessage (0.00s)
=== RUN   TestFormatWarningMessage
--- PASS: TestFormatWarningMessage (0.00s)
=== RUN   TestRenderTable
=== RUN   TestRenderTable/simple_table
=== RUN   TestRenderTable/table_with_title_and_total
=== RUN   TestRenderTable/empty_table
--- PASS: TestRenderTable (0.00s)
    --- PASS: TestRenderTable/simple_table (0.00s)
    --- PASS: TestRenderTable/table_with_title_and_total (0.00s)
    --- PASS: TestRenderTable/empty_table (0.00s)
=== RUN   TestFormatLocationMessage
--- PASS: TestFormatLocationMessage (0.00s)
=== RUN   TestToRelativePath
=== RUN   TestToRelativePath/relative_path_unchanged
=== RUN   TestToRelativePath/nested_relative_path_unchanged
=== RUN   TestToRelativePath/absolute_path_converted_to_relative
--- PASS: TestToRelativePath (0.00s)
    --- PASS: TestToRelativePath/relative_path_unchanged (0.00s)
    --- PASS: TestToRelativePath/nested_relative_path_unchanged (0.00s)
    --- PASS: TestToRelativePath/absolute_path_converted_to_relative (0.00s)
=== RUN   TestFormatErrorWithAbsolutePaths
--- PASS: TestFormatErrorWithAbsolutePaths (0.00s)
=== RUN   TestNewSpinner
--- PASS: TestNewSpinner (0.01s)
=== RUN   TestSpinnerUpdateMessage
--- PASS: TestSpinnerUpdateMessage (0.00s)
=== RUN   TestSpinnerIsEnabled
--- PASS: TestSpinnerIsEnabled (0.00s)
PASS
ok  	github.com/githubnext/gh-aw/pkg/console	(cached)
?   	github.com/githubnext/gh-aw/pkg/constants	[no test files]
=== RUN   TestMergeMCPTools
=== RUN   TestMergeMCPTools/merge_with_empty_existing_map
=== RUN   TestMergeMCPTools/merge_with_empty_new_map
=== RUN   TestMergeMCPTools/merge_with_different_servers
=== RUN   TestMergeMCPTools/merge_server_config_with_conflicts
=== RUN   TestMergeMCPTools/conflict_detection_for_non-allowed_properties
=== RUN   TestMergeMCPTools/merge_with_new_server_only
=== RUN   TestMergeMCPTools/merge_with_nil_allowed_arrays_-_conflicts
=== RUN   TestMergeMCPTools/merge_with_non-array_allowed_values
=== RUN   TestMergeMCPTools/merge_with_duplicate_values_causes_conflict
=== RUN   TestMergeMCPTools/both_maps_nil
=== RUN   TestMergeMCPTools/existing_nil,_new_has_content
=== RUN   TestMergeMCPTools/new_nil,_existing_has_content
--- PASS: TestMergeMCPTools (0.00s)
    --- PASS: TestMergeMCPTools/merge_with_empty_existing_map (0.00s)
    --- PASS: TestMergeMCPTools/merge_with_empty_new_map (0.00s)
    --- PASS: TestMergeMCPTools/merge_with_different_servers (0.00s)
    --- PASS: TestMergeMCPTools/merge_server_config_with_conflicts (0.00s)
    --- PASS: TestMergeMCPTools/conflict_detection_for_non-allowed_properties (0.00s)
    --- PASS: TestMergeMCPTools/merge_with_new_server_only (0.00s)
    --- PASS: TestMergeMCPTools/merge_with_nil_allowed_arrays_-_conflicts (0.00s)
    --- PASS: TestMergeMCPTools/merge_with_non-array_allowed_values (0.00s)
    --- PASS: TestMergeMCPTools/merge_with_duplicate_values_causes_conflict (0.00s)
    --- PASS: TestMergeMCPTools/both_maps_nil (0.00s)
    --- PASS: TestMergeMCPTools/existing_nil,_new_has_content (0.00s)
    --- PASS: TestMergeMCPTools/new_nil,_existing_has_content (0.00s)
=== RUN   TestMergeAllowedArrays
=== RUN   TestMergeAllowedArrays/merge_with_no_overlap
=== RUN   TestMergeAllowedArrays/merge_with_overlap
=== RUN   TestMergeAllowedArrays/merge_with_empty_existing
=== RUN   TestMergeAllowedArrays/merge_with_empty_new
=== RUN   TestMergeAllowedArrays/merge_with_both_empty
=== RUN   TestMergeAllowedArrays/merge_with_duplicates_in_input
=== RUN   TestMergeAllowedArrays/merge_with_nil_arrays
=== RUN   TestMergeAllowedArrays/merge_with_non-string_values_(should_be_converted)
--- PASS: TestMergeAllowedArrays (0.00s)
    --- PASS: TestMergeAllowedArrays/merge_with_no_overlap (0.00s)
    --- PASS: TestMergeAllowedArrays/merge_with_overlap (0.00s)
    --- PASS: TestMergeAllowedArrays/merge_with_empty_existing (0.00s)
    --- PASS: TestMergeAllowedArrays/merge_with_empty_new (0.00s)
    --- PASS: TestMergeAllowedArrays/merge_with_both_empty (0.00s)
    --- PASS: TestMergeAllowedArrays/merge_with_duplicates_in_input (0.00s)
    --- PASS: TestMergeAllowedArrays/merge_with_nil_arrays (0.00s)
    --- PASS: TestMergeAllowedArrays/merge_with_non-string_values_(should_be_converted) (0.00s)
=== RUN   TestFrontmatterSyntaxErrors
=== RUN   TestFrontmatterSyntaxErrors/missing_colon_in_mapping
    frontmatter_syntax_errors_test.go:364: ✓ Missing colon in YAML mapping: Line 3, Column 1, Error: non-map value is specified
           1 | name: Test Workflow
        >  2 | on push
               ^
           3 | permissions: read
=== RUN   TestFrontmatterSyntaxErrors/invalid_indentation
    frontmatter_syntax_errors_test.go:364: ✓ Invalid indentation in nested YAML structure: Line 6, Column 3, Error: non-map value is specified
           4 |  null
        >  5 |   - main
                 ^
           6 | permissions: read
=== RUN   TestFrontmatterSyntaxErrors/duplicate_keys
    frontmatter_syntax_errors_test.go:364: ✓ Duplicate keys in YAML frontmatter: Line 4, Column 1, Error: mapping key "name" already defined at [1:1]
           1 | name: Test Workflow
           2 | on: push
        >  3 | name: Duplicate Name
               ^
           4 | permissions: read
=== RUN   TestFrontmatterSyntaxErrors/unclosed_bracket_in_array
    frontmatter_syntax_errors_test.go:364: ✓ Unclosed bracket in YAML array: Line 6, Column 1, Error: ',' or ']' must be specified
           2 | on:
           3 |   push:
           4 |     branches: [main, dev
        >  5 | permissions: read
               ^
=== RUN   TestFrontmatterSyntaxErrors/unclosed_brace_in_object
    frontmatter_syntax_errors_test.go:364: ✓ Unclosed brace in YAML object: Line 5, Column 1, Error: ',' or ']' must be specified
           1 | name: Test Workflow
           2 | on:
           3 |   push: {branches: [main], types: [opened
        >  4 | permissions: read
               ^
=== RUN   TestFrontmatterSyntaxErrors/invalid_yaml_character
    frontmatter_syntax_errors_test.go:364: ✓ Invalid character that cannot start YAML token: Line 3, Column 5, Error: '@' is a reserved character
           1 | name: Test Workflow
        >  2 | on: @invalid_character
                   ^
           3 | permissions: read
=== RUN   TestFrontmatterSyntaxErrors/malformed_string_quotes
    frontmatter_syntax_errors_test.go:364: ✓ Malformed string quotes in YAML: Line 2, Column 7, Error: could not find end character of double-quoted text
        >  1 | name: "Test Workflow
           2 | on: push
           3 | permissions: read
                     ^
=== RUN   TestFrontmatterSyntaxErrors/invalid_boolean_value
    frontmatter_syntax_errors_test.go:393: ✓ Invalid boolean value in YAML (may parse as string): Successfully parsed (no syntax error as expected)
=== RUN   TestFrontmatterSyntaxErrors/missing_value_after_colon
    frontmatter_syntax_errors_test.go:393: ✓ Missing value after colon in YAML mapping (parses as null): Successfully parsed (no syntax error as expected)
=== RUN   TestFrontmatterSyntaxErrors/invalid_list_structure
    frontmatter_syntax_errors_test.go:393: ✓ Invalid list structure mixing plain and dash syntax (may be accepted): Successfully parsed (no syntax error as expected)
=== RUN   TestFrontmatterSyntaxErrors/unexpected_end_of_stream
    frontmatter_syntax_errors_test.go:364: ✓ Unexpected end of stream in YAML: Line 5, Column 15, Error: sequence end token ']' not found
           1 | name: Test Workflow
           2 | on:
           3 |   push:
        >  4 |     branches: [
                             ^
=== RUN   TestFrontmatterSyntaxErrors/invalid_escape_sequence
    frontmatter_syntax_errors_test.go:364: ✓ Invalid escape sequence in YAML string: Line 3, Column 32, Error: found unknown escape character 'z'
           1 | name: Test Workflow
        >  2 | description: "Invalid escape: \z"
                                              ^
           3 | on: push
           4 | permissions: read
=== RUN   TestFrontmatterSyntaxErrors/mixed_tab_and_space_indentation
    frontmatter_syntax_errors_test.go:364: ✓ Mixed tab and space indentation in YAML: Line 5, Column 1, Error: found character '	' that cannot start any token
           1 | name: Test Workflow
           2 | on:
           3 |   push:
        >  4 | 	branches:
               ^
           5 | 	  - main
           6 | permissions: read
=== RUN   TestFrontmatterSyntaxErrors/anchor_without_alias
    frontmatter_syntax_errors_test.go:364: ✓ Reference to undefined YAML anchor: Line 6, Column 8, Error: could not find alias "missing_anchor"
           2 | defaults: &default_settings
           3 |   timeout: 30
           4 | on: push
        >  5 | job1: *missing_anchor
                      ^
           6 | permissions: read
=== RUN   TestFrontmatterSyntaxErrors/complex_nested_structure_error
    frontmatter_syntax_errors_test.go:364: ✓ Complex nested structure with missing closing bracket: Line 11, Column 5, Error: ',' or ']' must be specified
           7 |       - "src/**"
           8 |   pull_request:
           9 |     types: [opened, synchronize
        > 10 |     branches: [main]
                   ^
          11 | jobs:
          12 |   test:
          13 |     runs-on: ubuntu-latest
          14 |
=== RUN   TestFrontmatterSyntaxErrors/invalid_multiline_string
    frontmatter_syntax_errors_test.go:393: ✓ Invalid multiline string structure in YAML (may be accepted): Successfully parsed (no syntax error as expected)
=== RUN   TestFrontmatterSyntaxErrors/schema_validation_error_unknown_field
    frontmatter_syntax_errors_test.go:393: ✓ Schema validation error with unknown fields (may not cause parse error): Successfully parsed (no syntax error as expected)
--- PASS: TestFrontmatterSyntaxErrors (0.01s)
    --- PASS: TestFrontmatterSyntaxErrors/missing_colon_in_mapping (0.00s)
    --- PASS: TestFrontmatterSyntaxErrors/invalid_indentation (0.00s)
    --- PASS: TestFrontmatterSyntaxErrors/duplicate_keys (0.00s)
    --- PASS: TestFrontmatterSyntaxErrors/unclosed_bracket_in_array (0.00s)
    --- PASS: TestFrontmatterSyntaxErrors/unclosed_brace_in_object (0.00s)
    --- PASS: TestFrontmatterSyntaxErrors/invalid_yaml_character (0.00s)
    --- PASS: TestFrontmatterSyntaxErrors/malformed_string_quotes (0.00s)
    --- PASS: TestFrontmatterSyntaxErrors/invalid_boolean_value (0.00s)
    --- PASS: TestFrontmatterSyntaxErrors/missing_value_after_colon (0.00s)
    --- PASS: TestFrontmatterSyntaxErrors/invalid_list_structure (0.00s)
    --- PASS: TestFrontmatterSyntaxErrors/unexpected_end_of_stream (0.00s)
    --- PASS: TestFrontmatterSyntaxErrors/invalid_escape_sequence (0.00s)
    --- PASS: TestFrontmatterSyntaxErrors/mixed_tab_and_space_indentation (0.00s)
    --- PASS: TestFrontmatterSyntaxErrors/anchor_without_alias (0.00s)
    --- PASS: TestFrontmatterSyntaxErrors/complex_nested_structure_error (0.00s)
    --- PASS: TestFrontmatterSyntaxErrors/invalid_multiline_string (0.00s)
    --- PASS: TestFrontmatterSyntaxErrors/schema_validation_error_unknown_field (0.00s)
=== RUN   TestFrontmatterParsingWithRealGoccyErrors
=== RUN   TestFrontmatterParsingWithRealGoccyErrors/real_mapping_error
    frontmatter_syntax_errors_test.go:491: Goccy Error for Real mapping syntax error that goccy should catch with precise location:
    frontmatter_syntax_errors_test.go:492:   Original Error: failed to parse frontmatter: [3:1] non-map value is specified
           1 | name: Test
           2 | on: push
        >  3 | invalid syntax here
               ^
           4 | permissions: read
    frontmatter_syntax_errors_test.go:493:   Parsed Location: Line 4, Column 1
    frontmatter_syntax_errors_test.go:494:   Parsed Message: non-map value is specified
           1 | name: Test
           2 | on: push
        >  3 | invalid syntax here
               ^
           4 | permissions: read
    frontmatter_syntax_errors_test.go:512: ✓ Using goccy native [line:column] format for Real mapping syntax error that goccy should catch with precise location
=== RUN   TestFrontmatterParsingWithRealGoccyErrors/real_indentation_error
    frontmatter_syntax_errors_test.go:483: ✓ Real indentation error that may not cause parse error: Parsed successfully (may not be an error)
=== RUN   TestFrontmatterParsingWithRealGoccyErrors/real_array_error
    frontmatter_syntax_errors_test.go:491: Goccy Error for Real array syntax error that goccy should catch with precise location:
    frontmatter_syntax_errors_test.go:492:   Original Error: failed to parse frontmatter: [5:1] ',' or ']' must be specified
           2 | on:
           3 |   push:
           4 |     branches: [main, dev, feature/test
        >  5 | permissions: read
               ^
    frontmatter_syntax_errors_test.go:493:   Parsed Location: Line 6, Column 1
    frontmatter_syntax_errors_test.go:494:   Parsed Message: ',' or ']' must be specified
           2 | on:
           3 |   push:
           4 |     branches: [main, dev, feature/test
        >  5 | permissions: read
               ^
    frontmatter_syntax_errors_test.go:512: ✓ Using goccy native [line:column] format for Real array syntax error that goccy should catch with precise location
=== RUN   TestFrontmatterParsingWithRealGoccyErrors/real_string_error
    frontmatter_syntax_errors_test.go:491: Goccy Error for Real string syntax error that goccy should catch with precise location:
    frontmatter_syntax_errors_test.go:492:   Original Error: failed to parse frontmatter: [1:7] could not find end character of double-quoted text
        >  1 | name: "Unterminated string
           2 | on: push
           3 | permissions: read
                     ^
    frontmatter_syntax_errors_test.go:493:   Parsed Location: Line 2, Column 7
    frontmatter_syntax_errors_test.go:494:   Parsed Message: could not find end character of double-quoted text
        >  1 | name: "Unterminated string
           2 | on: push
           3 | permissions: read
                     ^
    frontmatter_syntax_errors_test.go:512: ✓ Using goccy native [line:column] format for Real string syntax error that goccy should catch with precise location
=== RUN   TestFrontmatterParsingWithRealGoccyErrors/real_complex_structure_error
    frontmatter_syntax_errors_test.go:491: Goccy Error for Real complex structure error that goccy should catch with precise location:
    frontmatter_syntax_errors_test.go:492:   Original Error: failed to parse frontmatter: [16:1] ',' or ']' must be specified
          13 |         default: 'staging'
          14 |         type: choice
          15 |         options: [staging, production
        > 16 | jobs:
               ^
          17 |   deploy:
          18 |     runs-on: ubuntu-latest
    frontmatter_syntax_errors_test.go:493:   Parsed Location: Line 17, Column 1
    frontmatter_syntax_errors_test.go:494:   Parsed Message: ',' or ']' must be specified
          13 |         default: 'staging'
          14 |         type: choice
          15 |         options: [staging, production
        > 16 | jobs:
               ^
          17 |   deploy:
          18 |     runs-on: ubuntu-latest
    frontmatter_syntax_errors_test.go:512: ✓ Using goccy native [line:column] format for Real complex structure error that goccy should catch with precise location
--- PASS: TestFrontmatterParsingWithRealGoccyErrors (0.00s)
    --- PASS: TestFrontmatterParsingWithRealGoccyErrors/real_mapping_error (0.00s)
    --- PASS: TestFrontmatterParsingWithRealGoccyErrors/real_indentation_error (0.00s)
    --- PASS: TestFrontmatterParsingWithRealGoccyErrors/real_array_error (0.00s)
    --- PASS: TestFrontmatterParsingWithRealGoccyErrors/real_string_error (0.00s)
    --- PASS: TestFrontmatterParsingWithRealGoccyErrors/real_complex_structure_error (0.00s)
=== RUN   TestFrontmatterErrorContextExtraction
    frontmatter_syntax_errors_test.go:562: ℹ No frontmatter context available (expected for parse errors)
    frontmatter_syntax_errors_test.go:581: ✓ Formatted error:
        test.md:6:3: error: frontmatter parsing failed: ',' or ']' must be specified
           2 | on:
           3 |   push:
           4 |     branches: [main, dev
        >  5 |   pull_request:
                 ^
           6 |     types: [opened]
           7 | permissions: read
           8 | jobs:
    frontmatter_syntax_errors_test.go:584: Error details: Line 6, Column 3, Message: ',' or ']' must be specified
           2 | on:
           3 |   push:
           4 |     branches: [main, dev
        >  5 |   pull_request:
                 ^
           6 |     types: [opened]
           7 | permissions: read
           8 | jobs:
--- PASS: TestFrontmatterErrorContextExtraction (0.00s)
=== RUN   TestFrontmatterSyntaxErrorBoundaryConditions
=== RUN   TestFrontmatterSyntaxErrorBoundaryConditions/minimal_invalid_frontmatter
    frontmatter_syntax_errors_test.go:680: ✓ Minimal invalid frontmatter with just a colon: Line 0, Column 0, Error: failed to parse frontmatter: [1:1] unexpected key name
        >  1 | :
               ^
=== RUN   TestFrontmatterSyntaxErrorBoundaryConditions/empty_frontmatter_with_error
    frontmatter_syntax_errors_test.go:685: ✓ Empty frontmatter should not cause parse error: Parsed successfully as expected
=== RUN   TestFrontmatterSyntaxErrorBoundaryConditions/very_long_line_with_error
    frontmatter_syntax_errors_test.go:680: ✓ Very long line with syntax error: Line 3, Column 28, Error: mapping value is not allowed in this context
           1 | name: Test
        >  2 | very_long_line_with_error: aaaaaaaaaaaaaaaaaaaaaaaaaaaaaaaaaaaaaaaaaaaaaaaaaaaaaaaaaaaaaaaaaaaaaaaaaaaaaaaaaaaaaaaaaaaaaaaaaaaaaaaaaaaaaaaaaaaaaaaaaaaaaaaaaaaaaaaaaaaaaaaaaaaaaaaaaaaaaaaaaaaaaaaaaaaaaaaaaaaaaaaaaaaaaaaaaaaaaaaaaaaaaaaaaaaaaaaaaaaaaaaaaaaaaaaaaaaaaaaaaaaaaaaaaaaaaaaaaaaaaaaaaaaaaaaaaaaaaaaaaaaaaaaaaaaaaaaaaaaaaaaaaaaaaaaaaaaaaaaaaaaaaaaaaaaaaaaaaaaaaaaaaaaaaaaaaaaaaaaaaaaaaaaaaaaaaaaaaaaaaaaaaaaaaaaaaaaaaaaaaaaaaaaaaaaaaaaaaaaaaaaaaaaaaaaaaaaaaaaaaaaaaaaaaaaaaaaaaaaaaaaaaaaaaaaaaaaaaaaaaaaaaaaaaaaaaaaaaaaaaaaaaaaaaaaaaaaaaaaaaaaaaaaaaaaaaaaaaaaaaaaaaaaaaaaaaaaaaaaaaaaaaaaaaaaaaaaaaaaaaaaaaaaaaaaaaaaaaaaaaaaaaaaaaaaaaaaaaaaaaaaaaaaaaaaaaaaaaaaaaaaaaaaaaaaaaaaaaaaaaaaaaaaaaaaaaaaaaaaaaaaaaaaaaaaaaaaaaaaaaaaaaaaaaaaaaaaaaaaaaaaaaaaaaaaaaaaaaaaaaaaaaaaaaaaaaaaaaaaaaaaaaaaaaaaaaaaaaaaaaaaaaaaaaaaaaaaaaaaaaaaaaaaaaaaaaaaaaaaaaaaaaaaaaaaaaaaaaaaaaaaaaaaaaaaaaaaaaaaaaaaaaaaaaaaaaaaaaaaaaaaaaaaaaaaaaaaaaaaaaaaaaaaaaaaaaaaaaaaaaaaaaaaaaaaaaaaaaaaaaaaaaaaaaaaaaaaaaaaaaaaaaaaaaaaaaaaaaaaaaaaaaaaaaaaaaaaaaaaa invalid: syntax
                                          ^
           3 | permissions: read
=== RUN   TestFrontmatterSyntaxErrorBoundaryConditions/unicode_content_with_error
    frontmatter_syntax_errors_test.go:680: ✓ Unicode content with syntax error: Line 4, Column 1, Error: non-map value is specified
           1 | name: "测试工作流 🚀"
           2 | description: "这是一个测试"
        >  3 | invalid_syntax_here
               ^
           4 | on: push
           5 | permissions: read
=== RUN   TestFrontmatterSyntaxErrorBoundaryConditions/deeply_nested_error
    frontmatter_syntax_errors_test.go:680: ✓ Deeply nested structure with syntax error: Line 16, Column 13, Error: non-map value is specified
          12 |         exclude:
          13 |           - os: windows
          14 |             node: 14
        > 15 |             invalid syntax here
                           ^
          16 | permissions: read
--- PASS: TestFrontmatterSyntaxErrorBoundaryConditions (0.00s)
    --- PASS: TestFrontmatterSyntaxErrorBoundaryConditions/minimal_invalid_frontmatter (0.00s)
    --- PASS: TestFrontmatterSyntaxErrorBoundaryConditions/empty_frontmatter_with_error (0.00s)
    --- PASS: TestFrontmatterSyntaxErrorBoundaryConditions/very_long_line_with_error (0.00s)
    --- PASS: TestFrontmatterSyntaxErrorBoundaryConditions/unicode_content_with_error (0.00s)
    --- PASS: TestFrontmatterSyntaxErrorBoundaryConditions/deeply_nested_error (0.00s)
=== RUN   TestExtractFrontmatterFromContent
=== RUN   TestExtractFrontmatterFromContent/valid_frontmatter_and_markdown
=== RUN   TestExtractFrontmatterFromContent/no_frontmatter
=== RUN   TestExtractFrontmatterFromContent/empty_frontmatter
=== RUN   TestExtractFrontmatterFromContent/unclosed_frontmatter
--- PASS: TestExtractFrontmatterFromContent (0.00s)
    --- PASS: TestExtractFrontmatterFromContent/valid_frontmatter_and_markdown (0.00s)
    --- PASS: TestExtractFrontmatterFromContent/no_frontmatter (0.00s)
    --- PASS: TestExtractFrontmatterFromContent/empty_frontmatter (0.00s)
    --- PASS: TestExtractFrontmatterFromContent/unclosed_frontmatter (0.00s)
=== RUN   TestExtractYamlChunk
=== RUN   TestExtractYamlChunk/simple_key-value
=== RUN   TestExtractYamlChunk/nested_structure
=== RUN   TestExtractYamlChunk/deeply_nested_structure
=== RUN   TestExtractYamlChunk/key_not_found
=== RUN   TestExtractYamlChunk/empty_yaml
=== RUN   TestExtractYamlChunk/empty_key
--- PASS: TestExtractYamlChunk (0.00s)
    --- PASS: TestExtractYamlChunk/simple_key-value (0.00s)
    --- PASS: TestExtractYamlChunk/nested_structure (0.00s)
    --- PASS: TestExtractYamlChunk/deeply_nested_structure (0.00s)
    --- PASS: TestExtractYamlChunk/key_not_found (0.00s)
    --- PASS: TestExtractYamlChunk/empty_yaml (0.00s)
    --- PASS: TestExtractYamlChunk/empty_key (0.00s)
=== RUN   TestExtractMarkdownSection
=== RUN   TestExtractMarkdownSection/basic_H1_section
=== RUN   TestExtractMarkdownSection/H2_section
=== RUN   TestExtractMarkdownSection/nested_sections
=== RUN   TestExtractMarkdownSection/section_not_found
--- PASS: TestExtractMarkdownSection (0.00s)
    --- PASS: TestExtractMarkdownSection/basic_H1_section (0.00s)
    --- PASS: TestExtractMarkdownSection/H2_section (0.00s)
    --- PASS: TestExtractMarkdownSection/nested_sections (0.00s)
    --- PASS: TestExtractMarkdownSection/section_not_found (0.00s)
=== RUN   TestGenerateDefaultWorkflowName
=== RUN   TestGenerateDefaultWorkflowName/simple_filename
=== RUN   TestGenerateDefaultWorkflowName/multiple_hyphens
=== RUN   TestGenerateDefaultWorkflowName/full_path
=== RUN   TestGenerateDefaultWorkflowName/no_extension
=== RUN   TestGenerateDefaultWorkflowName/single_word
--- PASS: TestGenerateDefaultWorkflowName (0.00s)
    --- PASS: TestGenerateDefaultWorkflowName/simple_filename (0.00s)
    --- PASS: TestGenerateDefaultWorkflowName/multiple_hyphens (0.00s)
    --- PASS: TestGenerateDefaultWorkflowName/full_path (0.00s)
    --- PASS: TestGenerateDefaultWorkflowName/no_extension (0.00s)
    --- PASS: TestGenerateDefaultWorkflowName/single_word (0.00s)
=== RUN   TestExtractFrontmatterString
=== RUN   TestExtractFrontmatterString/valid_frontmatter
=== RUN   TestExtractFrontmatterString/no_frontmatter
--- PASS: TestExtractFrontmatterString (0.00s)
    --- PASS: TestExtractFrontmatterString/valid_frontmatter (0.00s)
    --- PASS: TestExtractFrontmatterString/no_frontmatter (0.00s)
=== RUN   TestExtractMarkdownContent
=== RUN   TestExtractMarkdownContent/with_frontmatter
=== RUN   TestExtractMarkdownContent/no_frontmatter
--- PASS: TestExtractMarkdownContent (0.00s)
    --- PASS: TestExtractMarkdownContent/with_frontmatter (0.00s)
    --- PASS: TestExtractMarkdownContent/no_frontmatter (0.00s)
=== RUN   TestProcessIncludes
=== RUN   TestProcessIncludes/no_includes
=== RUN   TestProcessIncludes/simple_include
=== RUN   TestProcessIncludes/extract_tools
=== RUN   TestProcessIncludes/file_not_found
=== RUN   TestProcessIncludes/include_file_with_extra_newlines
=== RUN   TestProcessIncludes/invalid_frontmatter_in_included_file
⚠ Ignoring unexpected frontmatter fields in /tmp/test_includes1486115217/invalid.md: title, on
--- PASS: TestProcessIncludes (0.01s)
    --- PASS: TestProcessIncludes/no_includes (0.00s)
    --- PASS: TestProcessIncludes/simple_include (0.00s)
    --- PASS: TestProcessIncludes/extract_tools (0.00s)
    --- PASS: TestProcessIncludes/file_not_found (0.00s)
    --- PASS: TestProcessIncludes/include_file_with_extra_newlines (0.00s)
    --- PASS: TestProcessIncludes/invalid_frontmatter_in_included_file (0.00s)
=== RUN   TestIsUnderWorkflowsDirectory
=== RUN   TestIsUnderWorkflowsDirectory/file_under_.github/workflows
=== RUN   TestIsUnderWorkflowsDirectory/file_under_.github/workflows_subdirectory
=== RUN   TestIsUnderWorkflowsDirectory/file_outside_.github/workflows
=== RUN   TestIsUnderWorkflowsDirectory/file_in_.github_but_not_workflows
=== RUN   TestIsUnderWorkflowsDirectory/relative_path_under_workflows
=== RUN   TestIsUnderWorkflowsDirectory/relative_path_outside_workflows
--- PASS: TestIsUnderWorkflowsDirectory (0.00s)
    --- PASS: TestIsUnderWorkflowsDirectory/file_under_.github/workflows (0.00s)
    --- PASS: TestIsUnderWorkflowsDirectory/file_under_.github/workflows_subdirectory (0.00s)
    --- PASS: TestIsUnderWorkflowsDirectory/file_outside_.github/workflows (0.00s)
    --- PASS: TestIsUnderWorkflowsDirectory/file_in_.github_but_not_workflows (0.00s)
    --- PASS: TestIsUnderWorkflowsDirectory/relative_path_under_workflows (0.00s)
    --- PASS: TestIsUnderWorkflowsDirectory/relative_path_outside_workflows (0.00s)
=== RUN   TestProcessIncludesConditionalValidation
=== RUN   TestProcessIncludesConditionalValidation/valid_workflow_file_inclusion
=== RUN   TestProcessIncludesConditionalValidation/invalid_workflow_file_inclusion_should_fail
=== RUN   TestProcessIncludesConditionalValidation/invalid_non-workflow_file_inclusion_should_succeed_with_warnings
⚠ Ignoring unexpected frontmatter fields in /tmp/test_conditional_validation1963349499/docs/invalid-external.md: title, on
=== RUN   TestProcessIncludesConditionalValidation/copilot_instructions_file_inclusion_should_succeed
⚠ Ignoring unexpected frontmatter fields in /tmp/test_conditional_validation1963349499/docs/copilot-instructions.md: description, applyTo, temperature
=== RUN   TestProcessIncludesConditionalValidation/plain_markdown_file_inclusion_should_succeed
=== RUN   TestProcessIncludesConditionalValidation/extract_tools_from_valid_workflow_file
=== RUN   TestProcessIncludesConditionalValidation/extract_tools_from_copilot_file
⚠ Ignoring unexpected frontmatter fields in /tmp/test_conditional_validation1963349499/docs/copilot-instructions.md: description, applyTo, temperature
=== RUN   TestProcessIncludesConditionalValidation/extract_tools_from_plain_file_(no_tools)
--- PASS: TestProcessIncludesConditionalValidation (0.01s)
    --- PASS: TestProcessIncludesConditionalValidation/valid_workflow_file_inclusion (0.00s)
    --- PASS: TestProcessIncludesConditionalValidation/invalid_workflow_file_inclusion_should_fail (0.00s)
    --- PASS: TestProcessIncludesConditionalValidation/invalid_non-workflow_file_inclusion_should_succeed_with_warnings (0.00s)
    --- PASS: TestProcessIncludesConditionalValidation/copilot_instructions_file_inclusion_should_succeed (0.00s)
    --- PASS: TestProcessIncludesConditionalValidation/plain_markdown_file_inclusion_should_succeed (0.00s)
    --- PASS: TestProcessIncludesConditionalValidation/extract_tools_from_valid_workflow_file (0.00s)
    --- PASS: TestProcessIncludesConditionalValidation/extract_tools_from_copilot_file (0.00s)
    --- PASS: TestProcessIncludesConditionalValidation/extract_tools_from_plain_file_(no_tools) (0.00s)
=== RUN   TestResolveIncludePath
=== RUN   TestResolveIncludePath/regular_relative_path
=== RUN   TestResolveIncludePath/regular_file_not_found
--- PASS: TestResolveIncludePath (0.00s)
    --- PASS: TestResolveIncludePath/regular_relative_path (0.00s)
    --- PASS: TestResolveIncludePath/regular_file_not_found (0.00s)
=== RUN   TestMergeTools
=== RUN   TestMergeTools/merge_with_allowed_arrays
=== RUN   TestMergeTools/new_tool_added
=== RUN   TestMergeTools/empty_base
=== RUN   TestMergeTools/merge_claude_section_tools_(new_format)
=== RUN   TestMergeTools/merge_nested_Bash_tools_under_claude_section_(new_format)
=== RUN   TestMergeTools/merge_mcp_tools_with_wildcard_allowed
--- PASS: TestMergeTools (0.00s)
    --- PASS: TestMergeTools/merge_with_allowed_arrays (0.00s)
    --- PASS: TestMergeTools/new_tool_added (0.00s)
    --- PASS: TestMergeTools/empty_base (0.00s)
    --- PASS: TestMergeTools/merge_claude_section_tools_(new_format) (0.00s)
    --- PASS: TestMergeTools/merge_nested_Bash_tools_under_claude_section_(new_format) (0.00s)
    --- PASS: TestMergeTools/merge_mcp_tools_with_wildcard_allowed (0.00s)
=== RUN   TestExpandIncludes
=== RUN   TestExpandIncludes/expand_markdown_content
=== RUN   TestExpandIncludes/expand_tools
--- PASS: TestExpandIncludes (0.01s)
    --- PASS: TestExpandIncludes/expand_markdown_content (0.00s)
    --- PASS: TestExpandIncludes/expand_tools (0.00s)
=== RUN   TestExtractWorkflowNameFromMarkdown
=== RUN   TestExtractWorkflowNameFromMarkdown/file_with_H1_header
=== RUN   TestExtractWorkflowNameFromMarkdown/file_without_H1_header
=== RUN   TestExtractWorkflowNameFromMarkdown/file_with_multiple_H1_headers
=== RUN   TestExtractWorkflowNameFromMarkdown/file_with_only_frontmatter
=== RUN   TestExtractWorkflowNameFromMarkdown/file_with_H1_and_extra_spaces
=== RUN   TestExtractWorkflowNameFromMarkdown/nonexistent_file
--- PASS: TestExtractWorkflowNameFromMarkdown (0.00s)
    --- PASS: TestExtractWorkflowNameFromMarkdown/file_with_H1_header (0.00s)
    --- PASS: TestExtractWorkflowNameFromMarkdown/file_without_H1_header (0.00s)
    --- PASS: TestExtractWorkflowNameFromMarkdown/file_with_multiple_H1_headers (0.00s)
    --- PASS: TestExtractWorkflowNameFromMarkdown/file_with_only_frontmatter (0.00s)
    --- PASS: TestExtractWorkflowNameFromMarkdown/file_with_H1_and_extra_spaces (0.00s)
    --- PASS: TestExtractWorkflowNameFromMarkdown/nonexistent_file (0.00s)
=== RUN   TestExtractMarkdown
=== RUN   TestExtractMarkdown/file_with_frontmatter
=== RUN   TestExtractMarkdown/file_without_frontmatter
=== RUN   TestExtractMarkdown/empty_file
=== RUN   TestExtractMarkdown/file_with_only_frontmatter
=== RUN   TestExtractMarkdown/nonexistent_file
--- PASS: TestExtractMarkdown (0.00s)
    --- PASS: TestExtractMarkdown/file_with_frontmatter (0.00s)
    --- PASS: TestExtractMarkdown/file_without_frontmatter (0.00s)
    --- PASS: TestExtractMarkdown/empty_file (0.00s)
    --- PASS: TestExtractMarkdown/file_with_only_frontmatter (0.00s)
    --- PASS: TestExtractMarkdown/nonexistent_file (0.00s)
=== RUN   TestMergeToolsFromJSON
=== RUN   TestMergeToolsFromJSON/single_valid_JSON_object
=== RUN   TestMergeToolsFromJSON/multiple_JSON_objects_on_separate_lines
=== RUN   TestMergeToolsFromJSON/empty_content
=== RUN   TestMergeToolsFromJSON/empty_JSON_objects
=== RUN   TestMergeToolsFromJSON/whitespace_only
=== RUN   TestMergeToolsFromJSON/mixed_empty_and_non-empty_objects
=== RUN   TestMergeToolsFromJSON/objects_with_overlapping_keys
=== RUN   TestMergeToolsFromJSON/invalid_JSON
--- PASS: TestMergeToolsFromJSON (0.00s)
    --- PASS: TestMergeToolsFromJSON/single_valid_JSON_object (0.00s)
    --- PASS: TestMergeToolsFromJSON/multiple_JSON_objects_on_separate_lines (0.00s)
    --- PASS: TestMergeToolsFromJSON/empty_content (0.00s)
    --- PASS: TestMergeToolsFromJSON/empty_JSON_objects (0.00s)
    --- PASS: TestMergeToolsFromJSON/whitespace_only (0.00s)
    --- PASS: TestMergeToolsFromJSON/mixed_empty_and_non-empty_objects (0.00s)
    --- PASS: TestMergeToolsFromJSON/objects_with_overlapping_keys (0.00s)
    --- PASS: TestMergeToolsFromJSON/invalid_JSON (0.00s)
=== RUN   TestStripANSI
=== RUN   TestStripANSI/empty_string
=== RUN   TestStripANSI/plain_text_without_ANSI
=== RUN   TestStripANSI/simple_CSI_color_sequence
=== RUN   TestStripANSI/multiple_CSI_sequences
=== RUN   TestStripANSI/CSI_cursor_movement
=== RUN   TestStripANSI/CSI_erase_sequences
=== RUN   TestStripANSI/OSC_sequence_with_BEL_terminator
=== RUN   TestStripANSI/OSC_sequence_with_ST_terminator
=== RUN   TestStripANSI/character_set_selection_G0
=== RUN   TestStripANSI/character_set_selection_G1
=== RUN   TestStripANSI/keypad_mode_sequences
=== RUN   TestStripANSI/reset_sequence
=== RUN   TestStripANSI/save_and_restore_cursor
=== RUN   TestStripANSI/index_and_reverse_index
=== RUN   TestStripANSI/next_line_and_horizontal_tab_set
=== RUN   TestStripANSI/complex_CSI_with_parameters
=== RUN   TestStripANSI/CSI_with_semicolon_parameters
=== RUN   TestStripANSI/malformed_escape_at_end
=== RUN   TestStripANSI/malformed_CSI_at_end
=== RUN   TestStripANSI/malformed_OSC_at_end
=== RUN   TestStripANSI/escape_followed_by_invalid_character
=== RUN   TestStripANSI/consecutive_escapes
=== RUN   TestStripANSI/mixed_content_with_newlines
=== RUN   TestStripANSI/common_terminal_output
=== RUN   TestStripANSI/git_diff_style_colors
=== RUN   TestStripANSI/unicode_content_with_ANSI
=== RUN   TestStripANSI/very_long_CSI_sequence
=== RUN   TestStripANSI/CSI_with_question_mark_private_parameter
=== RUN   TestStripANSI/CSI_with_greater_than_private_parameter
=== RUN   TestStripANSI/all_final_CSI_characters_test
=== RUN   TestStripANSI/CSI_with_invalid_final_character
=== RUN   TestStripANSI/real_world_lipgloss_output
--- PASS: TestStripANSI (0.00s)
    --- PASS: TestStripANSI/empty_string (0.00s)
    --- PASS: TestStripANSI/plain_text_without_ANSI (0.00s)
    --- PASS: TestStripANSI/simple_CSI_color_sequence (0.00s)
    --- PASS: TestStripANSI/multiple_CSI_sequences (0.00s)
    --- PASS: TestStripANSI/CSI_cursor_movement (0.00s)
    --- PASS: TestStripANSI/CSI_erase_sequences (0.00s)
    --- PASS: TestStripANSI/OSC_sequence_with_BEL_terminator (0.00s)
    --- PASS: TestStripANSI/OSC_sequence_with_ST_terminator (0.00s)
    --- PASS: TestStripANSI/character_set_selection_G0 (0.00s)
    --- PASS: TestStripANSI/character_set_selection_G1 (0.00s)
    --- PASS: TestStripANSI/keypad_mode_sequences (0.00s)
    --- PASS: TestStripANSI/reset_sequence (0.00s)
    --- PASS: TestStripANSI/save_and_restore_cursor (0.00s)
    --- PASS: TestStripANSI/index_and_reverse_index (0.00s)
    --- PASS: TestStripANSI/next_line_and_horizontal_tab_set (0.00s)
    --- PASS: TestStripANSI/complex_CSI_with_parameters (0.00s)
    --- PASS: TestStripANSI/CSI_with_semicolon_parameters (0.00s)
    --- PASS: TestStripANSI/malformed_escape_at_end (0.00s)
    --- PASS: TestStripANSI/malformed_CSI_at_end (0.00s)
    --- PASS: TestStripANSI/malformed_OSC_at_end (0.00s)
    --- PASS: TestStripANSI/escape_followed_by_invalid_character (0.00s)
    --- PASS: TestStripANSI/consecutive_escapes (0.00s)
    --- PASS: TestStripANSI/mixed_content_with_newlines (0.00s)
    --- PASS: TestStripANSI/common_terminal_output (0.00s)
    --- PASS: TestStripANSI/git_diff_style_colors (0.00s)
    --- PASS: TestStripANSI/unicode_content_with_ANSI (0.00s)
    --- PASS: TestStripANSI/very_long_CSI_sequence (0.00s)
    --- PASS: TestStripANSI/CSI_with_question_mark_private_parameter (0.00s)
    --- PASS: TestStripANSI/CSI_with_greater_than_private_parameter (0.00s)
    --- PASS: TestStripANSI/all_final_CSI_characters_test (0.00s)
    --- PASS: TestStripANSI/CSI_with_invalid_final_character (0.00s)
    --- PASS: TestStripANSI/real_world_lipgloss_output (0.00s)
=== RUN   TestIsCSIParameterChar
=== RUN   TestIsCSIParameterChar/0_(0x30)
=== RUN   TestIsCSIParameterChar/9_(0x39)
=== RUN   TestIsCSIParameterChar/;_(0x3B)
=== RUN   TestIsCSIParameterChar/?_(0x3F)
=== RUN   TestIsCSIParameterChar/space_(0x20)
=== RUN   TestIsCSIParameterChar/!_(0x21)
=== RUN   TestIsCSIParameterChar//_(0x2F)
=== RUN   TestIsCSIParameterChar/tab_(0x09)
=== RUN   TestIsCSIParameterChar/newline_(0x0A)
=== RUN   TestIsCSIParameterChar/null_(0x00)
=== RUN   TestIsCSIParameterChar/@_(0x40)
=== RUN   TestIsCSIParameterChar/A_(0x41)
=== RUN   TestIsCSIParameterChar/m_(0x6D)
=== RUN   TestIsCSIParameterChar/~_(0x7E)
=== RUN   TestIsCSIParameterChar/DEL_(0x7F)
--- PASS: TestIsCSIParameterChar (0.00s)
    --- PASS: TestIsCSIParameterChar/0_(0x30) (0.00s)
    --- PASS: TestIsCSIParameterChar/9_(0x39) (0.00s)
    --- PASS: TestIsCSIParameterChar/;_(0x3B) (0.00s)
    --- PASS: TestIsCSIParameterChar/?_(0x3F) (0.00s)
    --- PASS: TestIsCSIParameterChar/space_(0x20) (0.00s)
    --- PASS: TestIsCSIParameterChar/!_(0x21) (0.00s)
    --- PASS: TestIsCSIParameterChar//_(0x2F) (0.00s)
    --- PASS: TestIsCSIParameterChar/tab_(0x09) (0.00s)
    --- PASS: TestIsCSIParameterChar/newline_(0x0A) (0.00s)
    --- PASS: TestIsCSIParameterChar/null_(0x00) (0.00s)
    --- PASS: TestIsCSIParameterChar/@_(0x40) (0.00s)
    --- PASS: TestIsCSIParameterChar/A_(0x41) (0.00s)
    --- PASS: TestIsCSIParameterChar/m_(0x6D) (0.00s)
    --- PASS: TestIsCSIParameterChar/~_(0x7E) (0.00s)
    --- PASS: TestIsCSIParameterChar/DEL_(0x7F) (0.00s)
=== RUN   TestIsFinalCSIChar
=== RUN   TestIsFinalCSIChar/@_(0x40)
=== RUN   TestIsFinalCSIChar/A_(0x41)
=== RUN   TestIsFinalCSIChar/Z_(0x5A)
=== RUN   TestIsFinalCSIChar/a_(0x61)
=== RUN   TestIsFinalCSIChar/m_(0x6D)
=== RUN   TestIsFinalCSIChar/~_(0x7E)
=== RUN   TestIsFinalCSIChar/space_(0x20)
=== RUN   TestIsFinalCSIChar/0_(0x30)
=== RUN   TestIsFinalCSIChar/9_(0x39)
=== RUN   TestIsFinalCSIChar/;_(0x3B)
=== RUN   TestIsFinalCSIChar/?_(0x3F)
=== RUN   TestIsFinalCSIChar/DEL_(0x7F)
=== RUN   TestIsFinalCSIChar/high_byte_(0x80)
=== RUN   TestIsFinalCSIChar/high_byte_(0xFF)
--- PASS: TestIsFinalCSIChar (0.00s)
    --- PASS: TestIsFinalCSIChar/@_(0x40) (0.00s)
    --- PASS: TestIsFinalCSIChar/A_(0x41) (0.00s)
    --- PASS: TestIsFinalCSIChar/Z_(0x5A) (0.00s)
    --- PASS: TestIsFinalCSIChar/a_(0x61) (0.00s)
    --- PASS: TestIsFinalCSIChar/m_(0x6D) (0.00s)
    --- PASS: TestIsFinalCSIChar/~_(0x7E) (0.00s)
    --- PASS: TestIsFinalCSIChar/space_(0x20) (0.00s)
    --- PASS: TestIsFinalCSIChar/0_(0x30) (0.00s)
    --- PASS: TestIsFinalCSIChar/9_(0x39) (0.00s)
    --- PASS: TestIsFinalCSIChar/;_(0x3B) (0.00s)
    --- PASS: TestIsFinalCSIChar/?_(0x3F) (0.00s)
    --- PASS: TestIsFinalCSIChar/DEL_(0x7F) (0.00s)
    --- PASS: TestIsFinalCSIChar/high_byte_(0x80) (0.00s)
    --- PASS: TestIsFinalCSIChar/high_byte_(0xFF) (0.00s)
=== RUN   TestProcessIncludesOptional
=== RUN   TestProcessIncludesOptional/regular_include_existing_file
=== RUN   TestProcessIncludesOptional/regular_include_missing_file
=== RUN   TestProcessIncludesOptional/optional_include_existing_file
=== RUN   TestProcessIncludesOptional/optional_include_missing_file
ℹ Optional include file not found: missing.md. You can create this file to configure the workflow.
=== RUN   TestProcessIncludesOptional/optional_include_missing_file_extract_tools
=== RUN   TestProcessIncludesOptional/regular_include_missing_file_extract_tools
--- PASS: TestProcessIncludesOptional (0.00s)
    --- PASS: TestProcessIncludesOptional/regular_include_existing_file (0.00s)
    --- PASS: TestProcessIncludesOptional/regular_include_missing_file (0.00s)
    --- PASS: TestProcessIncludesOptional/optional_include_existing_file (0.00s)
    --- PASS: TestProcessIncludesOptional/optional_include_missing_file (0.00s)
    --- PASS: TestProcessIncludesOptional/optional_include_missing_file_extract_tools (0.00s)
    --- PASS: TestProcessIncludesOptional/regular_include_missing_file_extract_tools (0.00s)
=== RUN   TestFrontmatterLocationIntegration
    integration_test.go:57: Error message: ../../../../../../../tmp/test_frontmatter_location.md:6:1: error: at '': additional properties 'another_bad_prop', 'invalid_property' not allowed
         2 | ---
         3 | name: Test Workflow
         4 | on: push
         5 | permissions:
         6 |   contents: read
             ^
         7 | invalid_property: value
         8 | another_bad_prop: bad_value
         9 | engine: claude
        10 | ---
        
        hint: Check the YAML frontmatter against the schema requirements
--- PASS: TestFrontmatterLocationIntegration (0.00s)
=== RUN   TestFrontmatterOffsetCalculation
    integration_test.go:113: Error message with offset: ../../../../../../../tmp/test_frontmatter_offset.md:3:1: error: at '': additional properties 'invalid_prop' not allowed
        1 | ---
        2 | name: Test Workflow
        3 | invalid_prop: bad
            ^
        4 | ---
        
        hint: Check the YAML frontmatter against the schema requirements
--- PASS: TestFrontmatterOffsetCalculation (0.00s)
=== RUN   TestImprovementComparison
    integration_test.go:154: Improvement demonstrated: Old=(Line:1, Column:1) -> New=(Line:3, Column:1)
--- PASS: TestImprovementComparison (0.00s)
=== RUN   TestExtractAdditionalPropertyNames
=== RUN   TestExtractAdditionalPropertyNames/single_additional_property
=== RUN   TestExtractAdditionalPropertyNames/multiple_additional_properties
=== RUN   TestExtractAdditionalPropertyNames/single_property_with_different_format
=== RUN   TestExtractAdditionalPropertyNames/no_additional_properties_in_message
=== RUN   TestExtractAdditionalPropertyNames/empty_message
=== RUN   TestExtractAdditionalPropertyNames/complex_property_names
--- PASS: TestExtractAdditionalPropertyNames (0.00s)
    --- PASS: TestExtractAdditionalPropertyNames/single_additional_property (0.00s)
    --- PASS: TestExtractAdditionalPropertyNames/multiple_additional_properties (0.00s)
    --- PASS: TestExtractAdditionalPropertyNames/single_property_with_different_format (0.00s)
    --- PASS: TestExtractAdditionalPropertyNames/no_additional_properties_in_message (0.00s)
    --- PASS: TestExtractAdditionalPropertyNames/empty_message (0.00s)
    --- PASS: TestExtractAdditionalPropertyNames/complex_property_names (0.00s)
=== RUN   TestFindFirstAdditionalProperty
=== RUN   TestFindFirstAdditionalProperty/find_first_property
=== RUN   TestFindFirstAdditionalProperty/find_second_property_when_first_not_found
=== RUN   TestFindFirstAdditionalProperty/property_not_found
=== RUN   TestFindFirstAdditionalProperty/nested_property_found
=== RUN   TestFindFirstAdditionalProperty/empty_property_list
--- PASS: TestFindFirstAdditionalProperty (0.00s)
    --- PASS: TestFindFirstAdditionalProperty/find_first_property (0.00s)
    --- PASS: TestFindFirstAdditionalProperty/find_second_property_when_first_not_found (0.00s)
    --- PASS: TestFindFirstAdditionalProperty/property_not_found (0.00s)
    --- PASS: TestFindFirstAdditionalProperty/nested_property_found (0.00s)
    --- PASS: TestFindFirstAdditionalProperty/empty_property_list (0.00s)
=== RUN   TestLocateJSONPathInYAMLWithAdditionalProperties
=== RUN   TestLocateJSONPathInYAMLWithAdditionalProperties/empty_path_with_additional_properties
=== RUN   TestLocateJSONPathInYAMLWithAdditionalProperties/empty_path_with_single_additional_property
=== RUN   TestLocateJSONPathInYAMLWithAdditionalProperties/empty_path_without_additional_properties_message
=== RUN   TestLocateJSONPathInYAMLWithAdditionalProperties/non-empty_path_should_use_regular_logic
--- PASS: TestLocateJSONPathInYAMLWithAdditionalProperties (0.00s)
    --- PASS: TestLocateJSONPathInYAMLWithAdditionalProperties/empty_path_with_additional_properties (0.00s)
    --- PASS: TestLocateJSONPathInYAMLWithAdditionalProperties/empty_path_with_single_additional_property (0.00s)
    --- PASS: TestLocateJSONPathInYAMLWithAdditionalProperties/empty_path_without_additional_properties_message (0.00s)
    --- PASS: TestLocateJSONPathInYAMLWithAdditionalProperties/non-empty_path_should_use_regular_logic (0.00s)
=== RUN   TestLocateJSONPathInYAMLWithAdditionalPropertiesNested
=== RUN   TestLocateJSONPathInYAMLWithAdditionalPropertiesNested/nested_additional_property_under_'on'
=== RUN   TestLocateJSONPathInYAMLWithAdditionalPropertiesNested/nested_additional_property_under_'permissions'
=== RUN   TestLocateJSONPathInYAMLWithAdditionalPropertiesNested/deeply_nested_additional_property
=== RUN   TestLocateJSONPathInYAMLWithAdditionalPropertiesNested/multiple_additional_properties_-_should_find_first
=== RUN   TestLocateJSONPathInYAMLWithAdditionalPropertiesNested/non-existent_path_with_additional_properties
=== RUN   TestLocateJSONPathInYAMLWithAdditionalPropertiesNested/nested_path_without_additional_properties_error
--- PASS: TestLocateJSONPathInYAMLWithAdditionalPropertiesNested (0.00s)
    --- PASS: TestLocateJSONPathInYAMLWithAdditionalPropertiesNested/nested_additional_property_under_'on' (0.00s)
    --- PASS: TestLocateJSONPathInYAMLWithAdditionalPropertiesNested/nested_additional_property_under_'permissions' (0.00s)
    --- PASS: TestLocateJSONPathInYAMLWithAdditionalPropertiesNested/deeply_nested_additional_property (0.00s)
    --- PASS: TestLocateJSONPathInYAMLWithAdditionalPropertiesNested/multiple_additional_properties_-_should_find_first (0.00s)
    --- PASS: TestLocateJSONPathInYAMLWithAdditionalPropertiesNested/non-existent_path_with_additional_properties (0.00s)
    --- PASS: TestLocateJSONPathInYAMLWithAdditionalPropertiesNested/nested_path_without_additional_properties_error (0.00s)
=== RUN   TestNestedSearchOptimization
=== RUN   TestNestedSearchOptimization/find_additional_property_in_'on'_section_-_should_not_find_global_properties
=== RUN   TestNestedSearchOptimization/find_additional_property_in_'permissions'_section_-_should_not_find_on.invalid_trigger
=== RUN   TestNestedSearchOptimization/find_additional_property_in_deeply_nested_structure
--- PASS: TestNestedSearchOptimization (0.00s)
    --- PASS: TestNestedSearchOptimization/find_additional_property_in_'on'_section_-_should_not_find_global_properties (0.00s)
    --- PASS: TestNestedSearchOptimization/find_additional_property_in_'permissions'_section_-_should_not_find_on.invalid_trigger (0.00s)
    --- PASS: TestNestedSearchOptimization/find_additional_property_in_deeply_nested_structure (0.00s)
=== RUN   TestFindFrontmatterBounds
=== RUN   TestFindFrontmatterBounds/normal_frontmatter
=== RUN   TestFindFrontmatterBounds/frontmatter_with_comments_before
=== RUN   TestFindFrontmatterBounds/no_frontmatter
=== RUN   TestFindFrontmatterBounds/incomplete_frontmatter_(no_closing)
=== RUN   TestFindFrontmatterBounds/empty_frontmatter
--- PASS: TestFindFrontmatterBounds (0.00s)
    --- PASS: TestFindFrontmatterBounds/normal_frontmatter (0.00s)
    --- PASS: TestFindFrontmatterBounds/frontmatter_with_comments_before (0.00s)
    --- PASS: TestFindFrontmatterBounds/no_frontmatter (0.00s)
    --- PASS: TestFindFrontmatterBounds/incomplete_frontmatter_(no_closing) (0.00s)
    --- PASS: TestFindFrontmatterBounds/empty_frontmatter (0.00s)
=== RUN   TestLocateJSONPathInYAML
=== RUN   TestLocateJSONPathInYAML/root_level
=== RUN   TestLocateJSONPathInYAML/simple_key
=== RUN   TestLocateJSONPathInYAML/simple_key_-_age
=== RUN   TestLocateJSONPathInYAML/array_element
=== RUN   TestLocateJSONPathInYAML/nested_in_array_element
=== RUN   TestLocateJSONPathInYAML/nested_object_key
=== RUN   TestLocateJSONPathInYAML/invalid_path
--- PASS: TestLocateJSONPathInYAML (0.00s)
    --- PASS: TestLocateJSONPathInYAML/root_level (0.00s)
    --- PASS: TestLocateJSONPathInYAML/simple_key (0.00s)
    --- PASS: TestLocateJSONPathInYAML/simple_key_-_age (0.00s)
    --- PASS: TestLocateJSONPathInYAML/array_element (0.00s)
    --- PASS: TestLocateJSONPathInYAML/nested_in_array_element (0.00s)
    --- PASS: TestLocateJSONPathInYAML/nested_object_key (0.00s)
    --- PASS: TestLocateJSONPathInYAML/invalid_path (0.00s)
=== RUN   TestExtractJSONPathFromValidationError
    json_path_locator_test.go:170: Found expected path: /age with message: at '/age': got string, want number
    json_path_locator_test.go:170: Found expected path: /tools/1 with message: at '/tools/1': missing property 'name'
    json_path_locator_test.go:170: Found expected path:  with message: at '': additional properties 'invalid_key' not allowed
--- PASS: TestExtractJSONPathFromValidationError (0.00s)
=== RUN   TestParseJSONPath
=== RUN   TestParseJSONPath/empty_path
=== RUN   TestParseJSONPath/root_path
=== RUN   TestParseJSONPath/simple_key
=== RUN   TestParseJSONPath/array_index
=== RUN   TestParseJSONPath/complex_path
--- PASS: TestParseJSONPath (0.00s)
    --- PASS: TestParseJSONPath/empty_path (0.00s)
    --- PASS: TestParseJSONPath/root_path (0.00s)
    --- PASS: TestParseJSONPath/simple_key (0.00s)
    --- PASS: TestParseJSONPath/array_index (0.00s)
    --- PASS: TestParseJSONPath/complex_path (0.00s)
=== RUN   TestExtractMCPConfigurations
=== RUN   TestExtractMCPConfigurations/Empty_frontmatter
=== RUN   TestExtractMCPConfigurations/No_tools_section
=== RUN   TestExtractMCPConfigurations/GitHub_tool_default_configuration
=== RUN   TestExtractMCPConfigurations/GitHub_tool_with_custom_configuration
=== RUN   TestExtractMCPConfigurations/Custom_MCP_server_with_stdio_type
=== RUN   TestExtractMCPConfigurations/Custom_MCP_server_with_container
=== RUN   TestExtractMCPConfigurations/HTTP_MCP_server
=== RUN   TestExtractMCPConfigurations/MCP_config_as_JSON_string
=== RUN   TestExtractMCPConfigurations/Server_filter_-_matching
=== RUN   TestExtractMCPConfigurations/Server_filter_-_no_match
=== RUN   TestExtractMCPConfigurations/Non-MCP_tool_ignored
=== RUN   TestExtractMCPConfigurations/Invalid_tools_section
=== RUN   TestExtractMCPConfigurations/Invalid_MCP_config
--- PASS: TestExtractMCPConfigurations (0.36s)
    --- PASS: TestExtractMCPConfigurations/Empty_frontmatter (0.00s)
    --- PASS: TestExtractMCPConfigurations/No_tools_section (0.00s)
    --- PASS: TestExtractMCPConfigurations/GitHub_tool_default_configuration (0.21s)
    --- PASS: TestExtractMCPConfigurations/GitHub_tool_with_custom_configuration (0.09s)
    --- PASS: TestExtractMCPConfigurations/Custom_MCP_server_with_stdio_type (0.00s)
    --- PASS: TestExtractMCPConfigurations/Custom_MCP_server_with_container (0.00s)
    --- PASS: TestExtractMCPConfigurations/HTTP_MCP_server (0.00s)
    --- PASS: TestExtractMCPConfigurations/MCP_config_as_JSON_string (0.00s)
    --- PASS: TestExtractMCPConfigurations/Server_filter_-_matching (0.06s)
    --- PASS: TestExtractMCPConfigurations/Server_filter_-_no_match (0.00s)
    --- PASS: TestExtractMCPConfigurations/Non-MCP_tool_ignored (0.00s)
    --- PASS: TestExtractMCPConfigurations/Invalid_tools_section (0.00s)
    --- PASS: TestExtractMCPConfigurations/Invalid_MCP_config (0.00s)
=== RUN   TestParseMCPConfig
=== RUN   TestParseMCPConfig/Stdio_with_command_and_args
=== RUN   TestParseMCPConfig/Stdio_with_container
=== RUN   TestParseMCPConfig/HTTP_server
=== RUN   TestParseMCPConfig/With_allowed_tools
=== RUN   TestParseMCPConfig/JSON_string_config
=== RUN   TestParseMCPConfig/Stdio_with_environment_variables
=== RUN   TestParseMCPConfig/Missing_type_field
=== RUN   TestParseMCPConfig/Invalid_type
=== RUN   TestParseMCPConfig/Unsupported_type
=== RUN   TestParseMCPConfig/Stdio_missing_command_and_container
=== RUN   TestParseMCPConfig/HTTP_missing_URL
=== RUN   TestParseMCPConfig/Invalid_JSON_string
=== RUN   TestParseMCPConfig/Invalid_config_format
=== RUN   TestParseMCPConfig/Invalid_command_type
=== RUN   TestParseMCPConfig/Invalid_URL_type
--- PASS: TestParseMCPConfig (0.00s)
    --- PASS: TestParseMCPConfig/Stdio_with_command_and_args (0.00s)
    --- PASS: TestParseMCPConfig/Stdio_with_container (0.00s)
    --- PASS: TestParseMCPConfig/HTTP_server (0.00s)
    --- PASS: TestParseMCPConfig/With_allowed_tools (0.00s)
    --- PASS: TestParseMCPConfig/JSON_string_config (0.00s)
    --- PASS: TestParseMCPConfig/Stdio_with_environment_variables (0.00s)
    --- PASS: TestParseMCPConfig/Missing_type_field (0.00s)
    --- PASS: TestParseMCPConfig/Invalid_type (0.00s)
    --- PASS: TestParseMCPConfig/Unsupported_type (0.00s)
    --- PASS: TestParseMCPConfig/Stdio_missing_command_and_container (0.00s)
    --- PASS: TestParseMCPConfig/HTTP_missing_URL (0.00s)
    --- PASS: TestParseMCPConfig/Invalid_JSON_string (0.00s)
    --- PASS: TestParseMCPConfig/Invalid_config_format (0.00s)
    --- PASS: TestParseMCPConfig/Invalid_command_type (0.00s)
    --- PASS: TestParseMCPConfig/Invalid_URL_type (0.00s)
=== RUN   TestMCPConfigTypes
--- PASS: TestMCPConfigTypes (0.00s)
=== RUN   TestValidateWithSchemaAndLocation_PreciseLocation
    schema_location_integration_test.go:54: Error message: ../../../../../../../tmp/test_precise_location.md:6:7: error: at '/tools': got array, want object
         1 | ---
         2 | on: push
         3 | permissions: read
         4 | age: "not-a-number"
         5 | invalid_property: value
         6 | tools:
                   ^
         7 |   - name: tool1
         8 |   - description: missing name
         9 | timeout_minutes: 30
        10 | ---
        
        hint: Check the YAML frontmatter against the schema requirements
--- PASS: TestValidateWithSchemaAndLocation_PreciseLocation (0.01s)
=== RUN   TestLocateJSONPathInYAML_RealExample
=== RUN   TestLocateJSONPathInYAML_RealExample/root_permission
    schema_location_integration_test.go:144: Path /permissions: Line=2, Column=13
=== RUN   TestLocateJSONPathInYAML_RealExample/engine_field
    schema_location_integration_test.go:144: Path /engine: Line=3, Column=8
=== RUN   TestLocateJSONPathInYAML_RealExample/first_tool
    schema_location_integration_test.go:144: Path /tools/0: Line=5, Column=4
=== RUN   TestLocateJSONPathInYAML_RealExample/second_tool
    schema_location_integration_test.go:144: Path /tools/1: Line=7, Column=4
=== RUN   TestLocateJSONPathInYAML_RealExample/timeout
    schema_location_integration_test.go:144: Path /timeout_minutes: Line=9, Column=17
--- PASS: TestLocateJSONPathInYAML_RealExample (0.00s)
    --- PASS: TestLocateJSONPathInYAML_RealExample/root_permission (0.00s)
    --- PASS: TestLocateJSONPathInYAML_RealExample/engine_field (0.00s)
    --- PASS: TestLocateJSONPathInYAML_RealExample/first_tool (0.00s)
    --- PASS: TestLocateJSONPathInYAML_RealExample/second_tool (0.00s)
    --- PASS: TestLocateJSONPathInYAML_RealExample/timeout (0.00s)
=== RUN   TestValidateWithSchemaAndLocation
=== RUN   TestValidateWithSchemaAndLocation/valid_data_should_not_error
=== RUN   TestValidateWithSchemaAndLocation/invalid_data_should_show_file_location_and_clean_error
=== RUN   TestValidateWithSchemaAndLocation/schema_error_without_location_should_still_work
--- PASS: TestValidateWithSchemaAndLocation (0.00s)
    --- PASS: TestValidateWithSchemaAndLocation/valid_data_should_not_error (0.00s)
    --- PASS: TestValidateWithSchemaAndLocation/invalid_data_should_show_file_location_and_clean_error (0.00s)
    --- PASS: TestValidateWithSchemaAndLocation/schema_error_without_location_should_still_work (0.00s)
=== RUN   TestSchemaURLDomainChange
--- PASS: TestSchemaURLDomainChange (0.00s)
=== RUN   TestValidateMainWorkflowFrontmatterWithSchemaAndLocation
=== RUN   TestValidateMainWorkflowFrontmatterWithSchemaAndLocation/valid_workflow_frontmatter
=== RUN   TestValidateMainWorkflowFrontmatterWithSchemaAndLocation/invalid_workflow_frontmatter_with_location
--- PASS: TestValidateMainWorkflowFrontmatterWithSchemaAndLocation (0.01s)
    --- PASS: TestValidateMainWorkflowFrontmatterWithSchemaAndLocation/valid_workflow_frontmatter (0.00s)
    --- PASS: TestValidateMainWorkflowFrontmatterWithSchemaAndLocation/invalid_workflow_frontmatter_with_location (0.01s)
=== RUN   TestValidateMainWorkflowFrontmatterWithSchemaAndLocation_AdditionalProperties
=== RUN   TestValidateMainWorkflowFrontmatterWithSchemaAndLocation_AdditionalProperties/invalid_permissions_with_additional_property_shows_location
=== RUN   TestValidateMainWorkflowFrontmatterWithSchemaAndLocation_AdditionalProperties/invalid_trigger_with_additional_property_shows_location
=== RUN   TestValidateMainWorkflowFrontmatterWithSchemaAndLocation_AdditionalProperties/invalid_tools_configuration_with_additional_property_shows_location
--- PASS: TestValidateMainWorkflowFrontmatterWithSchemaAndLocation_AdditionalProperties (0.01s)
    --- PASS: TestValidateMainWorkflowFrontmatterWithSchemaAndLocation_AdditionalProperties/invalid_permissions_with_additional_property_shows_location (0.00s)
    --- PASS: TestValidateMainWorkflowFrontmatterWithSchemaAndLocation_AdditionalProperties/invalid_trigger_with_additional_property_shows_location (0.00s)
    --- PASS: TestValidateMainWorkflowFrontmatterWithSchemaAndLocation_AdditionalProperties/invalid_tools_configuration_with_additional_property_shows_location (0.01s)
=== RUN   TestValidateMainWorkflowFrontmatterWithSchema
=== RUN   TestValidateMainWorkflowFrontmatterWithSchema/valid_frontmatter_with_all_allowed_keys
=== RUN   TestValidateMainWorkflowFrontmatterWithSchema/valid_frontmatter_with_subset_of_keys
=== RUN   TestValidateMainWorkflowFrontmatterWithSchema/empty_frontmatter
=== RUN   TestValidateMainWorkflowFrontmatterWithSchema/valid_engine_string_format_-_claude
=== RUN   TestValidateMainWorkflowFrontmatterWithSchema/valid_engine_string_format_-_codex
=== RUN   TestValidateMainWorkflowFrontmatterWithSchema/valid_engine_object_format_-_minimal
=== RUN   TestValidateMainWorkflowFrontmatterWithSchema/valid_engine_object_format_-_with_version
=== RUN   TestValidateMainWorkflowFrontmatterWithSchema/valid_engine_object_format_-_with_model
=== RUN   TestValidateMainWorkflowFrontmatterWithSchema/valid_engine_object_format_-_complete
=== RUN   TestValidateMainWorkflowFrontmatterWithSchema/invalid_engine_string_format
=== RUN   TestValidateMainWorkflowFrontmatterWithSchema/invalid_engine_object_format_-_invalid_id
=== RUN   TestValidateMainWorkflowFrontmatterWithSchema/invalid_engine_object_format_-_missing_id
=== RUN   TestValidateMainWorkflowFrontmatterWithSchema/invalid_engine_object_format_-_additional_properties
=== RUN   TestValidateMainWorkflowFrontmatterWithSchema/invalid_frontmatter_with_unexpected_key
=== RUN   TestValidateMainWorkflowFrontmatterWithSchema/invalid_frontmatter_with_multiple_unexpected_keys
=== RUN   TestValidateMainWorkflowFrontmatterWithSchema/invalid_type_for_timeout_minutes
=== RUN   TestValidateMainWorkflowFrontmatterWithSchema/valid_frontmatter_with_complex_on_object
=== RUN   TestValidateMainWorkflowFrontmatterWithSchema/valid_frontmatter_with_command_trigger
=== RUN   TestValidateMainWorkflowFrontmatterWithSchema/valid_frontmatter_with_complex_tools_configuration
=== RUN   TestValidateMainWorkflowFrontmatterWithSchema/valid_frontmatter_with_detailed_permissions
=== RUN   TestValidateMainWorkflowFrontmatterWithSchema/valid_frontmatter_with_single_cache_configuration
=== RUN   TestValidateMainWorkflowFrontmatterWithSchema/valid_frontmatter_with_multiple_cache_configurations
=== RUN   TestValidateMainWorkflowFrontmatterWithSchema/invalid_cache_configuration_missing_required_key
=== RUN   TestValidateMainWorkflowFrontmatterWithSchema/invalid_permissions_with_additional_property
=== RUN   TestValidateMainWorkflowFrontmatterWithSchema/invalid_on_trigger_with_additional_properties
=== RUN   TestValidateMainWorkflowFrontmatterWithSchema/invalid_schedule_with_additional_properties
=== RUN   TestValidateMainWorkflowFrontmatterWithSchema/invalid_workflow_dispatch_with_additional_properties
=== RUN   TestValidateMainWorkflowFrontmatterWithSchema/invalid_concurrency_with_additional_properties
=== RUN   TestValidateMainWorkflowFrontmatterWithSchema/invalid_runs-on_object_with_additional_properties
=== RUN   TestValidateMainWorkflowFrontmatterWithSchema/invalid_github_tools_with_additional_properties
=== RUN   TestValidateMainWorkflowFrontmatterWithSchema/invalid_claude_tools_with_additional_properties
=== RUN   TestValidateMainWorkflowFrontmatterWithSchema/invalid_custom_tool_with_additional_properties
=== RUN   TestValidateMainWorkflowFrontmatterWithSchema/invalid_claude_configuration_with_additional_properties
=== RUN   TestValidateMainWorkflowFrontmatterWithSchema/invalid_safe-outputs_configuration_with_additional_properties
=== RUN   TestValidateMainWorkflowFrontmatterWithSchema/valid_new_GitHub_Actions_properties_-_permissions_with_new_properties
=== RUN   TestValidateMainWorkflowFrontmatterWithSchema/valid_GitHub_Actions_defaults_property
=== RUN   TestValidateMainWorkflowFrontmatterWithSchema/invalid_defaults_with_additional_properties
=== RUN   TestValidateMainWorkflowFrontmatterWithSchema/valid_claude_engine_with_network_permissions
=== RUN   TestValidateMainWorkflowFrontmatterWithSchema/valid_codex_engine_without_permissions
=== RUN   TestValidateMainWorkflowFrontmatterWithSchema/valid_codex_string_engine_(no_permissions_possible)
=== RUN   TestValidateMainWorkflowFrontmatterWithSchema/valid_network_defaults
=== RUN   TestValidateMainWorkflowFrontmatterWithSchema/valid_network_empty_object
=== RUN   TestValidateMainWorkflowFrontmatterWithSchema/valid_network_with_allowed_domains
=== RUN   TestValidateMainWorkflowFrontmatterWithSchema/invalid_network_string_(not_defaults)
=== RUN   TestValidateMainWorkflowFrontmatterWithSchema/invalid_network_object_with_unknown_property
--- PASS: TestValidateMainWorkflowFrontmatterWithSchema (0.29s)
    --- PASS: TestValidateMainWorkflowFrontmatterWithSchema/valid_frontmatter_with_all_allowed_keys (0.00s)
    --- PASS: TestValidateMainWorkflowFrontmatterWithSchema/valid_frontmatter_with_subset_of_keys (0.01s)
    --- PASS: TestValidateMainWorkflowFrontmatterWithSchema/empty_frontmatter (0.00s)
    --- PASS: TestValidateMainWorkflowFrontmatterWithSchema/valid_engine_string_format_-_claude (0.00s)
    --- PASS: TestValidateMainWorkflowFrontmatterWithSchema/valid_engine_string_format_-_codex (0.00s)
    --- PASS: TestValidateMainWorkflowFrontmatterWithSchema/valid_engine_object_format_-_minimal (0.00s)
    --- PASS: TestValidateMainWorkflowFrontmatterWithSchema/valid_engine_object_format_-_with_version (0.00s)
    --- PASS: TestValidateMainWorkflowFrontmatterWithSchema/valid_engine_object_format_-_with_model (0.01s)
    --- PASS: TestValidateMainWorkflowFrontmatterWithSchema/valid_engine_object_format_-_complete (0.01s)
    --- PASS: TestValidateMainWorkflowFrontmatterWithSchema/invalid_engine_string_format (0.01s)
    --- PASS: TestValidateMainWorkflowFrontmatterWithSchema/invalid_engine_object_format_-_invalid_id (0.00s)
    --- PASS: TestValidateMainWorkflowFrontmatterWithSchema/invalid_engine_object_format_-_missing_id (0.01s)
    --- PASS: TestValidateMainWorkflowFrontmatterWithSchema/invalid_engine_object_format_-_additional_properties (0.00s)
    --- PASS: TestValidateMainWorkflowFrontmatterWithSchema/invalid_frontmatter_with_unexpected_key (0.01s)
    --- PASS: TestValidateMainWorkflowFrontmatterWithSchema/invalid_frontmatter_with_multiple_unexpected_keys (0.01s)
    --- PASS: TestValidateMainWorkflowFrontmatterWithSchema/invalid_type_for_timeout_minutes (0.01s)
    --- PASS: TestValidateMainWorkflowFrontmatterWithSchema/valid_frontmatter_with_complex_on_object (0.01s)
    --- PASS: TestValidateMainWorkflowFrontmatterWithSchema/valid_frontmatter_with_command_trigger (0.01s)
    --- PASS: TestValidateMainWorkflowFrontmatterWithSchema/valid_frontmatter_with_complex_tools_configuration (0.01s)
    --- PASS: TestValidateMainWorkflowFrontmatterWithSchema/valid_frontmatter_with_detailed_permissions (0.01s)
    --- PASS: TestValidateMainWorkflowFrontmatterWithSchema/valid_frontmatter_with_single_cache_configuration (0.01s)
    --- PASS: TestValidateMainWorkflowFrontmatterWithSchema/valid_frontmatter_with_multiple_cache_configurations (0.01s)
    --- PASS: TestValidateMainWorkflowFrontmatterWithSchema/invalid_cache_configuration_missing_required_key (0.00s)
    --- PASS: TestValidateMainWorkflowFrontmatterWithSchema/invalid_permissions_with_additional_property (0.01s)
    --- PASS: TestValidateMainWorkflowFrontmatterWithSchema/invalid_on_trigger_with_additional_properties (0.01s)
    --- PASS: TestValidateMainWorkflowFrontmatterWithSchema/invalid_schedule_with_additional_properties (0.01s)
    --- PASS: TestValidateMainWorkflowFrontmatterWithSchema/invalid_workflow_dispatch_with_additional_properties (0.01s)
    --- PASS: TestValidateMainWorkflowFrontmatterWithSchema/invalid_concurrency_with_additional_properties (0.01s)
    --- PASS: TestValidateMainWorkflowFrontmatterWithSchema/invalid_runs-on_object_with_additional_properties (0.01s)
    --- PASS: TestValidateMainWorkflowFrontmatterWithSchema/invalid_github_tools_with_additional_properties (0.01s)
    --- PASS: TestValidateMainWorkflowFrontmatterWithSchema/invalid_claude_tools_with_additional_properties (0.01s)
    --- PASS: TestValidateMainWorkflowFrontmatterWithSchema/invalid_custom_tool_with_additional_properties (0.01s)
    --- PASS: TestValidateMainWorkflowFrontmatterWithSchema/invalid_claude_configuration_with_additional_properties (0.01s)
    --- PASS: TestValidateMainWorkflowFrontmatterWithSchema/invalid_safe-outputs_configuration_with_additional_properties (0.01s)
    --- PASS: TestValidateMainWorkflowFrontmatterWithSchema/valid_new_GitHub_Actions_properties_-_permissions_with_new_properties (0.01s)
    --- PASS: TestValidateMainWorkflowFrontmatterWithSchema/valid_GitHub_Actions_defaults_property (0.01s)
    --- PASS: TestValidateMainWorkflowFrontmatterWithSchema/invalid_defaults_with_additional_properties (0.01s)
    --- PASS: TestValidateMainWorkflowFrontmatterWithSchema/valid_claude_engine_with_network_permissions (0.00s)
    --- PASS: TestValidateMainWorkflowFrontmatterWithSchema/valid_codex_engine_without_permissions (0.00s)
    --- PASS: TestValidateMainWorkflowFrontmatterWithSchema/valid_codex_string_engine_(no_permissions_possible) (0.01s)
    --- PASS: TestValidateMainWorkflowFrontmatterWithSchema/valid_network_defaults (0.01s)
    --- PASS: TestValidateMainWorkflowFrontmatterWithSchema/valid_network_empty_object (0.01s)
    --- PASS: TestValidateMainWorkflowFrontmatterWithSchema/valid_network_with_allowed_domains (0.01s)
    --- PASS: TestValidateMainWorkflowFrontmatterWithSchema/invalid_network_string_(not_defaults) (0.01s)
    --- PASS: TestValidateMainWorkflowFrontmatterWithSchema/invalid_network_object_with_unknown_property (0.01s)
=== RUN   TestValidateIncludedFileFrontmatterWithSchema
=== RUN   TestValidateIncludedFileFrontmatterWithSchema/valid_frontmatter_with_tools_only
=== RUN   TestValidateIncludedFileFrontmatterWithSchema/empty_frontmatter
=== RUN   TestValidateIncludedFileFrontmatterWithSchema/invalid_frontmatter_with_on_trigger
=== RUN   TestValidateIncludedFileFrontmatterWithSchema/invalid_frontmatter_with_multiple_unexpected_keys
=== RUN   TestValidateIncludedFileFrontmatterWithSchema/invalid_frontmatter_with_only_unexpected_keys
=== RUN   TestValidateIncludedFileFrontmatterWithSchema/valid_frontmatter_with_complex_tools_object
=== RUN   TestValidateIncludedFileFrontmatterWithSchema/valid_frontmatter_with_custom_MCP_tool
--- PASS: TestValidateIncludedFileFrontmatterWithSchema (0.00s)
    --- PASS: TestValidateIncludedFileFrontmatterWithSchema/valid_frontmatter_with_tools_only (0.00s)
    --- PASS: TestValidateIncludedFileFrontmatterWithSchema/empty_frontmatter (0.00s)
    --- PASS: TestValidateIncludedFileFrontmatterWithSchema/invalid_frontmatter_with_on_trigger (0.00s)
    --- PASS: TestValidateIncludedFileFrontmatterWithSchema/invalid_frontmatter_with_multiple_unexpected_keys (0.00s)
    --- PASS: TestValidateIncludedFileFrontmatterWithSchema/invalid_frontmatter_with_only_unexpected_keys (0.00s)
    --- PASS: TestValidateIncludedFileFrontmatterWithSchema/valid_frontmatter_with_complex_tools_object (0.00s)
    --- PASS: TestValidateIncludedFileFrontmatterWithSchema/valid_frontmatter_with_custom_MCP_tool (0.00s)
=== RUN   TestValidateWithSchema
=== RUN   TestValidateWithSchema/valid_data_with_simple_schema
=== RUN   TestValidateWithSchema/invalid_data_with_additional_property
=== RUN   TestValidateWithSchema/invalid_schema_JSON
--- PASS: TestValidateWithSchema (0.00s)
    --- PASS: TestValidateWithSchema/valid_data_with_simple_schema (0.00s)
    --- PASS: TestValidateWithSchema/invalid_data_with_additional_property (0.00s)
    --- PASS: TestValidateWithSchema/invalid_schema_JSON (0.00s)
=== RUN   TestValidateWithSchemaAndLocation_CleanedErrorMessage
--- PASS: TestValidateWithSchemaAndLocation_CleanedErrorMessage (0.01s)
=== RUN   TestExtractYAMLError
=== RUN   TestExtractYAMLError/yaml_line_error
=== RUN   TestExtractYAMLError/yaml_line_error_with_frontmatter_offset
=== RUN   TestExtractYAMLError/non-yaml_error
=== RUN   TestExtractYAMLError/yaml_error_with_different_message_format
=== RUN   TestExtractYAMLError/yaml_error_with_indentation_issue
=== RUN   TestExtractYAMLError/yaml_error_with_duplicate_key
=== RUN   TestExtractYAMLError/yaml_error_with_complex_format
=== RUN   TestExtractYAMLError/yaml_unmarshal_error_multiline
=== RUN   TestExtractYAMLError/yaml_error_with_flow_mapping
=== RUN   TestExtractYAMLError/yaml_error_with_invalid_character
=== RUN   TestExtractYAMLError/yaml_error_with_unmarshal_type_issue
=== RUN   TestExtractYAMLError/yaml_complex_unmarshal_error_with_nested_line_info
=== RUN   TestExtractYAMLError/yaml_error_with_column_information_greater_than_1
=== RUN   TestExtractYAMLError/yaml_error_with_high_column_number
=== RUN   TestExtractYAMLError/yaml_error_with_column_1_explicitly_specified
=== RUN   TestExtractYAMLError/yaml_error_with_medium_column_position
--- PASS: TestExtractYAMLError (0.00s)
    --- PASS: TestExtractYAMLError/yaml_line_error (0.00s)
    --- PASS: TestExtractYAMLError/yaml_line_error_with_frontmatter_offset (0.00s)
    --- PASS: TestExtractYAMLError/non-yaml_error (0.00s)
    --- PASS: TestExtractYAMLError/yaml_error_with_different_message_format (0.00s)
    --- PASS: TestExtractYAMLError/yaml_error_with_indentation_issue (0.00s)
    --- PASS: TestExtractYAMLError/yaml_error_with_duplicate_key (0.00s)
    --- PASS: TestExtractYAMLError/yaml_error_with_complex_format (0.00s)
    --- PASS: TestExtractYAMLError/yaml_unmarshal_error_multiline (0.00s)
    --- PASS: TestExtractYAMLError/yaml_error_with_flow_mapping (0.00s)
    --- PASS: TestExtractYAMLError/yaml_error_with_invalid_character (0.00s)
    --- PASS: TestExtractYAMLError/yaml_error_with_unmarshal_type_issue (0.00s)
    --- PASS: TestExtractYAMLError/yaml_complex_unmarshal_error_with_nested_line_info (0.00s)
    --- PASS: TestExtractYAMLError/yaml_error_with_column_information_greater_than_1 (0.00s)
    --- PASS: TestExtractYAMLError/yaml_error_with_high_column_number (0.00s)
    --- PASS: TestExtractYAMLError/yaml_error_with_column_1_explicitly_specified (0.00s)
    --- PASS: TestExtractYAMLError/yaml_error_with_medium_column_position (0.00s)
=== RUN   TestExtractYAMLErrorWithGoccyErrors
=== RUN   TestExtractYAMLErrorWithGoccyErrors/goccy_invalid_syntax
    yaml_error_test.go:231: YAML: "invalid: yaml: content" -> Line: 1, Column: 10, Message: mapping value is not allowed in this context
        >  1 | invalid: yaml: content
                        ^
=== RUN   TestExtractYAMLErrorWithGoccyErrors/goccy_indentation_error
    yaml_error_test.go:231: YAML: "name: test\n  invalid_indentation: here" -> Line: 2, Column: 7, Message: mapping value is not allowed in this context
        >  1 | name: test
           2 |   invalid_indentation: here
                     ^
=== RUN   TestExtractYAMLErrorWithGoccyErrors/goccy_duplicate_key
    yaml_error_test.go:231: YAML: "name: test\nname: duplicate" -> Line: 1, Column: 1, Message: mapping key "name" already defined at [1:1]
           1 | name: test
        >  2 | name: duplicate
               ^
--- PASS: TestExtractYAMLErrorWithGoccyErrors (0.00s)
    --- PASS: TestExtractYAMLErrorWithGoccyErrors/goccy_invalid_syntax (0.00s)
    --- PASS: TestExtractYAMLErrorWithGoccyErrors/goccy_indentation_error (0.00s)
    --- PASS: TestExtractYAMLErrorWithGoccyErrors/goccy_duplicate_key (0.00s)
=== RUN   TestExtractYAMLErrorUnknownLocation
=== RUN   TestExtractYAMLErrorUnknownLocation/non-yaml_error_without_location
=== RUN   TestExtractYAMLErrorUnknownLocation/malformed_yaml_error_string
--- PASS: TestExtractYAMLErrorUnknownLocation (0.00s)
    --- PASS: TestExtractYAMLErrorUnknownLocation/non-yaml_error_without_location (0.00s)
    --- PASS: TestExtractYAMLErrorUnknownLocation/malformed_yaml_error_string (0.00s)
PASS
ok  	github.com/githubnext/gh-aw/pkg/parser	(cached)
=== RUN   TestEngineRegistry
--- PASS: TestEngineRegistry (0.00s)
=== RUN   TestEngineRegistryCustomEngine
--- PASS: TestEngineRegistryCustomEngine (0.00s)
=== RUN   TestAgenticOutputCollection
✓ ../../../../../../../tmp/agentic-output-test2750930420/test-agentic-output.md
    agentic_output_test.go:107: Claude workflow correctly includes both GITHUB_AW_SAFE_OUTPUTS and engine output collection
--- PASS: TestAgenticOutputCollection (0.01s)
=== RUN   TestCodexEngineNoOutputSteps
✓ ../../../../../../../tmp/codex-no-output-test2862025013/test-codex-no-output.md
    agentic_output_test.go:208: Codex workflow correctly includes GITHUB_AW_SAFE_OUTPUTS functionality but excludes engine output collection
--- PASS: TestCodexEngineNoOutputSteps (0.01s)
=== RUN   TestEngineOutputFileDeclarations
    agentic_output_test.go:232: Claude engine declares: [output.txt]
    agentic_output_test.go:233: Codex engine declares: []
--- PASS: TestEngineOutputFileDeclarations (0.00s)
=== RUN   TestAwInfoTmpPath
✓ ../../../../../../../tmp/aw-info-tmp-test3031319779/test-aw-info-tmp.md
    aw_info_tmp_test.go:77: Successfully verified aw_info.json is generated in /tmp directory
--- PASS: TestAwInfoTmpPath (0.01s)
=== RUN   TestClaudeEngineNetworkPermissions
=== RUN   TestClaudeEngineNetworkPermissions/InstallationSteps_without_network_permissions
=== RUN   TestClaudeEngineNetworkPermissions/InstallationSteps_with_network_permissions
=== RUN   TestClaudeEngineNetworkPermissions/ExecutionSteps_without_network_permissions
=== RUN   TestClaudeEngineNetworkPermissions/ExecutionSteps_with_network_permissions
=== RUN   TestClaudeEngineNetworkPermissions/ExecutionSteps_with_empty_allowed_domains_(deny_all)
=== RUN   TestClaudeEngineNetworkPermissions/ExecutionSteps_with_non-Claude_engine
--- PASS: TestClaudeEngineNetworkPermissions (0.00s)
    --- PASS: TestClaudeEngineNetworkPermissions/InstallationSteps_without_network_permissions (0.00s)
    --- PASS: TestClaudeEngineNetworkPermissions/InstallationSteps_with_network_permissions (0.00s)
    --- PASS: TestClaudeEngineNetworkPermissions/ExecutionSteps_without_network_permissions (0.00s)
    --- PASS: TestClaudeEngineNetworkPermissions/ExecutionSteps_with_network_permissions (0.00s)
    --- PASS: TestClaudeEngineNetworkPermissions/ExecutionSteps_with_empty_allowed_domains_(deny_all) (0.00s)
    --- PASS: TestClaudeEngineNetworkPermissions/ExecutionSteps_with_non-Claude_engine (0.00s)
=== RUN   TestNetworkPermissionsIntegration
=== RUN   TestNetworkPermissionsIntegration/Full_workflow_generation
=== RUN   TestNetworkPermissionsIntegration/Engine_consistency
--- PASS: TestNetworkPermissionsIntegration (0.00s)
    --- PASS: TestNetworkPermissionsIntegration/Full_workflow_generation (0.00s)
    --- PASS: TestNetworkPermissionsIntegration/Engine_consistency (0.00s)
=== RUN   TestClaudeEngine
--- PASS: TestClaudeEngine (0.00s)
=== RUN   TestClaudeEngineWithOutput
--- PASS: TestClaudeEngineWithOutput (0.00s)
=== RUN   TestClaudeEngineConfiguration
=== RUN   TestClaudeEngineConfiguration/simple-workflow
=== RUN   TestClaudeEngineConfiguration/complex_workflow_with_spaces
=== RUN   TestClaudeEngineConfiguration/workflow-with-hyphens
--- PASS: TestClaudeEngineConfiguration (0.00s)
    --- PASS: TestClaudeEngineConfiguration/simple-workflow (0.00s)
    --- PASS: TestClaudeEngineConfiguration/complex_workflow_with_spaces (0.00s)
    --- PASS: TestClaudeEngineConfiguration/workflow-with-hyphens (0.00s)
=== RUN   TestClaudeEngineWithVersion
--- PASS: TestClaudeEngineWithVersion (0.00s)
=== RUN   TestClaudeEngineWithoutVersion
--- PASS: TestClaudeEngineWithoutVersion (0.00s)
=== RUN   TestClaudeEngineComputeAllowedTools
=== RUN   TestClaudeEngineComputeAllowedTools/empty_tools
=== RUN   TestClaudeEngineComputeAllowedTools/bash_with_specific_commands_in_claude_section_(new_format)
=== RUN   TestClaudeEngineComputeAllowedTools/bash_with_nil_value_(all_commands_allowed)
=== RUN   TestClaudeEngineComputeAllowedTools/regular_tools_in_claude_section_(new_format)
=== RUN   TestClaudeEngineComputeAllowedTools/mcp_tools
=== RUN   TestClaudeEngineComputeAllowedTools/mixed_claude_and_mcp_tools
=== RUN   TestClaudeEngineComputeAllowedTools/custom_mcp_servers_with_new_format
=== RUN   TestClaudeEngineComputeAllowedTools/mcp_server_with_wildcard_access
=== RUN   TestClaudeEngineComputeAllowedTools/mixed_mcp_servers_-_one_with_wildcard,_one_with_specific_tools
=== RUN   TestClaudeEngineComputeAllowedTools/bash_with_:*_wildcard_(should_ignore_other_bash_tools)
=== RUN   TestClaudeEngineComputeAllowedTools/bash_with_:*_wildcard_mixed_with_other_commands_(should_ignore_other_commands)
=== RUN   TestClaudeEngineComputeAllowedTools/bash_with_:*_wildcard_and_other_tools
=== RUN   TestClaudeEngineComputeAllowedTools/bash_with_single_command_should_include_implicit_tools
=== RUN   TestClaudeEngineComputeAllowedTools/explicit_KillBash_and_BashOutput_should_not_duplicate
=== RUN   TestClaudeEngineComputeAllowedTools/no_bash_tools_means_no_implicit_tools
--- PASS: TestClaudeEngineComputeAllowedTools (0.00s)
    --- PASS: TestClaudeEngineComputeAllowedTools/empty_tools (0.00s)
    --- PASS: TestClaudeEngineComputeAllowedTools/bash_with_specific_commands_in_claude_section_(new_format) (0.00s)
    --- PASS: TestClaudeEngineComputeAllowedTools/bash_with_nil_value_(all_commands_allowed) (0.00s)
    --- PASS: TestClaudeEngineComputeAllowedTools/regular_tools_in_claude_section_(new_format) (0.00s)
    --- PASS: TestClaudeEngineComputeAllowedTools/mcp_tools (0.00s)
    --- PASS: TestClaudeEngineComputeAllowedTools/mixed_claude_and_mcp_tools (0.00s)
    --- PASS: TestClaudeEngineComputeAllowedTools/custom_mcp_servers_with_new_format (0.00s)
    --- PASS: TestClaudeEngineComputeAllowedTools/mcp_server_with_wildcard_access (0.00s)
    --- PASS: TestClaudeEngineComputeAllowedTools/mixed_mcp_servers_-_one_with_wildcard,_one_with_specific_tools (0.00s)
    --- PASS: TestClaudeEngineComputeAllowedTools/bash_with_:*_wildcard_(should_ignore_other_bash_tools) (0.00s)
    --- PASS: TestClaudeEngineComputeAllowedTools/bash_with_:*_wildcard_mixed_with_other_commands_(should_ignore_other_commands) (0.00s)
    --- PASS: TestClaudeEngineComputeAllowedTools/bash_with_:*_wildcard_and_other_tools (0.00s)
    --- PASS: TestClaudeEngineComputeAllowedTools/bash_with_single_command_should_include_implicit_tools (0.00s)
    --- PASS: TestClaudeEngineComputeAllowedTools/explicit_KillBash_and_BashOutput_should_not_duplicate (0.00s)
    --- PASS: TestClaudeEngineComputeAllowedTools/no_bash_tools_means_no_implicit_tools (0.00s)
=== RUN   TestClaudeEngineComputeAllowedToolsWithSafeOutputs
=== RUN   TestClaudeEngineComputeAllowedToolsWithSafeOutputs/SafeOutputs_with_no_tools_-_should_add_Write_permission
=== RUN   TestClaudeEngineComputeAllowedToolsWithSafeOutputs/SafeOutputs_with_general_Write_permission_-_should_not_add_specific_Write
=== RUN   TestClaudeEngineComputeAllowedToolsWithSafeOutputs/No_SafeOutputs_-_should_not_add_Write_permission
=== RUN   TestClaudeEngineComputeAllowedToolsWithSafeOutputs/SafeOutputs_with_multiple_output_types
=== RUN   TestClaudeEngineComputeAllowedToolsWithSafeOutputs/SafeOutputs_with_MCP_tools
--- PASS: TestClaudeEngineComputeAllowedToolsWithSafeOutputs (0.00s)
    --- PASS: TestClaudeEngineComputeAllowedToolsWithSafeOutputs/SafeOutputs_with_no_tools_-_should_add_Write_permission (0.00s)
    --- PASS: TestClaudeEngineComputeAllowedToolsWithSafeOutputs/SafeOutputs_with_general_Write_permission_-_should_not_add_specific_Write (0.00s)
    --- PASS: TestClaudeEngineComputeAllowedToolsWithSafeOutputs/No_SafeOutputs_-_should_not_add_Write_permission (0.00s)
    --- PASS: TestClaudeEngineComputeAllowedToolsWithSafeOutputs/SafeOutputs_with_multiple_output_types (0.00s)
    --- PASS: TestClaudeEngineComputeAllowedToolsWithSafeOutputs/SafeOutputs_with_MCP_tools (0.00s)
=== RUN   TestGenerateAllowedToolsComment
=== RUN   TestGenerateAllowedToolsComment/empty_allowed_tools
=== RUN   TestGenerateAllowedToolsComment/single_tool
=== RUN   TestGenerateAllowedToolsComment/multiple_tools
=== RUN   TestGenerateAllowedToolsComment/tools_with_special_characters
--- PASS: TestGenerateAllowedToolsComment (0.00s)
    --- PASS: TestGenerateAllowedToolsComment/empty_allowed_tools (0.00s)
    --- PASS: TestGenerateAllowedToolsComment/single_tool (0.00s)
    --- PASS: TestGenerateAllowedToolsComment/multiple_tools (0.00s)
    --- PASS: TestGenerateAllowedToolsComment/tools_with_special_characters (0.00s)
=== RUN   TestClaudeSettingsStructures
=== RUN   TestClaudeSettingsStructures/ClaudeSettings_JSON_marshaling
=== RUN   TestClaudeSettingsStructures/Empty_settings
=== RUN   TestClaudeSettingsStructures/JSON_unmarshal_round-trip
--- PASS: TestClaudeSettingsStructures (0.00s)
    --- PASS: TestClaudeSettingsStructures/ClaudeSettings_JSON_marshaling (0.00s)
    --- PASS: TestClaudeSettingsStructures/Empty_settings (0.00s)
    --- PASS: TestClaudeSettingsStructures/JSON_unmarshal_round-trip (0.00s)
=== RUN   TestClaudeSettingsWorkflowGeneration
=== RUN   TestClaudeSettingsWorkflowGeneration/Workflow_step_format
=== RUN   TestClaudeSettingsWorkflowGeneration/Generated_JSON_validity
--- PASS: TestClaudeSettingsWorkflowGeneration (0.00s)
    --- PASS: TestClaudeSettingsWorkflowGeneration/Workflow_step_format (0.00s)
    --- PASS: TestClaudeSettingsWorkflowGeneration/Generated_JSON_validity (0.00s)
=== RUN   TestCodexEngine
--- PASS: TestCodexEngine (0.00s)
=== RUN   TestCodexEngineWithVersion
--- PASS: TestCodexEngineWithVersion (0.00s)
=== RUN   TestCodexEngineConvertStepToYAMLWithIdAndContinueOnError
--- PASS: TestCodexEngineConvertStepToYAMLWithIdAndContinueOnError (0.00s)
=== RUN   TestCodexEngineExecutionIncludesGitHubAWPrompt
--- PASS: TestCodexEngineExecutionIncludesGitHubAWPrompt (0.00s)
=== RUN   TestCodexAIConfiguration
=== RUN   TestCodexAIConfiguration/default_claude_ai
✓ ../../../../../../../tmp/codex-ai-test170607954/default claude ai-workflow.md
=== RUN   TestCodexAIConfiguration/explicit_claude_ai
✓ ../../../../../../../tmp/codex-ai-test170607954/explicit claude ai-workflow.md
=== RUN   TestCodexAIConfiguration/codex_ai
✓ ../../../../../../../tmp/codex-ai-test170607954/codex ai-workflow.md
=== RUN   TestCodexAIConfiguration/codex_ai_without_tools
✓ ../../../../../../../tmp/codex-ai-test170607954/codex ai without tools-workflow.md
--- PASS: TestCodexAIConfiguration (0.02s)
    --- PASS: TestCodexAIConfiguration/default_claude_ai (0.01s)
    --- PASS: TestCodexAIConfiguration/explicit_claude_ai (0.01s)
    --- PASS: TestCodexAIConfiguration/codex_ai (0.01s)
    --- PASS: TestCodexAIConfiguration/codex_ai_without_tools (0.00s)
=== RUN   TestCodexMCPConfigGeneration
=== RUN   TestCodexMCPConfigGeneration/codex_with_github_tools_generates_config.toml
✓ ../../../../../../../tmp/codex-mcp-test804568679/codex with github tools generates config.toml-workflow.md
=== RUN   TestCodexMCPConfigGeneration/claude_with_github_tools_generates_mcp-servers.json
✓ ../../../../../../../tmp/codex-mcp-test804568679/claude with github tools generates mcp-servers.json-workflow.md
=== RUN   TestCodexMCPConfigGeneration/codex_with_docker_github_tools_generates_config.toml
✓ ../../../../../../../tmp/codex-mcp-test804568679/codex with docker github tools generates config.toml-workflow.md
=== RUN   TestCodexMCPConfigGeneration/claude_with_docker_github_tools_generates_mcp-servers.json
✓ ../../../../../../../tmp/codex-mcp-test804568679/claude with docker github tools generates mcp-servers.json-workflow.md
=== RUN   TestCodexMCPConfigGeneration/codex_with_services_github_tools_generates_config.toml
✓ ../../../../../../../tmp/codex-mcp-test804568679/codex with services github tools generates config.toml-workflow.md
=== RUN   TestCodexMCPConfigGeneration/claude_with_services_github_tools_generates_mcp-servers.json
✓ ../../../../../../../tmp/codex-mcp-test804568679/claude with services github tools generates mcp-servers.json-workflow.md
=== RUN   TestCodexMCPConfigGeneration/codex_with_custom_MCP_tools_generates_config.toml
✓ ../../../../../../../tmp/codex-mcp-test804568679/codex with custom MCP tools generates config.toml-workflow.md
--- PASS: TestCodexMCPConfigGeneration (0.04s)
    --- PASS: TestCodexMCPConfigGeneration/codex_with_github_tools_generates_config.toml (0.00s)
    --- PASS: TestCodexMCPConfigGeneration/claude_with_github_tools_generates_mcp-servers.json (0.00s)
    --- PASS: TestCodexMCPConfigGeneration/codex_with_docker_github_tools_generates_config.toml (0.01s)
    --- PASS: TestCodexMCPConfigGeneration/claude_with_docker_github_tools_generates_mcp-servers.json (0.01s)
    --- PASS: TestCodexMCPConfigGeneration/codex_with_services_github_tools_generates_config.toml (0.01s)
    --- PASS: TestCodexMCPConfigGeneration/claude_with_services_github_tools_generates_mcp-servers.json (0.01s)
    --- PASS: TestCodexMCPConfigGeneration/codex_with_custom_MCP_tools_generates_config.toml (0.01s)
=== RUN   TestEventAwareCommandConditions
=== RUN   TestEventAwareCommandConditions/command_only_should_use_simple_condition
✓ ../../../../../../../tmp/workflow-event-aware-command-test997938577/simple-command.md
=== RUN   TestEventAwareCommandConditions/command_with_push_should_use_event-aware_condition
✓ ../../../../../../../tmp/workflow-event-aware-command-test997938577/command-with-push.md
=== RUN   TestEventAwareCommandConditions/command_with_schedule_should_use_event-aware_condition
✓ ../../../../../../../tmp/workflow-event-aware-command-test997938577/command-with-schedule.md
--- PASS: TestEventAwareCommandConditions (0.02s)
    --- PASS: TestEventAwareCommandConditions/command_only_should_use_simple_condition (0.00s)
    --- PASS: TestEventAwareCommandConditions/command_with_push_should_use_event-aware_condition (0.01s)
    --- PASS: TestEventAwareCommandConditions/command_with_schedule_should_use_event-aware_condition (0.01s)
=== RUN   TestCompiler_SetFileTracker_Basic
--- PASS: TestCompiler_SetFileTracker_Basic (0.00s)
=== RUN   TestNewCompilerWithCustomOutput
=== RUN   TestNewCompilerWithCustomOutput/create_compiler_with_basic_custom_output
=== RUN   TestNewCompilerWithCustomOutput/create_compiler_with_verbose_and_engine_override
=== RUN   TestNewCompilerWithCustomOutput/create_compiler_with_empty_values
--- PASS: TestNewCompilerWithCustomOutput (0.00s)
    --- PASS: TestNewCompilerWithCustomOutput/create_compiler_with_basic_custom_output (0.00s)
    --- PASS: TestNewCompilerWithCustomOutput/create_compiler_with_verbose_and_engine_override (0.00s)
    --- PASS: TestNewCompilerWithCustomOutput/create_compiler_with_empty_values (0.00s)
=== RUN   TestConvertStepToYAML
=== RUN   TestConvertStepToYAML/step_with_name_only
=== RUN   TestConvertStepToYAML/step_with_name_and_uses
=== RUN   TestConvertStepToYAML/step_with_name_and_run_command
=== RUN   TestConvertStepToYAML/step_with_name,_run_command_and_env_variables
=== RUN   TestConvertStepToYAML/step_with_working-directory
=== RUN   TestConvertStepToYAML/step_with_complex_with_parameters
=== RUN   TestConvertStepToYAML/empty_step_map
=== RUN   TestConvertStepToYAML/step_without_name
--- PASS: TestConvertStepToYAML (0.00s)
    --- PASS: TestConvertStepToYAML/step_with_name_only (0.00s)
    --- PASS: TestConvertStepToYAML/step_with_name_and_uses (0.00s)
    --- PASS: TestConvertStepToYAML/step_with_name_and_run_command (0.00s)
    --- PASS: TestConvertStepToYAML/step_with_name,_run_command_and_env_variables (0.00s)
    --- PASS: TestConvertStepToYAML/step_with_working-directory (0.00s)
    --- PASS: TestConvertStepToYAML/step_with_complex_with_parameters (0.00s)
    --- PASS: TestConvertStepToYAML/empty_step_map (0.00s)
    --- PASS: TestConvertStepToYAML/step_without_name (0.00s)
=== RUN   TestCompilerNetworkPermissionsExtraction
=== RUN   TestCompilerNetworkPermissionsExtraction/Extract_top-level_network_permissions
=== RUN   TestCompilerNetworkPermissionsExtraction/No_network_permissions_specified
=== RUN   TestCompilerNetworkPermissionsExtraction/Empty_network_permissions
=== RUN   TestCompilerNetworkPermissionsExtraction/Network_permissions_with_single_domain
=== RUN   TestCompilerNetworkPermissionsExtraction/Network_permissions_passed_to_compilation
=== RUN   TestCompilerNetworkPermissionsExtraction/Multiple_workflows_with_different_network_permissions
--- PASS: TestCompilerNetworkPermissionsExtraction (0.04s)
    --- PASS: TestCompilerNetworkPermissionsExtraction/Extract_top-level_network_permissions (0.01s)
    --- PASS: TestCompilerNetworkPermissionsExtraction/No_network_permissions_specified (0.01s)
    --- PASS: TestCompilerNetworkPermissionsExtraction/Empty_network_permissions (0.01s)
    --- PASS: TestCompilerNetworkPermissionsExtraction/Network_permissions_with_single_domain (0.01s)
    --- PASS: TestCompilerNetworkPermissionsExtraction/Network_permissions_passed_to_compilation (0.01s)
    --- PASS: TestCompilerNetworkPermissionsExtraction/Multiple_workflows_with_different_network_permissions (0.01s)
=== RUN   TestNetworkPermissionsUtilities
=== RUN   TestNetworkPermissionsUtilities/GetAllowedDomains_with_various_inputs
=== RUN   TestNetworkPermissionsUtilities/GetAllowedDomains_with_'defaults'_expansion
=== RUN   TestNetworkPermissionsUtilities/Deprecated_HasNetworkPermissions_still_works
--- PASS: TestNetworkPermissionsUtilities (0.00s)
    --- PASS: TestNetworkPermissionsUtilities/GetAllowedDomains_with_various_inputs (0.00s)
    --- PASS: TestNetworkPermissionsUtilities/GetAllowedDomains_with_'defaults'_expansion (0.00s)
    --- PASS: TestNetworkPermissionsUtilities/Deprecated_HasNetworkPermissions_still_works (0.00s)
=== RUN   TestNetworkPermissionHelpers
=== RUN   TestNetworkPermissionHelpers/hasNetworkPermissionsInConfig_utility
=== RUN   TestNetworkPermissionHelpers/domain_matching_logic
--- PASS: TestNetworkPermissionHelpers (0.00s)
    --- PASS: TestNetworkPermissionHelpers/hasNetworkPermissionsInConfig_utility (0.00s)
    --- PASS: TestNetworkPermissionHelpers/domain_matching_logic (0.00s)
=== RUN   TestCompileWorkflow
=== RUN   TestCompileWorkflow/empty_input_file
=== RUN   TestCompileWorkflow/nonexistent_file
=== RUN   TestCompileWorkflow/valid_workflow_file
✓ ../../../../../../../tmp/workflow-test1589212871/test-workflow.md
--- PASS: TestCompileWorkflow (0.01s)
    --- PASS: TestCompileWorkflow/empty_input_file (0.00s)
    --- PASS: TestCompileWorkflow/nonexistent_file (0.00s)
    --- PASS: TestCompileWorkflow/valid_workflow_file (0.01s)
=== RUN   TestEmptyMarkdownContentError
=== RUN   TestEmptyMarkdownContentError/frontmatter_only_no_content
=== RUN   TestEmptyMarkdownContentError/frontmatter_with_empty_lines
=== RUN   TestEmptyMarkdownContentError/frontmatter_with_whitespace_only
=== RUN   TestEmptyMarkdownContentError/frontmatter_with_just_newlines
=== RUN   TestEmptyMarkdownContentError/valid_workflow_with_content
✓ ../../../../../../../tmp/empty-markdown-test762495460/valid_workflow_with_content.md
=== RUN   TestEmptyMarkdownContentError/workflow_with_minimal_content
✓ ../../../../../../../tmp/empty-markdown-test762495460/workflow_with_minimal_content.md
--- PASS: TestEmptyMarkdownContentError (0.01s)
    --- PASS: TestEmptyMarkdownContentError/frontmatter_only_no_content (0.00s)
    --- PASS: TestEmptyMarkdownContentError/frontmatter_with_empty_lines (0.00s)
    --- PASS: TestEmptyMarkdownContentError/frontmatter_with_whitespace_only (0.00s)
    --- PASS: TestEmptyMarkdownContentError/frontmatter_with_just_newlines (0.00s)
    --- PASS: TestEmptyMarkdownContentError/valid_workflow_with_content (0.01s)
    --- PASS: TestEmptyMarkdownContentError/workflow_with_minimal_content (0.00s)
=== RUN   TestWorkflowDataStructure
--- PASS: TestWorkflowDataStructure (0.00s)
=== RUN   TestInvalidJSONInMCPConfig
--- PASS: TestInvalidJSONInMCPConfig (0.01s)
=== RUN   TestOnSection
=== RUN   TestOnSection/default_on_section
✓ ../../../../../../../tmp/workflow-on-test1567018847/default on section-workflow.md
=== RUN   TestOnSection/custom_on_workflow_dispatch
✓ ../../../../../../../tmp/workflow-on-test1567018847/custom on workflow_dispatch-workflow.md
=== RUN   TestOnSection/custom_on_with_push
✓ ../../../../../../../tmp/workflow-on-test1567018847/custom on with push-workflow.md
=== RUN   TestOnSection/custom_on_with_multiple_events
✓ ../../../../../../../tmp/workflow-on-test1567018847/custom on with multiple events-workflow.md
--- PASS: TestOnSection (0.02s)
    --- PASS: TestOnSection/default_on_section (0.01s)
    --- PASS: TestOnSection/custom_on_workflow_dispatch (0.00s)
    --- PASS: TestOnSection/custom_on_with_push (0.01s)
    --- PASS: TestOnSection/custom_on_with_multiple_events (0.01s)
=== RUN   TestCommandSection
=== RUN   TestCommandSection/command_trigger
✓ ../../../../../../../tmp/workflow-command-test2154567446/test-bot.md
=== RUN   TestCommandSection/new_format_command_trigger
✓ ../../../../../../../tmp/workflow-command-test2154567446/test-new-format.md
=== RUN   TestCommandSection/new_format_command_trigger_no_name_defaults_to_filename
✓ ../../../../../../../tmp/workflow-command-test2154567446/default-name-bot.md
--- PASS: TestCommandSection (0.02s)
    --- PASS: TestCommandSection/command_trigger (0.01s)
    --- PASS: TestCommandSection/new_format_command_trigger (0.01s)
    --- PASS: TestCommandSection/new_format_command_trigger_no_name_defaults_to_filename (0.01s)
=== RUN   TestCommandWithOtherEvents
=== RUN   TestCommandWithOtherEvents/command_with_workflow_dispatch
✓ ../../../../../../../tmp/workflow-command-merge-test1065954355/command-with-dispatch.md
=== RUN   TestCommandWithOtherEvents/command_with_schedule
✓ ../../../../../../../tmp/workflow-command-merge-test1065954355/command-with-schedule.md
=== RUN   TestCommandWithOtherEvents/command_with_multiple_compatible_events
✓ ../../../../../../../tmp/workflow-command-merge-test1065954355/command-with-multiple.md
=== RUN   TestCommandWithOtherEvents/command_with_conflicting_issues_event_-_should_error
=== RUN   TestCommandWithOtherEvents/command_with_conflicting_issue_comment_event_-_should_error
=== RUN   TestCommandWithOtherEvents/command_with_conflicting_pull_request_event_-_should_error
=== RUN   TestCommandWithOtherEvents/command_with_conflicting_pull_request_review_comment_event_-_should_error
--- PASS: TestCommandWithOtherEvents (0.04s)
    --- PASS: TestCommandWithOtherEvents/command_with_workflow_dispatch (0.01s)
    --- PASS: TestCommandWithOtherEvents/command_with_schedule (0.01s)
    --- PASS: TestCommandWithOtherEvents/command_with_multiple_compatible_events (0.01s)
    --- PASS: TestCommandWithOtherEvents/command_with_conflicting_issues_event_-_should_error (0.01s)
    --- PASS: TestCommandWithOtherEvents/command_with_conflicting_issue_comment_event_-_should_error (0.01s)
    --- PASS: TestCommandWithOtherEvents/command_with_conflicting_pull_request_event_-_should_error (0.01s)
    --- PASS: TestCommandWithOtherEvents/command_with_conflicting_pull_request_review_comment_event_-_should_error (0.01s)
=== RUN   TestRunsOnSection
=== RUN   TestRunsOnSection/default_runs-on
✓ ../../../../../../../tmp/workflow-runs-on-test2051910265/default runs-on-workflow.md
=== RUN   TestRunsOnSection/custom_runs-on
✓ ../../../../../../../tmp/workflow-runs-on-test2051910265/custom runs-on-workflow.md
=== RUN   TestRunsOnSection/custom_runs-on_with_array
✓ ../../../../../../../tmp/workflow-runs-on-test2051910265/custom runs-on with array-workflow.md
--- PASS: TestRunsOnSection (0.02s)
    --- PASS: TestRunsOnSection/default_runs-on (0.01s)
    --- PASS: TestRunsOnSection/custom_runs-on (0.01s)
    --- PASS: TestRunsOnSection/custom_runs-on_with_array (0.01s)
=== RUN   TestGenerateCustomMCPCodexWorkflowConfig
=== RUN   TestGenerateCustomMCPCodexWorkflowConfig/valid_stdio_mcp_server
=== RUN   TestGenerateCustomMCPCodexWorkflowConfig/server_with_http_type_should_be_ignored_for_codex
⚠ Custom MCP server 'custom_server' has type 'http', but toml only supports 'stdio'. Ignoring this server.
--- PASS: TestGenerateCustomMCPCodexWorkflowConfig (0.00s)
    --- PASS: TestGenerateCustomMCPCodexWorkflowConfig/valid_stdio_mcp_server (0.00s)
    --- PASS: TestGenerateCustomMCPCodexWorkflowConfig/server_with_http_type_should_be_ignored_for_codex (0.00s)
=== RUN   TestGenerateCustomMCPClaudeWorkflowConfig
=== RUN   TestGenerateCustomMCPClaudeWorkflowConfig/valid_stdio_mcp_server
=== RUN   TestGenerateCustomMCPClaudeWorkflowConfig/not_last_server
=== RUN   TestGenerateCustomMCPClaudeWorkflowConfig/mcp_config_as_JSON_string
--- PASS: TestGenerateCustomMCPClaudeWorkflowConfig (0.00s)
    --- PASS: TestGenerateCustomMCPClaudeWorkflowConfig/valid_stdio_mcp_server (0.00s)
    --- PASS: TestGenerateCustomMCPClaudeWorkflowConfig/not_last_server (0.00s)
    --- PASS: TestGenerateCustomMCPClaudeWorkflowConfig/mcp_config_as_JSON_string (0.00s)
=== RUN   TestMergeAllowedListsFromMultipleIncludes
✓ ../../../../../../../tmp/multiple-includes-test1657185082/simple-workflow.md
✓ ../../../../../../../tmp/multiple-includes-test1657185082/main-workflow.md
--- PASS: TestMergeAllowedListsFromMultipleIncludes (0.01s)
=== RUN   TestMergeCustomMCPFromMultipleIncludes
✓ ../../../../../../../tmp/custom-mcp-includes-test1482281901/main-workflow.md
--- PASS: TestMergeCustomMCPFromMultipleIncludes (0.01s)
=== RUN   TestCustomMCPOnlyInIncludes
✓ ../../../../../../../tmp/custom-mcp-includes-only-test2314443819/main-workflow.md
--- PASS: TestCustomMCPOnlyInIncludes (0.01s)
=== RUN   TestCustomMCPMergingConflictDetection
--- PASS: TestCustomMCPMergingConflictDetection (0.01s)
=== RUN   TestCustomMCPMergingAllowedArrays
✓ ../../../../../../../tmp/custom-mcp-merge-allowed-test3180921947/main-workflow.md
--- PASS: TestCustomMCPMergingAllowedArrays (0.01s)
=== RUN   TestWorkflowNameWithColon
✓ ../../../../../../../tmp/workflow-test1807440735/test-colon-workflow.md
--- PASS: TestWorkflowNameWithColon (0.01s)
=== RUN   TestExtractTopLevelYAMLSection_NestedEnvIssue
=== RUN   TestExtractTopLevelYAMLSection_NestedEnvIssue/top-level_on_section_should_be_found
=== RUN   TestExtractTopLevelYAMLSection_NestedEnvIssue/top-level_timeout_minutes_should_be_found
=== RUN   TestExtractTopLevelYAMLSection_NestedEnvIssue/top-level_permissions_should_be_found
=== RUN   TestExtractTopLevelYAMLSection_NestedEnvIssue/nested_env_should_NOT_be_found_as_top-level_env
=== RUN   TestExtractTopLevelYAMLSection_NestedEnvIssue/top-level_tools_should_be_found
--- PASS: TestExtractTopLevelYAMLSection_NestedEnvIssue (0.00s)
    --- PASS: TestExtractTopLevelYAMLSection_NestedEnvIssue/top-level_on_section_should_be_found (0.00s)
    --- PASS: TestExtractTopLevelYAMLSection_NestedEnvIssue/top-level_timeout_minutes_should_be_found (0.00s)
    --- PASS: TestExtractTopLevelYAMLSection_NestedEnvIssue/top-level_permissions_should_be_found (0.00s)
    --- PASS: TestExtractTopLevelYAMLSection_NestedEnvIssue/nested_env_should_NOT_be_found_as_top-level_env (0.00s)
    --- PASS: TestExtractTopLevelYAMLSection_NestedEnvIssue/top-level_tools_should_be_found (0.00s)
=== RUN   TestCompileWorkflowWithNestedEnv_NoOrphanedEnv
✓ ../../../../../../../tmp/nested-env-test3728590500/test-nested-env.md
--- PASS: TestCompileWorkflowWithNestedEnv_NoOrphanedEnv (0.01s)
=== RUN   TestGeneratedDisclaimerInLockFile
✓ ../../../../../../../tmp/TestGeneratedDisclaimerInLockFile1875178056/001/test-workflow.md
--- PASS: TestGeneratedDisclaimerInLockFile (0.01s)
=== RUN   TestValidateWorkflowSchema
=== RUN   TestValidateWorkflowSchema/valid_minimal_workflow
=== RUN   TestValidateWorkflowSchema/invalid_workflow_-_missing_jobs
=== RUN   TestValidateWorkflowSchema/invalid_workflow_-_invalid_YAML
=== RUN   TestValidateWorkflowSchema/invalid_workflow_-_invalid_job_structure
--- PASS: TestValidateWorkflowSchema (0.19s)
    --- PASS: TestValidateWorkflowSchema/valid_minimal_workflow (0.07s)
    --- PASS: TestValidateWorkflowSchema/invalid_workflow_-_missing_jobs (0.06s)
    --- PASS: TestValidateWorkflowSchema/invalid_workflow_-_invalid_YAML (0.00s)
    --- PASS: TestValidateWorkflowSchema/invalid_workflow_-_invalid_job_structure (0.06s)
=== RUN   TestValidationCanBeSkipped
✓ ../../../../../../../tmp/validation-skip-test2273736845/test.md
--- PASS: TestValidationCanBeSkipped (0.00s)
=== RUN   TestGenerateJobName
=== RUN   TestGenerateJobName/simple_name
=== RUN   TestGenerateJobName/name_with_special_characters
=== RUN   TestGenerateJobName/name_with_colon
=== RUN   TestGenerateJobName/name_with_parentheses
=== RUN   TestGenerateJobName/name_with_slashes
=== RUN   TestGenerateJobName/name_with_quotes
=== RUN   TestGenerateJobName/name_with_multiple_spaces
=== RUN   TestGenerateJobName/single_word
=== RUN   TestGenerateJobName/empty_string
=== RUN   TestGenerateJobName/starts_with_number
=== RUN   TestGenerateJobName/name_with_@_symbol
--- PASS: TestGenerateJobName (0.00s)
    --- PASS: TestGenerateJobName/simple_name (0.00s)
    --- PASS: TestGenerateJobName/name_with_special_characters (0.00s)
    --- PASS: TestGenerateJobName/name_with_colon (0.00s)
    --- PASS: TestGenerateJobName/name_with_parentheses (0.00s)
    --- PASS: TestGenerateJobName/name_with_slashes (0.00s)
    --- PASS: TestGenerateJobName/name_with_quotes (0.00s)
    --- PASS: TestGenerateJobName/name_with_multiple_spaces (0.00s)
    --- PASS: TestGenerateJobName/single_word (0.00s)
    --- PASS: TestGenerateJobName/empty_string (0.00s)
    --- PASS: TestGenerateJobName/starts_with_number (0.00s)
    --- PASS: TestGenerateJobName/name_with_@_symbol (0.00s)
=== RUN   TestNetworkPermissionsDefaultBehavior
=== RUN   TestNetworkPermissionsDefaultBehavior/no_network_field_defaults_to_full_access
✓ ../../../../../../../tmp/TestNetworkPermissionsDefaultBehavior281080716/001/no-network-workflow.md
=== RUN   TestNetworkPermissionsDefaultBehavior/network:_defaults_should_enforce_allow-list_restrictions
✓ ../../../../../../../tmp/TestNetworkPermissionsDefaultBehavior281080716/001/defaults-network-workflow.md
=== RUN   TestNetworkPermissionsDefaultBehavior/network:_{}_should_enforce_deny-all
✓ ../../../../../../../tmp/TestNetworkPermissionsDefaultBehavior281080716/001/deny-all-workflow.md
=== RUN   TestNetworkPermissionsDefaultBehavior/network_with_allowed_domains_should_enforce_restrictions
✓ ../../../../../../../tmp/TestNetworkPermissionsDefaultBehavior281080716/001/allowed-domains-workflow.md
=== RUN   TestNetworkPermissionsDefaultBehavior/network_permissions_with_non-claude_engine_should_be_ignored
✓ ../../../../../../../tmp/TestNetworkPermissionsDefaultBehavior281080716/001/codex-network-workflow.md
--- PASS: TestNetworkPermissionsDefaultBehavior (0.03s)
    --- PASS: TestNetworkPermissionsDefaultBehavior/no_network_field_defaults_to_full_access (0.00s)
    --- PASS: TestNetworkPermissionsDefaultBehavior/network:_defaults_should_enforce_allow-list_restrictions (0.01s)
    --- PASS: TestNetworkPermissionsDefaultBehavior/network:_{}_should_enforce_deny-all (0.01s)
    --- PASS: TestNetworkPermissionsDefaultBehavior/network_with_allowed_domains_should_enforce_restrictions (0.01s)
    --- PASS: TestNetworkPermissionsDefaultBehavior/network_permissions_with_non-claude_engine_should_be_ignored (0.01s)
=== RUN   TestMCPImageField
=== RUN   TestMCPImageField/simple_container_field
✓ ../../../../../../../tmp/mcp-container-test2359821316/simple container field-workflow.md
=== RUN   TestMCPImageField/container_with_environment_variables
✓ ../../../../../../../tmp/mcp-container-test2359821316/container with environment variables-workflow.md
=== RUN   TestMCPImageField/container_with_both_container_and_command_should_fail
=== RUN   TestMCPImageField/container_with_http_type_should_fail
=== RUN   TestMCPImageField/container_field_as_JSON_string
✓ ../../../../../../../tmp/mcp-container-test2359821316/container field as JSON string-workflow.md
=== RUN   TestMCPImageField/multiple_MCP_servers_with_container_fields
✓ ../../../../../../../tmp/mcp-container-test2359821316/multiple MCP servers with container fields-workflow.md
--- PASS: TestMCPImageField (0.04s)
    --- PASS: TestMCPImageField/simple_container_field (0.01s)
    --- PASS: TestMCPImageField/container_with_environment_variables (0.01s)
    --- PASS: TestMCPImageField/container_with_both_container_and_command_should_fail (0.01s)
    --- PASS: TestMCPImageField/container_with_http_type_should_fail (0.01s)
    --- PASS: TestMCPImageField/container_field_as_JSON_string (0.01s)
    --- PASS: TestMCPImageField/multiple_MCP_servers_with_container_fields (0.00s)
=== RUN   TestTransformImageToDockerCommand
=== RUN   TestTransformImageToDockerCommand/simple_container_transformation
=== RUN   TestTransformImageToDockerCommand/container_with_environment_variables
=== RUN   TestTransformImageToDockerCommand/container_with_command_conflict
=== RUN   TestTransformImageToDockerCommand/no_container_field
=== RUN   TestTransformImageToDockerCommand/invalid_container_type
--- PASS: TestTransformImageToDockerCommand (0.00s)
    --- PASS: TestTransformImageToDockerCommand/simple_container_transformation (0.00s)
    --- PASS: TestTransformImageToDockerCommand/container_with_environment_variables (0.00s)
    --- PASS: TestTransformImageToDockerCommand/container_with_command_conflict (0.00s)
    --- PASS: TestTransformImageToDockerCommand/no_container_field (0.00s)
    --- PASS: TestTransformImageToDockerCommand/invalid_container_type (0.00s)
=== RUN   TestAIReactionWorkflow
--- PASS: TestAIReactionWorkflow (0.01s)
=== RUN   TestAIReactionWorkflowWithoutReaction
--- PASS: TestAIReactionWorkflowWithoutReaction (0.01s)
=== RUN   TestAIReactionWithCommentEditFunctionality
--- PASS: TestAIReactionWithCommentEditFunctionality (0.01s)
=== RUN   TestCommandReactionWithCommentEdit
--- PASS: TestCommandReactionWithCommentEdit (0.01s)
=== RUN   TestPullRequestDraftFilter
=== RUN   TestPullRequestDraftFilter/pull_request_with_draft:_false
✓ ../../../../../../../tmp/draft-filter-test1102979348/pull_request with draft: false-workflow.md
=== RUN   TestPullRequestDraftFilter/pull_request_with_draft:_true_(include_only_drafts)
✓ ../../../../../../../tmp/draft-filter-test1102979348/pull_request with draft: true (include only drafts)-workflow.md
=== RUN   TestPullRequestDraftFilter/pull_request_without_draft_field_(no_filter)
✓ ../../../../../../../tmp/draft-filter-test1102979348/pull_request without draft field (no filter)-workflow.md
=== RUN   TestPullRequestDraftFilter/pull_request_with_draft:_false_and_existing_if_condition
✓ ../../../../../../../tmp/draft-filter-test1102979348/pull_request with draft: false and existing if condition-workflow.md
=== RUN   TestPullRequestDraftFilter/pull_request_with_draft:_true_and_existing_if_condition
✓ ../../../../../../../tmp/draft-filter-test1102979348/pull_request with draft: true and existing if condition-workflow.md
=== RUN   TestPullRequestDraftFilter/non-pull_request_trigger_(no_filter_applied)
✓ ../../../../../../../tmp/draft-filter-test1102979348/non-pull_request trigger (no filter applied)-workflow.md
--- PASS: TestPullRequestDraftFilter (0.05s)
    --- PASS: TestPullRequestDraftFilter/pull_request_with_draft:_false (0.01s)
    --- PASS: TestPullRequestDraftFilter/pull_request_with_draft:_true_(include_only_drafts) (0.01s)
    --- PASS: TestPullRequestDraftFilter/pull_request_without_draft_field_(no_filter) (0.01s)
    --- PASS: TestPullRequestDraftFilter/pull_request_with_draft:_false_and_existing_if_condition (0.01s)
    --- PASS: TestPullRequestDraftFilter/pull_request_with_draft:_true_and_existing_if_condition (0.01s)
    --- PASS: TestPullRequestDraftFilter/non-pull_request_trigger_(no_filter_applied) (0.01s)
=== RUN   TestDraftFieldCommentingInOnSection
=== RUN   TestDraftFieldCommentingInOnSection/pull_request_with_draft:_false_and_paths
✓ ../../../../../../../tmp/draft-commenting-test671317785/pull_request with draft: false and paths-workflow.md
=== RUN   TestDraftFieldCommentingInOnSection/pull_request_with_draft:_true_and_types
✓ ../../../../../../../tmp/draft-commenting-test671317785/pull_request with draft: true and types-workflow.md
=== RUN   TestDraftFieldCommentingInOnSection/pull_request_with_only_draft_field
✓ ../../../../../../../tmp/draft-commenting-test671317785/pull_request with only draft field-workflow.md
=== RUN   TestDraftFieldCommentingInOnSection/workflow_dispatch_with_pull_request_having_draft
✓ ../../../../../../../tmp/draft-commenting-test671317785/workflow_dispatch with pull_request having draft-workflow.md
--- PASS: TestDraftFieldCommentingInOnSection (0.05s)
    --- PASS: TestDraftFieldCommentingInOnSection/pull_request_with_draft:_false_and_paths (0.01s)
    --- PASS: TestDraftFieldCommentingInOnSection/pull_request_with_draft:_true_and_types (0.02s)
    --- PASS: TestDraftFieldCommentingInOnSection/pull_request_with_only_draft_field (0.01s)
    --- PASS: TestDraftFieldCommentingInOnSection/workflow_dispatch_with_pull_request_having_draft (0.01s)
=== RUN   TestCompileWorkflowWithInvalidYAML
=== RUN   TestCompileWorkflowWithInvalidYAML/unclosed_bracket_in_array
=== RUN   TestCompileWorkflowWithInvalidYAML/invalid_mapping_context
=== RUN   TestCompileWorkflowWithInvalidYAML/bad_indentation
=== RUN   TestCompileWorkflowWithInvalidYAML/unclosed_quote
=== RUN   TestCompileWorkflowWithInvalidYAML/duplicate_keys
=== RUN   TestCompileWorkflowWithInvalidYAML/invalid_boolean_value
=== RUN   TestCompileWorkflowWithInvalidYAML/missing_colon_in_mapping
=== RUN   TestCompileWorkflowWithInvalidYAML/invalid_array_syntax_missing_comma
=== RUN   TestCompileWorkflowWithInvalidYAML/mixed_tabs_and_spaces
=== RUN   TestCompileWorkflowWithInvalidYAML/invalid_number_format
=== RUN   TestCompileWorkflowWithInvalidYAML/invalid_nested_structure
=== RUN   TestCompileWorkflowWithInvalidYAML/unclosed_flow_mapping
=== RUN   TestCompileWorkflowWithInvalidYAML/yaml_error_with_column_information_support
--- PASS: TestCompileWorkflowWithInvalidYAML (0.02s)
    --- PASS: TestCompileWorkflowWithInvalidYAML/unclosed_bracket_in_array (0.00s)
    --- PASS: TestCompileWorkflowWithInvalidYAML/invalid_mapping_context (0.00s)
    --- PASS: TestCompileWorkflowWithInvalidYAML/bad_indentation (0.00s)
    --- PASS: TestCompileWorkflowWithInvalidYAML/unclosed_quote (0.00s)
    --- PASS: TestCompileWorkflowWithInvalidYAML/duplicate_keys (0.00s)
    --- PASS: TestCompileWorkflowWithInvalidYAML/invalid_boolean_value (0.00s)
    --- PASS: TestCompileWorkflowWithInvalidYAML/missing_colon_in_mapping (0.00s)
    --- PASS: TestCompileWorkflowWithInvalidYAML/invalid_array_syntax_missing_comma (0.00s)
    --- PASS: TestCompileWorkflowWithInvalidYAML/mixed_tabs_and_spaces (0.00s)
    --- PASS: TestCompileWorkflowWithInvalidYAML/invalid_number_format (0.01s)
    --- PASS: TestCompileWorkflowWithInvalidYAML/invalid_nested_structure (0.00s)
    --- PASS: TestCompileWorkflowWithInvalidYAML/unclosed_flow_mapping (0.00s)
    --- PASS: TestCompileWorkflowWithInvalidYAML/yaml_error_with_column_information_support (0.00s)
=== RUN   TestCommentOutProcessedFieldsInOnSection
=== RUN   TestCommentOutProcessedFieldsInOnSection/pull_request_with_draft_and_paths
=== RUN   TestCommentOutProcessedFieldsInOnSection/pull_request_with_draft_and_types
=== RUN   TestCommentOutProcessedFieldsInOnSection/pull_request_with_only_draft_field
=== RUN   TestCommentOutProcessedFieldsInOnSection/multiple_pull_request_sections
=== RUN   TestCommentOutProcessedFieldsInOnSection/no_pull_request_section
=== RUN   TestCommentOutProcessedFieldsInOnSection/pull_request_without_draft_field
--- PASS: TestCommentOutProcessedFieldsInOnSection (0.00s)
    --- PASS: TestCommentOutProcessedFieldsInOnSection/pull_request_with_draft_and_paths (0.00s)
    --- PASS: TestCommentOutProcessedFieldsInOnSection/pull_request_with_draft_and_types (0.00s)
    --- PASS: TestCommentOutProcessedFieldsInOnSection/pull_request_with_only_draft_field (0.00s)
    --- PASS: TestCommentOutProcessedFieldsInOnSection/multiple_pull_request_sections (0.00s)
    --- PASS: TestCommentOutProcessedFieldsInOnSection/no_pull_request_section (0.00s)
    --- PASS: TestCommentOutProcessedFieldsInOnSection/pull_request_without_draft_field (0.00s)
=== RUN   TestCacheSupport
=== RUN   TestCacheSupport/single_cache_configuration
✓ ../../../../../../../tmp/TestCacheSupportsingle_cache_configuration1013247934/001/test-workflow.md
=== RUN   TestCacheSupport/multiple_cache_configurations
✓ ../../../../../../../tmp/TestCacheSupportmultiple_cache_configurations56141904/001/test-workflow.md
=== RUN   TestCacheSupport/cache_with_all_optional_parameters
✓ ../../../../../../../tmp/TestCacheSupportcache_with_all_optional_parameters4104804826/001/test-workflow.md
--- PASS: TestCacheSupport (0.02s)
    --- PASS: TestCacheSupport/single_cache_configuration (0.01s)
    --- PASS: TestCacheSupport/multiple_cache_configurations (0.01s)
    --- PASS: TestCacheSupport/cache_with_all_optional_parameters (0.00s)
=== RUN   TestPostStepsGeneration
✓ ../../../../../../../tmp/post-steps-test3260878960/test-post-steps.md
    compiler_test.go:4056: Step order verified: Pre-step (434) < AI execution (8461) < Post-step (29462)
--- PASS: TestPostStepsGeneration (0.00s)
=== RUN   TestPostStepsOnly
✓ ../../../../../../../tmp/post-steps-only-test2445611989/test-post-steps-only.md
--- PASS: TestPostStepsOnly (0.01s)
=== RUN   TestDefaultPermissions
✓ ../../../../../../../tmp/default-permissions-test1832772694/test-default-permissions.md
--- PASS: TestDefaultPermissions (0.01s)
=== RUN   TestCustomPermissionsOverrideDefaults
✓ ../../../../../../../tmp/custom-permissions-test1614193767/test-custom-permissions.md
--- PASS: TestCustomPermissionsOverrideDefaults (0.01s)
=== RUN   TestCustomStepsIndentation
=== RUN   TestCustomStepsIndentation/standard_2_space_indentation
✓ ../../../../../../../tmp/steps-indentation-test1324933599/test-standard_2_space_indentation.md
=== RUN   TestCustomStepsIndentation/odd_3_space_indentation
✓ ../../../../../../../tmp/steps-indentation-test1324933599/test-odd_3_space_indentation.md
=== RUN   TestCustomStepsIndentation/deep_nesting
✓ ../../../../../../../tmp/steps-indentation-test1324933599/test-deep_nesting.md
--- PASS: TestCustomStepsIndentation (0.03s)
    --- PASS: TestCustomStepsIndentation/standard_2_space_indentation (0.01s)
    --- PASS: TestCustomStepsIndentation/odd_3_space_indentation (0.01s)
    --- PASS: TestCustomStepsIndentation/deep_nesting (0.01s)
=== RUN   TestStopAfterCompiledAway
=== RUN   TestStopAfterCompiledAway/stop-after_with_workflow_dispatch
✓ ../../../../../../../tmp/stop-after-test1520683488/stop-after with workflow_dispatch-workflow.md
=== RUN   TestStopAfterCompiledAway/stop-after_with_command_trigger
✓ ../../../../../../../tmp/stop-after-test1520683488/stop-after with command trigger-workflow.md
=== RUN   TestStopAfterCompiledAway/stop-after_with_reaction
✓ ../../../../../../../tmp/stop-after-test1520683488/stop-after with reaction-workflow.md
=== RUN   TestStopAfterCompiledAway/stop-after_only_with_schedule
✓ ../../../../../../../tmp/stop-after-test1520683488/stop-after only with schedule-workflow.md
=== RUN   TestStopAfterCompiledAway/stop-after_with_both_command_and_reaction
✓ ../../../../../../../tmp/stop-after-test1520683488/stop-after with both command and reaction-workflow.md
=== RUN   TestStopAfterCompiledAway/stop-after_with_reaction_and_schedule
✓ ../../../../../../../tmp/stop-after-test1520683488/stop-after with reaction and schedule-workflow.md
=== RUN   TestStopAfterCompiledAway/stop-after_with_command_and_schedule
✓ ../../../../../../../tmp/stop-after-test1520683488/stop-after with command and schedule-workflow.md
--- PASS: TestStopAfterCompiledAway (0.06s)
    --- PASS: TestStopAfterCompiledAway/stop-after_with_workflow_dispatch (0.01s)
    --- PASS: TestStopAfterCompiledAway/stop-after_with_command_trigger (0.01s)
    --- PASS: TestStopAfterCompiledAway/stop-after_with_reaction (0.01s)
    --- PASS: TestStopAfterCompiledAway/stop-after_only_with_schedule (0.01s)
    --- PASS: TestStopAfterCompiledAway/stop-after_with_both_command_and_reaction (0.01s)
    --- PASS: TestStopAfterCompiledAway/stop-after_with_reaction_and_schedule (0.01s)
    --- PASS: TestStopAfterCompiledAway/stop-after_with_command_and_schedule (0.01s)
=== RUN   TestCustomStepsEdgeCases
=== RUN   TestCustomStepsEdgeCases/no_custom_steps
✓ ../../../../../../../tmp/steps-edge-cases-test525264263/test-no_custom_steps.md
=== RUN   TestCustomStepsEdgeCases/empty_steps
✓ ../../../../../../../tmp/steps-edge-cases-test525264263/test-empty_steps.md
=== RUN   TestCustomStepsEdgeCases/steps_with_only_whitespace
✓ ../../../../../../../tmp/steps-edge-cases-test525264263/test-steps_with_only_whitespace.md
--- PASS: TestCustomStepsEdgeCases (0.03s)
    --- PASS: TestCustomStepsEdgeCases/no_custom_steps (0.01s)
    --- PASS: TestCustomStepsEdgeCases/empty_steps (0.01s)
    --- PASS: TestCustomStepsEdgeCases/steps_with_only_whitespace (0.01s)
=== RUN   TestAccessLogUploadConditional
=== RUN   TestAccessLogUploadConditional/no_tools_-_no_access_log_steps
=== RUN   TestAccessLogUploadConditional/tool_with_container_but_no_network_permissions_-_no_access_log_steps
=== RUN   TestAccessLogUploadConditional/tool_with_container_and_network_permissions_-_access_log_steps_generated
--- PASS: TestAccessLogUploadConditional (0.00s)
    --- PASS: TestAccessLogUploadConditional/no_tools_-_no_access_log_steps (0.00s)
    --- PASS: TestAccessLogUploadConditional/tool_with_container_but_no_network_permissions_-_no_access_log_steps (0.00s)
    --- PASS: TestAccessLogUploadConditional/tool_with_container_and_network_permissions_-_access_log_steps_generated (0.00s)
=== RUN   TestPullRequestForksArrayFilter
=== RUN   TestPullRequestForksArrayFilter/pull_request_with_forks_array_(exact_matches)
✓ ../../../../../../../tmp/forks-array-filter-test226332779/pull_request with forks array (exact matches)-workflow.md
=== RUN   TestPullRequestForksArrayFilter/pull_request_with_forks_array_(glob_patterns)
✓ ../../../../../../../tmp/forks-array-filter-test226332779/pull_request with forks array (glob patterns)-workflow.md
=== RUN   TestPullRequestForksArrayFilter/pull_request_with_forks_array_(mixed_exact_and_glob)
✓ ../../../../../../../tmp/forks-array-filter-test226332779/pull_request with forks array (mixed exact and glob)-workflow.md
=== RUN   TestPullRequestForksArrayFilter/pull_request_with_empty_forks_array
✓ ../../../../../../../tmp/forks-array-filter-test226332779/pull_request with empty forks array-workflow.md
=== RUN   TestPullRequestForksArrayFilter/pull_request_with_forks_array_and_existing_if_condition
✓ ../../../../../../../tmp/forks-array-filter-test226332779/pull_request with forks array and existing if condition-workflow.md
=== RUN   TestPullRequestForksArrayFilter/pull_request_with_forks_single_string_(exact_match)
✓ ../../../../../../../tmp/forks-array-filter-test226332779/pull_request with forks single string (exact match)-workflow.md
=== RUN   TestPullRequestForksArrayFilter/pull_request_with_forks_single_string_(glob_pattern)
✓ ../../../../../../../tmp/forks-array-filter-test226332779/pull_request with forks single string (glob pattern)-workflow.md
=== RUN   TestPullRequestForksArrayFilter/pull_request_with_forks_wildcard_string_(allow_all_forks)
✓ ../../../../../../../tmp/forks-array-filter-test226332779/pull_request with forks wildcard string (allow all forks)-workflow.md
=== RUN   TestPullRequestForksArrayFilter/pull_request_with_forks_array_containing_wildcard
✓ ../../../../../../../tmp/forks-array-filter-test226332779/pull_request with forks array containing wildcard-workflow.md
--- PASS: TestPullRequestForksArrayFilter (0.05s)
    --- PASS: TestPullRequestForksArrayFilter/pull_request_with_forks_array_(exact_matches) (0.01s)
    --- PASS: TestPullRequestForksArrayFilter/pull_request_with_forks_array_(glob_patterns) (0.01s)
    --- PASS: TestPullRequestForksArrayFilter/pull_request_with_forks_array_(mixed_exact_and_glob) (0.00s)
    --- PASS: TestPullRequestForksArrayFilter/pull_request_with_empty_forks_array (0.00s)
    --- PASS: TestPullRequestForksArrayFilter/pull_request_with_forks_array_and_existing_if_condition (0.00s)
    --- PASS: TestPullRequestForksArrayFilter/pull_request_with_forks_single_string_(exact_match) (0.00s)
    --- PASS: TestPullRequestForksArrayFilter/pull_request_with_forks_single_string_(glob_pattern) (0.01s)
    --- PASS: TestPullRequestForksArrayFilter/pull_request_with_forks_wildcard_string_(allow_all_forks) (0.00s)
    --- PASS: TestPullRequestForksArrayFilter/pull_request_with_forks_array_containing_wildcard (0.01s)
=== RUN   TestForksArrayFieldCommentingInOnSection
=== RUN   TestForksArrayFieldCommentingInOnSection/pull_request_with_forks_array_and_types
✓ ../../../../../../../tmp/forks-array-commenting-test934902417/pull_request with forks array and types-workflow.md
=== RUN   TestForksArrayFieldCommentingInOnSection/pull_request_with_only_forks_array
✓ ../../../../../../../tmp/forks-array-commenting-test934902417/pull_request with only forks array-workflow.md
=== RUN   TestForksArrayFieldCommentingInOnSection/pull_request_with_forks_single_string
✓ ../../../../../../../tmp/forks-array-commenting-test934902417/pull_request with forks single string-workflow.md
=== RUN   TestForksArrayFieldCommentingInOnSection/pull_request_with_forks_wildcard_string
✓ ../../../../../../../tmp/forks-array-commenting-test934902417/pull_request with forks wildcard string-workflow.md
--- PASS: TestForksArrayFieldCommentingInOnSection (0.03s)
    --- PASS: TestForksArrayFieldCommentingInOnSection/pull_request_with_forks_array_and_types (0.01s)
    --- PASS: TestForksArrayFieldCommentingInOnSection/pull_request_with_only_forks_array (0.01s)
    --- PASS: TestForksArrayFieldCommentingInOnSection/pull_request_with_forks_single_string (0.01s)
    --- PASS: TestForksArrayFieldCommentingInOnSection/pull_request_with_forks_wildcard_string (0.01s)
=== RUN   TestComputeTextLazyInsertion
=== RUN   TestComputeTextLazyInsertion/workflow_with_text_usage
✓ ../../../../../../../tmp/compute-text-lazy-test970119730/with-text.md
=== RUN   TestComputeTextLazyInsertion/workflow_without_text_usage
✓ ../../../../../../../tmp/compute-text-lazy-test970119730/without-text.md
--- PASS: TestComputeTextLazyInsertion (0.02s)
    --- PASS: TestComputeTextLazyInsertion/workflow_with_text_usage (0.01s)
    --- PASS: TestComputeTextLazyInsertion/workflow_without_text_usage (0.01s)
=== RUN   TestDetectTextOutputUsage
=== RUN   TestDetectTextOutputUsage/with_text_usage
=== RUN   TestDetectTextOutputUsage/without_text_usage
=== RUN   TestDetectTextOutputUsage/with_other_github_expressions
=== RUN   TestDetectTextOutputUsage/with_partial_match
=== RUN   TestDetectTextOutputUsage/with_multiple_usages
--- PASS: TestDetectTextOutputUsage (0.00s)
    --- PASS: TestDetectTextOutputUsage/with_text_usage (0.00s)
    --- PASS: TestDetectTextOutputUsage/without_text_usage (0.00s)
    --- PASS: TestDetectTextOutputUsage/with_other_github_expressions (0.00s)
    --- PASS: TestDetectTextOutputUsage/with_partial_match (0.00s)
    --- PASS: TestDetectTextOutputUsage/with_multiple_usages (0.00s)
=== RUN   TestConcurrencyRules
=== RUN   TestConcurrencyRules/PR_workflow_should_have_dynamic_concurrency_with_cancel
    concurrency_test.go:132: Workflow: PR workflows should use dynamic concurrency with PR number and cancellation
    concurrency_test.go:133:   On: on:
          pull_request:
            types:
            - opened
            - edited
    concurrency_test.go:134:   Concurrency: concurrency:
          group: "gh-aw-${{ github.workflow }}-${{ github.event.pull_request.number || github.ref }}"
          cancel-in-progress: true
=== RUN   TestConcurrencyRules/command_workflow_should_have_dynamic_concurrency_without_cancel
    concurrency_test.go:132: Workflow: Alias workflows should use dynamic concurrency with ref but without cancellation
    concurrency_test.go:133:   On: on:
          issues:
            types: [opened, edited, reopened]
          issue_comment:
            types: [created, edited]
          pull_request:
            types: [opened, edited, reopened]
          pull_request_review_comment:
            types: [created, edited]
    concurrency_test.go:134:   Concurrency: concurrency:
          group: "gh-aw-${{ github.workflow }}-${{ github.event.issue.number || github.event.pull_request.number }}"
=== RUN   TestConcurrencyRules/regular_workflow_should_use_static_concurrency_without_cancel
    concurrency_test.go:132: Workflow: Regular workflows should use static concurrency without cancellation
    concurrency_test.go:133:   On: on:
          schedule:
          - cron: 0 9 * * 1
    concurrency_test.go:134:   Concurrency: concurrency:
          group: "gh-aw-${{ github.workflow }}"
=== RUN   TestConcurrencyRules/push_workflow_should_use_static_concurrency_without_cancel
    concurrency_test.go:132: Workflow: Push workflows should use static concurrency without cancellation
    concurrency_test.go:133:   On: on:
          push:
            branches:
            - main
    concurrency_test.go:134:   Concurrency: concurrency:
          group: "gh-aw-${{ github.workflow }}"
=== RUN   TestConcurrencyRules/issue_workflow_should_have_dynamic_concurrency_with_issue_number
    concurrency_test.go:132: Workflow: Issue workflows should use dynamic concurrency with issue number but no cancellation
    concurrency_test.go:133:   On: on:
          issues:
            types:
            - opened
            - edited
    concurrency_test.go:134:   Concurrency: concurrency:
          group: "gh-aw-${{ github.workflow }}-${{ github.event.issue.number }}"
--- PASS: TestConcurrencyRules (0.03s)
    --- PASS: TestConcurrencyRules/PR_workflow_should_have_dynamic_concurrency_with_cancel (0.01s)
    --- PASS: TestConcurrencyRules/command_workflow_should_have_dynamic_concurrency_without_cancel (0.00s)
    --- PASS: TestConcurrencyRules/regular_workflow_should_use_static_concurrency_without_cancel (0.01s)
    --- PASS: TestConcurrencyRules/push_workflow_should_use_static_concurrency_without_cancel (0.00s)
    --- PASS: TestConcurrencyRules/issue_workflow_should_have_dynamic_concurrency_with_issue_number (0.01s)
=== RUN   TestGenerateConcurrencyConfig
=== RUN   TestGenerateConcurrencyConfig/PR_workflow_should_have_dynamic_concurrency_with_cancel_and_PR_number
=== RUN   TestGenerateConcurrencyConfig/Alias_workflow_should_have_dynamic_concurrency_without_cancel
=== RUN   TestGenerateConcurrencyConfig/Regular_workflow_should_use_static_concurrency_without_cancel
=== RUN   TestGenerateConcurrencyConfig/Issue_workflow_should_have_dynamic_concurrency_with_issue_number
=== RUN   TestGenerateConcurrencyConfig/Issue_comment_workflow_should_have_dynamic_concurrency_with_issue_number
=== RUN   TestGenerateConcurrencyConfig/Mixed_issue_and_PR_workflow_should_have_dynamic_concurrency_with_issue/PR_number
=== RUN   TestGenerateConcurrencyConfig/Discussion_workflow_should_have_dynamic_concurrency_with_discussion_number
=== RUN   TestGenerateConcurrencyConfig/Mixed_issue_and_discussion_workflow_should_have_dynamic_concurrency_with_issue/discussion_number
=== RUN   TestGenerateConcurrencyConfig/Existing_concurrency_should_not_be_overridden
--- PASS: TestGenerateConcurrencyConfig (0.00s)
    --- PASS: TestGenerateConcurrencyConfig/PR_workflow_should_have_dynamic_concurrency_with_cancel_and_PR_number (0.00s)
    --- PASS: TestGenerateConcurrencyConfig/Alias_workflow_should_have_dynamic_concurrency_without_cancel (0.00s)
    --- PASS: TestGenerateConcurrencyConfig/Regular_workflow_should_use_static_concurrency_without_cancel (0.00s)
    --- PASS: TestGenerateConcurrencyConfig/Issue_workflow_should_have_dynamic_concurrency_with_issue_number (0.00s)
    --- PASS: TestGenerateConcurrencyConfig/Issue_comment_workflow_should_have_dynamic_concurrency_with_issue_number (0.00s)
    --- PASS: TestGenerateConcurrencyConfig/Mixed_issue_and_PR_workflow_should_have_dynamic_concurrency_with_issue/PR_number (0.00s)
    --- PASS: TestGenerateConcurrencyConfig/Discussion_workflow_should_have_dynamic_concurrency_with_discussion_number (0.00s)
    --- PASS: TestGenerateConcurrencyConfig/Mixed_issue_and_discussion_workflow_should_have_dynamic_concurrency_with_issue/discussion_number (0.00s)
    --- PASS: TestGenerateConcurrencyConfig/Existing_concurrency_should_not_be_overridden (0.00s)
=== RUN   TestIsPullRequestWorkflow
=== RUN   TestIsPullRequestWorkflow/Pull_request_workflow_should_be_identified
=== RUN   TestIsPullRequestWorkflow/Pull_request_review_comment_workflow_should_be_identified
=== RUN   TestIsPullRequestWorkflow/Schedule_workflow_should_not_be_identified_as_PR_workflow
=== RUN   TestIsPullRequestWorkflow/Issues_workflow_should_not_be_identified_as_PR_workflow
=== RUN   TestIsPullRequestWorkflow/Mixed_workflow_with_PR_should_be_identified
--- PASS: TestIsPullRequestWorkflow (0.00s)
    --- PASS: TestIsPullRequestWorkflow/Pull_request_workflow_should_be_identified (0.00s)
    --- PASS: TestIsPullRequestWorkflow/Pull_request_review_comment_workflow_should_be_identified (0.00s)
    --- PASS: TestIsPullRequestWorkflow/Schedule_workflow_should_not_be_identified_as_PR_workflow (0.00s)
    --- PASS: TestIsPullRequestWorkflow/Issues_workflow_should_not_be_identified_as_PR_workflow (0.00s)
    --- PASS: TestIsPullRequestWorkflow/Mixed_workflow_with_PR_should_be_identified (0.00s)
=== RUN   TestIsIssueWorkflow
=== RUN   TestIsIssueWorkflow/Issues_workflow_should_be_identified
=== RUN   TestIsIssueWorkflow/Issue_comment_workflow_should_be_identified
=== RUN   TestIsIssueWorkflow/Pull_request_workflow_should_not_be_identified_as_issue_workflow
=== RUN   TestIsIssueWorkflow/Schedule_workflow_should_not_be_identified_as_issue_workflow
=== RUN   TestIsIssueWorkflow/Mixed_workflow_with_issues_should_be_identified
=== RUN   TestIsIssueWorkflow/Mixed_workflow_with_issue_comment_should_be_identified
--- PASS: TestIsIssueWorkflow (0.00s)
    --- PASS: TestIsIssueWorkflow/Issues_workflow_should_be_identified (0.00s)
    --- PASS: TestIsIssueWorkflow/Issue_comment_workflow_should_be_identified (0.00s)
    --- PASS: TestIsIssueWorkflow/Pull_request_workflow_should_not_be_identified_as_issue_workflow (0.00s)
    --- PASS: TestIsIssueWorkflow/Schedule_workflow_should_not_be_identified_as_issue_workflow (0.00s)
    --- PASS: TestIsIssueWorkflow/Mixed_workflow_with_issues_should_be_identified (0.00s)
    --- PASS: TestIsIssueWorkflow/Mixed_workflow_with_issue_comment_should_be_identified (0.00s)
=== RUN   TestIsDiscussionWorkflow
=== RUN   TestIsDiscussionWorkflow/Discussion_workflow_should_be_identified
=== RUN   TestIsDiscussionWorkflow/Discussion_comment_workflow_should_be_identified
=== RUN   TestIsDiscussionWorkflow/Issues_workflow_should_not_be_identified_as_discussion_workflow
=== RUN   TestIsDiscussionWorkflow/Mixed_workflow_with_discussion_should_be_identified
--- PASS: TestIsDiscussionWorkflow (0.00s)
    --- PASS: TestIsDiscussionWorkflow/Discussion_workflow_should_be_identified (0.00s)
    --- PASS: TestIsDiscussionWorkflow/Discussion_comment_workflow_should_be_identified (0.00s)
    --- PASS: TestIsDiscussionWorkflow/Issues_workflow_should_not_be_identified_as_discussion_workflow (0.00s)
    --- PASS: TestIsDiscussionWorkflow/Mixed_workflow_with_discussion_should_be_identified (0.00s)
=== RUN   TestBuildConcurrencyGroupKeys
=== RUN   TestBuildConcurrencyGroupKeys/Alias_workflow_should_include_issue/PR_number
=== RUN   TestBuildConcurrencyGroupKeys/Pure_PR_workflow_should_include_PR_number
=== RUN   TestBuildConcurrencyGroupKeys/Pure_issue_workflow_should_include_issue_number
=== RUN   TestBuildConcurrencyGroupKeys/Mixed_issue_and_PR_workflow_should_include_issue/PR_number
=== RUN   TestBuildConcurrencyGroupKeys/Pure_discussion_workflow_should_include_discussion_number
=== RUN   TestBuildConcurrencyGroupKeys/Mixed_issue_and_discussion_workflow_should_include_issue/discussion_number
=== RUN   TestBuildConcurrencyGroupKeys/Other_workflow_should_not_include_additional_keys
--- PASS: TestBuildConcurrencyGroupKeys (0.00s)
    --- PASS: TestBuildConcurrencyGroupKeys/Alias_workflow_should_include_issue/PR_number (0.00s)
    --- PASS: TestBuildConcurrencyGroupKeys/Pure_PR_workflow_should_include_PR_number (0.00s)
    --- PASS: TestBuildConcurrencyGroupKeys/Pure_issue_workflow_should_include_issue_number (0.00s)
    --- PASS: TestBuildConcurrencyGroupKeys/Mixed_issue_and_PR_workflow_should_include_issue/PR_number (0.00s)
    --- PASS: TestBuildConcurrencyGroupKeys/Pure_discussion_workflow_should_include_discussion_number (0.00s)
    --- PASS: TestBuildConcurrencyGroupKeys/Mixed_issue_and_discussion_workflow_should_include_issue/discussion_number (0.00s)
    --- PASS: TestBuildConcurrencyGroupKeys/Other_workflow_should_not_include_additional_keys (0.00s)
=== RUN   TestShouldEnableCancelInProgress
=== RUN   TestShouldEnableCancelInProgress/Alias_workflow_should_not_enable_cancellation
=== RUN   TestShouldEnableCancelInProgress/PR_workflow_should_enable_cancellation
=== RUN   TestShouldEnableCancelInProgress/Issue_workflow_should_not_enable_cancellation
=== RUN   TestShouldEnableCancelInProgress/Mixed_issue_and_PR_workflow_should_enable_cancellation
=== RUN   TestShouldEnableCancelInProgress/Other_workflow_should_not_enable_cancellation
--- PASS: TestShouldEnableCancelInProgress (0.00s)
    --- PASS: TestShouldEnableCancelInProgress/Alias_workflow_should_not_enable_cancellation (0.00s)
    --- PASS: TestShouldEnableCancelInProgress/PR_workflow_should_enable_cancellation (0.00s)
    --- PASS: TestShouldEnableCancelInProgress/Issue_workflow_should_not_enable_cancellation (0.00s)
    --- PASS: TestShouldEnableCancelInProgress/Mixed_issue_and_PR_workflow_should_enable_cancellation (0.00s)
    --- PASS: TestShouldEnableCancelInProgress/Other_workflow_should_not_enable_cancellation (0.00s)
=== RUN   TestCreateIssueSubissueFeature
--- PASS: TestCreateIssueSubissueFeature (0.00s)
=== RUN   TestCreateIssueWorkflowCompilationWithSubissue
✓ ../../../../../../../tmp/subissue-test2051241476/test-subissue.md
--- PASS: TestCreateIssueWorkflowCompilationWithSubissue (0.01s)
=== RUN   TestCustomEngineWorkflowCompilation
=== RUN   TestCustomEngineWorkflowCompilation/custom_engine_with_simple_steps
⚠ Using experimental Custom Steps support (engine: custom)
✓ ../../../../../../../tmp/custom-engine-test2951668107/test-custom-workflow.md
=== RUN   TestCustomEngineWorkflowCompilation/custom_engine_with_single_step
⚠ Using experimental Custom Steps support (engine: custom)
✓ ../../../../../../../tmp/custom-engine-test2951668107/test-custom-workflow.md
--- PASS: TestCustomEngineWorkflowCompilation (0.01s)
    --- PASS: TestCustomEngineWorkflowCompilation/custom_engine_with_simple_steps (0.01s)
    --- PASS: TestCustomEngineWorkflowCompilation/custom_engine_with_single_step (0.01s)
=== RUN   TestCustomEngineWithoutSteps
⚠ Using experimental Custom Steps support (engine: custom)
✓ ../../../../../../../tmp/custom-engine-no-steps-test1223973035/test-custom-no-steps.md
--- PASS: TestCustomEngineWithoutSteps (0.00s)
=== RUN   TestCustomEngine
--- PASS: TestCustomEngine (0.00s)
=== RUN   TestCustomEngineGetInstallationSteps
--- PASS: TestCustomEngineGetInstallationSteps (0.00s)
=== RUN   TestCustomEngineGetExecutionSteps
--- PASS: TestCustomEngineGetExecutionSteps (0.00s)
=== RUN   TestCustomEngineGetExecutionStepsWithIdAndContinueOnError
--- PASS: TestCustomEngineGetExecutionStepsWithIdAndContinueOnError (0.00s)
=== RUN   TestCustomEngineGetExecutionStepsWithSteps
--- PASS: TestCustomEngineGetExecutionStepsWithSteps (0.00s)
=== RUN   TestCustomEngineRenderMCPConfig
--- PASS: TestCustomEngineRenderMCPConfig (0.00s)
=== RUN   TestCustomEngineParseLogMetrics
--- PASS: TestCustomEngineParseLogMetrics (0.00s)
=== RUN   TestCustomEngineGetLogParserScript
--- PASS: TestCustomEngineGetLogParserScript (0.00s)
=== RUN   TestEcosystemDomainExpansion
=== RUN   TestEcosystemDomainExpansion/defaults_ecosystem_includes_basic_infrastructure
=== RUN   TestEcosystemDomainExpansion/containers_ecosystem_includes_container_registries
=== RUN   TestEcosystemDomainExpansion/dotnet_ecosystem_includes_.NET_and_NuGet_domains
=== RUN   TestEcosystemDomainExpansion/python_ecosystem_includes_Python_package_domains
=== RUN   TestEcosystemDomainExpansion/go_ecosystem_includes_Go_package_domains
=== RUN   TestEcosystemDomainExpansion/node_ecosystem_includes_Node.js_package_domains
=== RUN   TestEcosystemDomainExpansion/github_ecosystem_includes_GitHub_domains
=== RUN   TestEcosystemDomainExpansion/multiple_ecosystems_can_be_combined
=== RUN   TestEcosystemDomainExpansion/unknown_ecosystem_identifier_is_treated_as_domain
--- PASS: TestEcosystemDomainExpansion (0.00s)
    --- PASS: TestEcosystemDomainExpansion/defaults_ecosystem_includes_basic_infrastructure (0.00s)
    --- PASS: TestEcosystemDomainExpansion/containers_ecosystem_includes_container_registries (0.00s)
    --- PASS: TestEcosystemDomainExpansion/dotnet_ecosystem_includes_.NET_and_NuGet_domains (0.00s)
    --- PASS: TestEcosystemDomainExpansion/python_ecosystem_includes_Python_package_domains (0.00s)
    --- PASS: TestEcosystemDomainExpansion/go_ecosystem_includes_Go_package_domains (0.00s)
    --- PASS: TestEcosystemDomainExpansion/node_ecosystem_includes_Node.js_package_domains (0.00s)
    --- PASS: TestEcosystemDomainExpansion/github_ecosystem_includes_GitHub_domains (0.00s)
    --- PASS: TestEcosystemDomainExpansion/multiple_ecosystems_can_be_combined (0.00s)
    --- PASS: TestEcosystemDomainExpansion/unknown_ecosystem_identifier_is_treated_as_domain (0.00s)
=== RUN   TestAllEcosystemDomainFunctions
=== RUN   TestAllEcosystemDomainFunctions/getDefaultAllowedDomains
=== RUN   TestAllEcosystemDomainFunctions/getContainerDomains
=== RUN   TestAllEcosystemDomainFunctions/getDotnetDomains
=== RUN   TestAllEcosystemDomainFunctions/getDartDomains
=== RUN   TestAllEcosystemDomainFunctions/getGitHubDomains
=== RUN   TestAllEcosystemDomainFunctions/getGoDomains
=== RUN   TestAllEcosystemDomainFunctions/getTerraformDomains
=== RUN   TestAllEcosystemDomainFunctions/getHaskellDomains
=== RUN   TestAllEcosystemDomainFunctions/getJavaDomains
=== RUN   TestAllEcosystemDomainFunctions/getLinuxDistrosDomains
=== RUN   TestAllEcosystemDomainFunctions/getNodeDomains
=== RUN   TestAllEcosystemDomainFunctions/getPerlDomains
=== RUN   TestAllEcosystemDomainFunctions/getPhpDomains
=== RUN   TestAllEcosystemDomainFunctions/getPlaywrightDomains
=== RUN   TestAllEcosystemDomainFunctions/getPythonDomains
=== RUN   TestAllEcosystemDomainFunctions/getRubyDomains
=== RUN   TestAllEcosystemDomainFunctions/getRustDomains
=== RUN   TestAllEcosystemDomainFunctions/getSwiftDomains
--- PASS: TestAllEcosystemDomainFunctions (0.00s)
    --- PASS: TestAllEcosystemDomainFunctions/getDefaultAllowedDomains (0.00s)
    --- PASS: TestAllEcosystemDomainFunctions/getContainerDomains (0.00s)
    --- PASS: TestAllEcosystemDomainFunctions/getDotnetDomains (0.00s)
    --- PASS: TestAllEcosystemDomainFunctions/getDartDomains (0.00s)
    --- PASS: TestAllEcosystemDomainFunctions/getGitHubDomains (0.00s)
    --- PASS: TestAllEcosystemDomainFunctions/getGoDomains (0.00s)
    --- PASS: TestAllEcosystemDomainFunctions/getTerraformDomains (0.00s)
    --- PASS: TestAllEcosystemDomainFunctions/getHaskellDomains (0.00s)
    --- PASS: TestAllEcosystemDomainFunctions/getJavaDomains (0.00s)
    --- PASS: TestAllEcosystemDomainFunctions/getLinuxDistrosDomains (0.00s)
    --- PASS: TestAllEcosystemDomainFunctions/getNodeDomains (0.00s)
    --- PASS: TestAllEcosystemDomainFunctions/getPerlDomains (0.00s)
    --- PASS: TestAllEcosystemDomainFunctions/getPhpDomains (0.00s)
    --- PASS: TestAllEcosystemDomainFunctions/getPlaywrightDomains (0.00s)
    --- PASS: TestAllEcosystemDomainFunctions/getPythonDomains (0.00s)
    --- PASS: TestAllEcosystemDomainFunctions/getRubyDomains (0.00s)
    --- PASS: TestAllEcosystemDomainFunctions/getRustDomains (0.00s)
    --- PASS: TestAllEcosystemDomainFunctions/getSwiftDomains (0.00s)
=== RUN   TestEcosystemDomainsUniqueness
=== RUN   TestEcosystemDomainsUniqueness/getDefaultAllowedDomains
=== RUN   TestEcosystemDomainsUniqueness/getContainerDomains
=== RUN   TestEcosystemDomainsUniqueness/getDotnetDomains
=== RUN   TestEcosystemDomainsUniqueness/getDartDomains
=== RUN   TestEcosystemDomainsUniqueness/getGitHubDomains
=== RUN   TestEcosystemDomainsUniqueness/getGoDomains
=== RUN   TestEcosystemDomainsUniqueness/getTerraformDomains
=== RUN   TestEcosystemDomainsUniqueness/getHaskellDomains
=== RUN   TestEcosystemDomainsUniqueness/getJavaDomains
=== RUN   TestEcosystemDomainsUniqueness/getLinuxDistrosDomains
=== RUN   TestEcosystemDomainsUniqueness/getNodeDomains
=== RUN   TestEcosystemDomainsUniqueness/getPerlDomains
=== RUN   TestEcosystemDomainsUniqueness/getPhpDomains
=== RUN   TestEcosystemDomainsUniqueness/getPlaywrightDomains
=== RUN   TestEcosystemDomainsUniqueness/getPythonDomains
=== RUN   TestEcosystemDomainsUniqueness/getRubyDomains
=== RUN   TestEcosystemDomainsUniqueness/getRustDomains
=== RUN   TestEcosystemDomainsUniqueness/getSwiftDomains
--- PASS: TestEcosystemDomainsUniqueness (0.00s)
    --- PASS: TestEcosystemDomainsUniqueness/getDefaultAllowedDomains (0.00s)
    --- PASS: TestEcosystemDomainsUniqueness/getContainerDomains (0.00s)
    --- PASS: TestEcosystemDomainsUniqueness/getDotnetDomains (0.00s)
    --- PASS: TestEcosystemDomainsUniqueness/getDartDomains (0.00s)
    --- PASS: TestEcosystemDomainsUniqueness/getGitHubDomains (0.00s)
    --- PASS: TestEcosystemDomainsUniqueness/getGoDomains (0.00s)
    --- PASS: TestEcosystemDomainsUniqueness/getTerraformDomains (0.00s)
    --- PASS: TestEcosystemDomainsUniqueness/getHaskellDomains (0.00s)
    --- PASS: TestEcosystemDomainsUniqueness/getJavaDomains (0.00s)
    --- PASS: TestEcosystemDomainsUniqueness/getLinuxDistrosDomains (0.00s)
    --- PASS: TestEcosystemDomainsUniqueness/getNodeDomains (0.00s)
    --- PASS: TestEcosystemDomainsUniqueness/getPerlDomains (0.00s)
    --- PASS: TestEcosystemDomainsUniqueness/getPhpDomains (0.00s)
    --- PASS: TestEcosystemDomainsUniqueness/getPlaywrightDomains (0.00s)
    --- PASS: TestEcosystemDomainsUniqueness/getPythonDomains (0.00s)
    --- PASS: TestEcosystemDomainsUniqueness/getRubyDomains (0.00s)
    --- PASS: TestEcosystemDomainsUniqueness/getRustDomains (0.00s)
    --- PASS: TestEcosystemDomainsUniqueness/getSwiftDomains (0.00s)
=== RUN   TestExtractEngineConfig
=== RUN   TestExtractEngineConfig/no_engine_specified
=== RUN   TestExtractEngineConfig/string_format_-_claude
=== RUN   TestExtractEngineConfig/string_format_-_codex
=== RUN   TestExtractEngineConfig/string_format_-_custom
=== RUN   TestExtractEngineConfig/object_format_-_minimal_(id_only)
=== RUN   TestExtractEngineConfig/object_format_-_with_version
=== RUN   TestExtractEngineConfig/object_format_-_with_model
=== RUN   TestExtractEngineConfig/object_format_-_complete
=== RUN   TestExtractEngineConfig/object_format_-_with_max-turns
=== RUN   TestExtractEngineConfig/object_format_-_complete_with_max-turns
=== RUN   TestExtractEngineConfig/object_format_-_with_env_vars
=== RUN   TestExtractEngineConfig/object_format_-_complete_with_env_vars
=== RUN   TestExtractEngineConfig/custom_engine_with_steps
=== RUN   TestExtractEngineConfig/object_format_-_missing_id
--- PASS: TestExtractEngineConfig (0.00s)
    --- PASS: TestExtractEngineConfig/no_engine_specified (0.00s)
    --- PASS: TestExtractEngineConfig/string_format_-_claude (0.00s)
    --- PASS: TestExtractEngineConfig/string_format_-_codex (0.00s)
    --- PASS: TestExtractEngineConfig/string_format_-_custom (0.00s)
    --- PASS: TestExtractEngineConfig/object_format_-_minimal_(id_only) (0.00s)
    --- PASS: TestExtractEngineConfig/object_format_-_with_version (0.00s)
    --- PASS: TestExtractEngineConfig/object_format_-_with_model (0.00s)
    --- PASS: TestExtractEngineConfig/object_format_-_complete (0.00s)
    --- PASS: TestExtractEngineConfig/object_format_-_with_max-turns (0.00s)
    --- PASS: TestExtractEngineConfig/object_format_-_complete_with_max-turns (0.00s)
    --- PASS: TestExtractEngineConfig/object_format_-_with_env_vars (0.00s)
    --- PASS: TestExtractEngineConfig/object_format_-_complete_with_env_vars (0.00s)
    --- PASS: TestExtractEngineConfig/custom_engine_with_steps (0.00s)
    --- PASS: TestExtractEngineConfig/object_format_-_missing_id (0.00s)
=== RUN   TestCompileWorkflowWithExtendedEngine
=== RUN   TestCompileWorkflowWithExtendedEngine/string_engine_format
=== RUN   TestCompileWorkflowWithExtendedEngine/object_engine_format_-_complete
=== RUN   TestCompileWorkflowWithExtendedEngine/object_engine_format_-_codex_with_model
--- PASS: TestCompileWorkflowWithExtendedEngine (0.01s)
    --- PASS: TestCompileWorkflowWithExtendedEngine/string_engine_format (0.00s)
    --- PASS: TestCompileWorkflowWithExtendedEngine/object_engine_format_-_complete (0.00s)
    --- PASS: TestCompileWorkflowWithExtendedEngine/object_engine_format_-_codex_with_model (0.00s)
=== RUN   TestEngineConfigurationWithModel
=== RUN   TestEngineConfigurationWithModel/Claude_with_model
=== RUN   TestEngineConfigurationWithModel/Codex_with_model
--- PASS: TestEngineConfigurationWithModel (0.00s)
    --- PASS: TestEngineConfigurationWithModel/Claude_with_model (0.00s)
    --- PASS: TestEngineConfigurationWithModel/Codex_with_model (0.00s)
=== RUN   TestEngineConfigurationWithCustomEnvVars
=== RUN   TestEngineConfigurationWithCustomEnvVars/Claude_with_custom_env_vars
=== RUN   TestEngineConfigurationWithCustomEnvVars/Claude_with_custom_env_vars_and_output
=== RUN   TestEngineConfigurationWithCustomEnvVars/Codex_with_custom_env_vars
=== RUN   TestEngineConfigurationWithCustomEnvVars/Codex_with_custom_env_vars_and_output
--- PASS: TestEngineConfigurationWithCustomEnvVars (0.00s)
    --- PASS: TestEngineConfigurationWithCustomEnvVars/Claude_with_custom_env_vars (0.00s)
    --- PASS: TestEngineConfigurationWithCustomEnvVars/Claude_with_custom_env_vars_and_output (0.00s)
    --- PASS: TestEngineConfigurationWithCustomEnvVars/Codex_with_custom_env_vars (0.00s)
    --- PASS: TestEngineConfigurationWithCustomEnvVars/Codex_with_custom_env_vars_and_output (0.00s)
=== RUN   TestNilEngineConfig
=== RUN   TestNilEngineConfig/claude
=== RUN   TestNilEngineConfig/codex
=== RUN   TestNilEngineConfig/custom
--- PASS: TestNilEngineConfig (0.00s)
    --- PASS: TestNilEngineConfig/claude (0.00s)
    --- PASS: TestNilEngineConfig/codex (0.00s)
    --- PASS: TestNilEngineConfig/custom (0.00s)
=== RUN   TestNetworkHookGenerator
=== RUN   TestNetworkHookGenerator/GenerateNetworkHookScript
=== RUN   TestNetworkHookGenerator/GenerateNetworkHookWorkflowStep
=== RUN   TestNetworkHookGenerator/EmptyDomainsGeneration
--- PASS: TestNetworkHookGenerator (0.00s)
    --- PASS: TestNetworkHookGenerator/GenerateNetworkHookScript (0.00s)
    --- PASS: TestNetworkHookGenerator/GenerateNetworkHookWorkflowStep (0.00s)
    --- PASS: TestNetworkHookGenerator/EmptyDomainsGeneration (0.00s)
=== RUN   TestShouldEnforceNetworkPermissions
=== RUN   TestShouldEnforceNetworkPermissions/nil_permissions
=== RUN   TestShouldEnforceNetworkPermissions/valid_permissions_with_domains
=== RUN   TestShouldEnforceNetworkPermissions/empty_permissions_(deny-all)
--- PASS: TestShouldEnforceNetworkPermissions (0.00s)
    --- PASS: TestShouldEnforceNetworkPermissions/nil_permissions (0.00s)
    --- PASS: TestShouldEnforceNetworkPermissions/valid_permissions_with_domains (0.00s)
    --- PASS: TestShouldEnforceNetworkPermissions/empty_permissions_(deny-all) (0.00s)
=== RUN   TestGetAllowedDomains
=== RUN   TestGetAllowedDomains/nil_permissions
=== RUN   TestGetAllowedDomains/empty_permissions_(deny-all)
=== RUN   TestGetAllowedDomains/valid_permissions_with_domains
=== RUN   TestGetAllowedDomains/permissions_with_'defaults'_in_allowed_list
=== RUN   TestGetAllowedDomains/permissions_with_only_'defaults'_in_allowed_list
--- PASS: TestGetAllowedDomains (0.00s)
    --- PASS: TestGetAllowedDomains/nil_permissions (0.00s)
    --- PASS: TestGetAllowedDomains/empty_permissions_(deny-all) (0.00s)
    --- PASS: TestGetAllowedDomains/valid_permissions_with_domains (0.00s)
    --- PASS: TestGetAllowedDomains/permissions_with_'defaults'_in_allowed_list (0.00s)
    --- PASS: TestGetAllowedDomains/permissions_with_only_'defaults'_in_allowed_list (0.00s)
=== RUN   TestDeprecatedHasNetworkPermissions
=== RUN   TestDeprecatedHasNetworkPermissions/deprecated_function_always_returns_false
--- PASS: TestDeprecatedHasNetworkPermissions (0.00s)
    --- PASS: TestDeprecatedHasNetworkPermissions/deprecated_function_always_returns_false (0.00s)
=== RUN   TestEngineConfigParsing
=== RUN   TestEngineConfigParsing/ParseNetworkPermissions
=== RUN   TestEngineConfigParsing/ParseWithoutNetworkPermissions
=== RUN   TestEngineConfigParsing/ParseEmptyNetworkPermissions
--- PASS: TestEngineConfigParsing (0.00s)
    --- PASS: TestEngineConfigParsing/ParseNetworkPermissions (0.00s)
    --- PASS: TestEngineConfigParsing/ParseWithoutNetworkPermissions (0.00s)
    --- PASS: TestEngineConfigParsing/ParseEmptyNetworkPermissions (0.00s)
=== RUN   TestClaudeEngine_ParseLogMetrics_Basic
=== RUN   TestClaudeEngine_ParseLogMetrics_Basic/empty_log_content
=== RUN   TestClaudeEngine_ParseLogMetrics_Basic/whitespace_only
=== RUN   TestClaudeEngine_ParseLogMetrics_Basic/simple_log_with_errors
=== RUN   TestClaudeEngine_ParseLogMetrics_Basic/verbose_mode
Failed to parse Claude log as JSON array: invalid character 'D' looking for beginning of value
=== RUN   TestClaudeEngine_ParseLogMetrics_Basic/multiline_content
--- PASS: TestClaudeEngine_ParseLogMetrics_Basic (0.00s)
    --- PASS: TestClaudeEngine_ParseLogMetrics_Basic/empty_log_content (0.00s)
    --- PASS: TestClaudeEngine_ParseLogMetrics_Basic/whitespace_only (0.00s)
    --- PASS: TestClaudeEngine_ParseLogMetrics_Basic/simple_log_with_errors (0.00s)
    --- PASS: TestClaudeEngine_ParseLogMetrics_Basic/verbose_mode (0.00s)
    --- PASS: TestClaudeEngine_ParseLogMetrics_Basic/multiline_content (0.00s)
=== RUN   TestCodexEngine_ParseLogMetrics_Basic
=== RUN   TestCodexEngine_ParseLogMetrics_Basic/empty_log_content
=== RUN   TestCodexEngine_ParseLogMetrics_Basic/whitespace_only
=== RUN   TestCodexEngine_ParseLogMetrics_Basic/simple_log_with_errors
=== RUN   TestCodexEngine_ParseLogMetrics_Basic/verbose_mode
=== RUN   TestCodexEngine_ParseLogMetrics_Basic/multiline_content
--- PASS: TestCodexEngine_ParseLogMetrics_Basic (0.00s)
    --- PASS: TestCodexEngine_ParseLogMetrics_Basic/empty_log_content (0.00s)
    --- PASS: TestCodexEngine_ParseLogMetrics_Basic/whitespace_only (0.00s)
    --- PASS: TestCodexEngine_ParseLogMetrics_Basic/simple_log_with_errors (0.00s)
    --- PASS: TestCodexEngine_ParseLogMetrics_Basic/verbose_mode (0.00s)
    --- PASS: TestCodexEngine_ParseLogMetrics_Basic/multiline_content (0.00s)
=== RUN   TestCompiler_SetFileTracker_Simple
--- PASS: TestCompiler_SetFileTracker_Simple (0.00s)
=== RUN   TestValidateExpressionSafety
=== RUN   TestValidateExpressionSafety/no_expressions
=== RUN   TestValidateExpressionSafety/allowed_github_workflow
=== RUN   TestValidateExpressionSafety/allowed_github_repository
=== RUN   TestValidateExpressionSafety/allowed_github_run_id
=== RUN   TestValidateExpressionSafety/allowed_github_event_issue_number
=== RUN   TestValidateExpressionSafety/allowed_needs_task_outputs_text
=== RUN   TestValidateExpressionSafety/allowed_github_event_inputs
=== RUN   TestValidateExpressionSafety/allowed_github_event_inputs_underscore
=== RUN   TestValidateExpressionSafety/allowed_github_event_inputs_hyphen
=== RUN   TestValidateExpressionSafety/allowed_github_event_workflow_run_conclusion
=== RUN   TestValidateExpressionSafety/allowed_github_event_workflow_run_html_url
=== RUN   TestValidateExpressionSafety/allowed_github_event_workflow_run_head_sha
=== RUN   TestValidateExpressionSafety/allowed_github_event_workflow_run_run_number
=== RUN   TestValidateExpressionSafety/allowed_github_event_workflow_run_event
=== RUN   TestValidateExpressionSafety/allowed_github_event_workflow_run_status
=== RUN   TestValidateExpressionSafety/multiple_allowed_expressions
=== RUN   TestValidateExpressionSafety/unauthorized_github_token
=== RUN   TestValidateExpressionSafety/authorized_github_actor
=== RUN   TestValidateExpressionSafety/authorized_env_variable
=== RUN   TestValidateExpressionSafety/unauthorized_steps_output
=== RUN   TestValidateExpressionSafety/mixed_authorized_and_unauthorized
=== RUN   TestValidateExpressionSafety/multiple_unauthorized_expressions
=== RUN   TestValidateExpressionSafety/expressions_with_whitespace
=== RUN   TestValidateExpressionSafety/expressions_with_unauthorized_whitespace
=== RUN   TestValidateExpressionSafety/expressions_in_code_blocks
=== RUN   TestValidateExpressionSafety/unauthorized_in_code_blocks
--- PASS: TestValidateExpressionSafety (0.00s)
    --- PASS: TestValidateExpressionSafety/no_expressions (0.00s)
    --- PASS: TestValidateExpressionSafety/allowed_github_workflow (0.00s)
    --- PASS: TestValidateExpressionSafety/allowed_github_repository (0.00s)
    --- PASS: TestValidateExpressionSafety/allowed_github_run_id (0.00s)
    --- PASS: TestValidateExpressionSafety/allowed_github_event_issue_number (0.00s)
    --- PASS: TestValidateExpressionSafety/allowed_needs_task_outputs_text (0.00s)
    --- PASS: TestValidateExpressionSafety/allowed_github_event_inputs (0.00s)
    --- PASS: TestValidateExpressionSafety/allowed_github_event_inputs_underscore (0.00s)
    --- PASS: TestValidateExpressionSafety/allowed_github_event_inputs_hyphen (0.00s)
    --- PASS: TestValidateExpressionSafety/allowed_github_event_workflow_run_conclusion (0.00s)
    --- PASS: TestValidateExpressionSafety/allowed_github_event_workflow_run_html_url (0.00s)
    --- PASS: TestValidateExpressionSafety/allowed_github_event_workflow_run_head_sha (0.00s)
    --- PASS: TestValidateExpressionSafety/allowed_github_event_workflow_run_run_number (0.00s)
    --- PASS: TestValidateExpressionSafety/allowed_github_event_workflow_run_event (0.00s)
    --- PASS: TestValidateExpressionSafety/allowed_github_event_workflow_run_status (0.00s)
    --- PASS: TestValidateExpressionSafety/multiple_allowed_expressions (0.00s)
    --- PASS: TestValidateExpressionSafety/unauthorized_github_token (0.00s)
    --- PASS: TestValidateExpressionSafety/authorized_github_actor (0.00s)
    --- PASS: TestValidateExpressionSafety/authorized_env_variable (0.00s)
    --- PASS: TestValidateExpressionSafety/unauthorized_steps_output (0.00s)
    --- PASS: TestValidateExpressionSafety/mixed_authorized_and_unauthorized (0.00s)
    --- PASS: TestValidateExpressionSafety/multiple_unauthorized_expressions (0.00s)
    --- PASS: TestValidateExpressionSafety/expressions_with_whitespace (0.00s)
    --- PASS: TestValidateExpressionSafety/expressions_with_unauthorized_whitespace (0.00s)
    --- PASS: TestValidateExpressionSafety/expressions_in_code_blocks (0.00s)
    --- PASS: TestValidateExpressionSafety/unauthorized_in_code_blocks (0.00s)
=== RUN   TestValidateExpressionSafetyEdgeCases
=== RUN   TestValidateExpressionSafetyEdgeCases/empty_expression
=== RUN   TestValidateExpressionSafetyEdgeCases/malformed_expression_single_brace
=== RUN   TestValidateExpressionSafetyEdgeCases/malformed_expression_no_closing
=== RUN   TestValidateExpressionSafetyEdgeCases/nested_expressions
=== RUN   TestValidateExpressionSafetyEdgeCases/expression_with_functions
=== RUN   TestValidateExpressionSafetyEdgeCases/multiline_expression
--- PASS: TestValidateExpressionSafetyEdgeCases (0.00s)
    --- PASS: TestValidateExpressionSafetyEdgeCases/empty_expression (0.00s)
    --- PASS: TestValidateExpressionSafetyEdgeCases/malformed_expression_single_brace (0.00s)
    --- PASS: TestValidateExpressionSafetyEdgeCases/malformed_expression_no_closing (0.00s)
    --- PASS: TestValidateExpressionSafetyEdgeCases/nested_expressions (0.00s)
    --- PASS: TestValidateExpressionSafetyEdgeCases/expression_with_functions (0.00s)
    --- PASS: TestValidateExpressionSafetyEdgeCases/multiline_expression (0.00s)
=== RUN   TestExpressionNode_Render
--- PASS: TestExpressionNode_Render (0.00s)
=== RUN   TestAndNode_Render
--- PASS: TestAndNode_Render (0.00s)
=== RUN   TestOrNode_Render
--- PASS: TestOrNode_Render (0.00s)
=== RUN   TestNotNode_Render
--- PASS: TestNotNode_Render (0.00s)
=== RUN   TestDisjunctionNode_Render
=== RUN   TestDisjunctionNode_Render/empty_terms
=== RUN   TestDisjunctionNode_Render/single_term
=== RUN   TestDisjunctionNode_Render/two_terms
=== RUN   TestDisjunctionNode_Render/multiple_terms
--- PASS: TestDisjunctionNode_Render (0.00s)
    --- PASS: TestDisjunctionNode_Render/empty_terms (0.00s)
    --- PASS: TestDisjunctionNode_Render/single_term (0.00s)
    --- PASS: TestDisjunctionNode_Render/two_terms (0.00s)
    --- PASS: TestDisjunctionNode_Render/multiple_terms (0.00s)
=== RUN   TestComplexExpressionTree
--- PASS: TestComplexExpressionTree (0.00s)
=== RUN   TestBuildConditionTree
=== RUN   TestBuildConditionTree/empty_existing_condition
=== RUN   TestBuildConditionTree/both_conditions_present
--- PASS: TestBuildConditionTree (0.00s)
    --- PASS: TestBuildConditionTree/empty_existing_condition (0.00s)
    --- PASS: TestBuildConditionTree/both_conditions_present (0.00s)
=== RUN   TestBuildReactionCondition
--- PASS: TestBuildReactionCondition (0.00s)
=== RUN   TestFunctionCallNode_Render
=== RUN   TestFunctionCallNode_Render/contains_function_with_two_arguments
=== RUN   TestFunctionCallNode_Render/startsWith_function
=== RUN   TestFunctionCallNode_Render/function_with_no_arguments
=== RUN   TestFunctionCallNode_Render/function_with_multiple_arguments
--- PASS: TestFunctionCallNode_Render (0.00s)
    --- PASS: TestFunctionCallNode_Render/contains_function_with_two_arguments (0.00s)
    --- PASS: TestFunctionCallNode_Render/startsWith_function (0.00s)
    --- PASS: TestFunctionCallNode_Render/function_with_no_arguments (0.00s)
    --- PASS: TestFunctionCallNode_Render/function_with_multiple_arguments (0.00s)
=== RUN   TestPropertyAccessNode_Render
=== RUN   TestPropertyAccessNode_Render/simple_property
=== RUN   TestPropertyAccessNode_Render/nested_property
=== RUN   TestPropertyAccessNode_Render/deep_nested_property
--- PASS: TestPropertyAccessNode_Render (0.00s)
    --- PASS: TestPropertyAccessNode_Render/simple_property (0.00s)
    --- PASS: TestPropertyAccessNode_Render/nested_property (0.00s)
    --- PASS: TestPropertyAccessNode_Render/deep_nested_property (0.00s)
=== RUN   TestStringLiteralNode_Render
=== RUN   TestStringLiteralNode_Render/simple_string
=== RUN   TestStringLiteralNode_Render/string_with_spaces
=== RUN   TestStringLiteralNode_Render/empty_string
=== RUN   TestStringLiteralNode_Render/string_with_special_characters
--- PASS: TestStringLiteralNode_Render (0.00s)
    --- PASS: TestStringLiteralNode_Render/simple_string (0.00s)
    --- PASS: TestStringLiteralNode_Render/string_with_spaces (0.00s)
    --- PASS: TestStringLiteralNode_Render/empty_string (0.00s)
    --- PASS: TestStringLiteralNode_Render/string_with_special_characters (0.00s)
=== RUN   TestBooleanLiteralNode_Render
=== RUN   TestBooleanLiteralNode_Render/true_value
=== RUN   TestBooleanLiteralNode_Render/false_value
--- PASS: TestBooleanLiteralNode_Render (0.00s)
    --- PASS: TestBooleanLiteralNode_Render/true_value (0.00s)
    --- PASS: TestBooleanLiteralNode_Render/false_value (0.00s)
=== RUN   TestNumberLiteralNode_Render
=== RUN   TestNumberLiteralNode_Render/integer
=== RUN   TestNumberLiteralNode_Render/decimal
=== RUN   TestNumberLiteralNode_Render/negative_number
--- PASS: TestNumberLiteralNode_Render (0.00s)
    --- PASS: TestNumberLiteralNode_Render/integer (0.00s)
    --- PASS: TestNumberLiteralNode_Render/decimal (0.00s)
    --- PASS: TestNumberLiteralNode_Render/negative_number (0.00s)
=== RUN   TestComparisonNode_Render
=== RUN   TestComparisonNode_Render/equality_comparison
=== RUN   TestComparisonNode_Render/inequality_comparison
=== RUN   TestComparisonNode_Render/greater_than_comparison
=== RUN   TestComparisonNode_Render/less_than_or_equal_comparison
--- PASS: TestComparisonNode_Render (0.00s)
    --- PASS: TestComparisonNode_Render/equality_comparison (0.00s)
    --- PASS: TestComparisonNode_Render/inequality_comparison (0.00s)
    --- PASS: TestComparisonNode_Render/greater_than_comparison (0.00s)
    --- PASS: TestComparisonNode_Render/less_than_or_equal_comparison (0.00s)
=== RUN   TestTernaryNode_Render
=== RUN   TestTernaryNode_Render/simple_ternary
=== RUN   TestTernaryNode_Render/ternary_with_boolean_literals
--- PASS: TestTernaryNode_Render (0.00s)
    --- PASS: TestTernaryNode_Render/simple_ternary (0.00s)
    --- PASS: TestTernaryNode_Render/ternary_with_boolean_literals (0.00s)
=== RUN   TestContainsNode_Render
=== RUN   TestContainsNode_Render/contains_with_property_and_string
=== RUN   TestContainsNode_Render/contains_with_nested_property
--- PASS: TestContainsNode_Render (0.00s)
    --- PASS: TestContainsNode_Render/contains_with_property_and_string (0.00s)
    --- PASS: TestContainsNode_Render/contains_with_nested_property (0.00s)
=== RUN   TestGitHubActionsArrayMatching
=== RUN   TestGitHubActionsArrayMatching/label_matching_with_contains
=== RUN   TestGitHubActionsArrayMatching/multiple_label_matching_with_OR
=== RUN   TestGitHubActionsArrayMatching/complex_array_matching_with_conditions
--- PASS: TestGitHubActionsArrayMatching (0.00s)
    --- PASS: TestGitHubActionsArrayMatching/label_matching_with_contains (0.00s)
    --- PASS: TestGitHubActionsArrayMatching/multiple_label_matching_with_OR (0.00s)
    --- PASS: TestGitHubActionsArrayMatching/complex_array_matching_with_conditions (0.00s)
=== RUN   TestComplexGitHubActionsExpressions
=== RUN   TestComplexGitHubActionsExpressions/conditional_workflow_run_based_on_labels_and_action
=== RUN   TestComplexGitHubActionsExpressions/ternary_expression_for_environment_selection
--- PASS: TestComplexGitHubActionsExpressions (0.00s)
    --- PASS: TestComplexGitHubActionsExpressions/conditional_workflow_run_based_on_labels_and_action (0.00s)
    --- PASS: TestComplexGitHubActionsExpressions/ternary_expression_for_environment_selection (0.00s)
=== RUN   TestHelperFunctions
=== RUN   TestHelperFunctions/BuildPropertyAccess
=== RUN   TestHelperFunctions/BuildStringLiteral
=== RUN   TestHelperFunctions/BuildBooleanLiteral
=== RUN   TestHelperFunctions/BuildNumberLiteral
=== RUN   TestHelperFunctions/BuildEquals
=== RUN   TestHelperFunctions/BuildNotEquals
=== RUN   TestHelperFunctions/BuildContains
=== RUN   TestHelperFunctions/BuildFunctionCall
=== RUN   TestHelperFunctions/BuildTernary
--- PASS: TestHelperFunctions (0.00s)
    --- PASS: TestHelperFunctions/BuildPropertyAccess (0.00s)
    --- PASS: TestHelperFunctions/BuildStringLiteral (0.00s)
    --- PASS: TestHelperFunctions/BuildBooleanLiteral (0.00s)
    --- PASS: TestHelperFunctions/BuildNumberLiteral (0.00s)
    --- PASS: TestHelperFunctions/BuildEquals (0.00s)
    --- PASS: TestHelperFunctions/BuildNotEquals (0.00s)
    --- PASS: TestHelperFunctions/BuildContains (0.00s)
    --- PASS: TestHelperFunctions/BuildFunctionCall (0.00s)
    --- PASS: TestHelperFunctions/BuildTernary (0.00s)
=== RUN   TestConvenienceHelpers
=== RUN   TestConvenienceHelpers/BuildLabelContains
=== RUN   TestConvenienceHelpers/BuildActionEquals
=== RUN   TestConvenienceHelpers/BuildEventTypeEquals
=== RUN   TestConvenienceHelpers/BuildRefStartsWith
--- PASS: TestConvenienceHelpers (0.00s)
    --- PASS: TestConvenienceHelpers/BuildLabelContains (0.00s)
    --- PASS: TestConvenienceHelpers/BuildActionEquals (0.00s)
    --- PASS: TestConvenienceHelpers/BuildEventTypeEquals (0.00s)
    --- PASS: TestConvenienceHelpers/BuildRefStartsWith (0.00s)
=== RUN   TestRealWorldExpressionPatterns
=== RUN   TestRealWorldExpressionPatterns/run_on_main_branch_only
=== RUN   TestRealWorldExpressionPatterns/run_on_PR_with_specific_label
=== RUN   TestRealWorldExpressionPatterns/skip_draft_PRs
=== RUN   TestRealWorldExpressionPatterns/conditional_deployment_environment
=== RUN   TestRealWorldExpressionPatterns/run_on_multiple_event_actions
--- PASS: TestRealWorldExpressionPatterns (0.00s)
    --- PASS: TestRealWorldExpressionPatterns/run_on_main_branch_only (0.00s)
    --- PASS: TestRealWorldExpressionPatterns/run_on_PR_with_specific_label (0.00s)
    --- PASS: TestRealWorldExpressionPatterns/skip_draft_PRs (0.00s)
    --- PASS: TestRealWorldExpressionPatterns/conditional_deployment_environment (0.00s)
    --- PASS: TestRealWorldExpressionPatterns/run_on_multiple_event_actions (0.00s)
=== RUN   TestExpressionNodeWithDescription
=== RUN   TestExpressionNodeWithDescription/expression_without_description
=== RUN   TestExpressionNodeWithDescription/expression_with_description
--- PASS: TestExpressionNodeWithDescription (0.00s)
    --- PASS: TestExpressionNodeWithDescription/expression_without_description (0.00s)
    --- PASS: TestExpressionNodeWithDescription/expression_with_description (0.00s)
=== RUN   TestDisjunctionNodeMultiline
=== RUN   TestDisjunctionNodeMultiline/single_line_rendering_(default)
=== RUN   TestDisjunctionNodeMultiline/multiline_rendering_with_comments
=== RUN   TestDisjunctionNodeMultiline/multiline_rendering_without_comments
=== RUN   TestDisjunctionNodeMultiline/multiline_rendering_with_mixed_comment_presence
--- PASS: TestDisjunctionNodeMultiline (0.00s)
    --- PASS: TestDisjunctionNodeMultiline/single_line_rendering_(default) (0.00s)
    --- PASS: TestDisjunctionNodeMultiline/multiline_rendering_with_comments (0.00s)
    --- PASS: TestDisjunctionNodeMultiline/multiline_rendering_without_comments (0.00s)
    --- PASS: TestDisjunctionNodeMultiline/multiline_rendering_with_mixed_comment_presence (0.00s)
=== RUN   TestRenderMultilineMethod
=== RUN   TestRenderMultilineMethod/empty_terms
=== RUN   TestRenderMultilineMethod/single_term
=== RUN   TestRenderMultilineMethod/multiple_terms_with_comments
--- PASS: TestRenderMultilineMethod (0.00s)
    --- PASS: TestRenderMultilineMethod/empty_terms (0.00s)
    --- PASS: TestRenderMultilineMethod/single_term (0.00s)
    --- PASS: TestRenderMultilineMethod/multiple_terms_with_comments (0.00s)
=== RUN   TestHelperFunctionsForMultiline
=== RUN   TestHelperFunctionsForMultiline/BuildExpressionWithDescription
=== RUN   TestHelperFunctionsForMultiline/BuildMultilineDisjunction
--- PASS: TestHelperFunctionsForMultiline (0.00s)
    --- PASS: TestHelperFunctionsForMultiline/BuildExpressionWithDescription (0.00s)
    --- PASS: TestHelperFunctionsForMultiline/BuildMultilineDisjunction (0.00s)
=== RUN   TestBuildNotFromFork
--- PASS: TestBuildNotFromFork (0.00s)
=== RUN   TestGitCommandsIntegrationWithCreatePullRequest
--- PASS: TestGitCommandsIntegrationWithCreatePullRequest (0.00s)
=== RUN   TestGitCommandsNotAddedWithoutPullRequestOutput
--- PASS: TestGitCommandsNotAddedWithoutPullRequestOutput (0.00s)
=== RUN   TestAdditionalClaudeToolsIntegrationWithCreatePullRequest
--- PASS: TestAdditionalClaudeToolsIntegrationWithCreatePullRequest (0.00s)
=== RUN   TestAdditionalClaudeToolsIntegrationWithPushToBranch
--- PASS: TestAdditionalClaudeToolsIntegrationWithPushToBranch (0.00s)
=== RUN   TestApplyDefaultGitCommandsForSafeOutputs
=== RUN   TestApplyDefaultGitCommandsForSafeOutputs/no_safe_outputs_-_no_git_commands
=== RUN   TestApplyDefaultGitCommandsForSafeOutputs/create-pull-request_enabled_-_should_add_git_commands
=== RUN   TestApplyDefaultGitCommandsForSafeOutputs/push-to-branch_enabled_-_should_add_git_commands
=== RUN   TestApplyDefaultGitCommandsForSafeOutputs/only_create-issue_enabled_-_no_git_commands
=== RUN   TestApplyDefaultGitCommandsForSafeOutputs/existing_bash_commands_should_be_preserved
=== RUN   TestApplyDefaultGitCommandsForSafeOutputs/bash_with_wildcard_should_remain_wildcard
=== RUN   TestApplyDefaultGitCommandsForSafeOutputs/bash_with_nil_value_should_remain_nil
--- PASS: TestApplyDefaultGitCommandsForSafeOutputs (0.00s)
    --- PASS: TestApplyDefaultGitCommandsForSafeOutputs/no_safe_outputs_-_no_git_commands (0.00s)
    --- PASS: TestApplyDefaultGitCommandsForSafeOutputs/create-pull-request_enabled_-_should_add_git_commands (0.00s)
    --- PASS: TestApplyDefaultGitCommandsForSafeOutputs/push-to-branch_enabled_-_should_add_git_commands (0.00s)
    --- PASS: TestApplyDefaultGitCommandsForSafeOutputs/only_create-issue_enabled_-_no_git_commands (0.00s)
    --- PASS: TestApplyDefaultGitCommandsForSafeOutputs/existing_bash_commands_should_be_preserved (0.00s)
    --- PASS: TestApplyDefaultGitCommandsForSafeOutputs/bash_with_wildcard_should_remain_wildcard (0.00s)
    --- PASS: TestApplyDefaultGitCommandsForSafeOutputs/bash_with_nil_value_should_remain_nil (0.00s)
=== RUN   TestAdditionalClaudeToolsForSafeOutputs
=== RUN   TestAdditionalClaudeToolsForSafeOutputs/no_safe_outputs_-_no_editing_tools
=== RUN   TestAdditionalClaudeToolsForSafeOutputs/create-pull-request_enabled_-_should_add_editing_tools
=== RUN   TestAdditionalClaudeToolsForSafeOutputs/push-to-branch_enabled_-_should_add_editing_tools
=== RUN   TestAdditionalClaudeToolsForSafeOutputs/only_create-issue_enabled_-_no_editing_tools
=== RUN   TestAdditionalClaudeToolsForSafeOutputs/existing_editing_tools_should_be_preserved
--- PASS: TestAdditionalClaudeToolsForSafeOutputs (0.00s)
    --- PASS: TestAdditionalClaudeToolsForSafeOutputs/no_safe_outputs_-_no_editing_tools (0.00s)
    --- PASS: TestAdditionalClaudeToolsForSafeOutputs/create-pull-request_enabled_-_should_add_editing_tools (0.00s)
    --- PASS: TestAdditionalClaudeToolsForSafeOutputs/push-to-branch_enabled_-_should_add_editing_tools (0.00s)
    --- PASS: TestAdditionalClaudeToolsForSafeOutputs/only_create-issue_enabled_-_no_editing_tools (0.00s)
    --- PASS: TestAdditionalClaudeToolsForSafeOutputs/existing_editing_tools_should_be_preserved (0.00s)
=== RUN   TestNeedsGitCommands
=== RUN   TestNeedsGitCommands/nil_safe_outputs
=== RUN   TestNeedsGitCommands/empty_safe_outputs
=== RUN   TestNeedsGitCommands/create-pull-request_enabled
=== RUN   TestNeedsGitCommands/push-to-branch_enabled
=== RUN   TestNeedsGitCommands/both_enabled
=== RUN   TestNeedsGitCommands/only_other_outputs_enabled
--- PASS: TestNeedsGitCommands (0.00s)
    --- PASS: TestNeedsGitCommands/nil_safe_outputs (0.00s)
    --- PASS: TestNeedsGitCommands/empty_safe_outputs (0.00s)
    --- PASS: TestNeedsGitCommands/create-pull-request_enabled (0.00s)
    --- PASS: TestNeedsGitCommands/push-to-branch_enabled (0.00s)
    --- PASS: TestNeedsGitCommands/both_enabled (0.00s)
    --- PASS: TestNeedsGitCommands/only_other_outputs_enabled (0.00s)
=== RUN   TestGitPatchGeneration
✓ ../../../../../../../tmp/TestGitPatchGeneration173714785/001/test-git-patch.md
--- PASS: TestGitPatchGeneration (0.01s)
=== RUN   TestIsTaskJobNeeded
=== RUN   TestIsTaskJobNeeded/no_conditions
=== RUN   TestIsTaskJobNeeded/if_condition_present
--- PASS: TestIsTaskJobNeeded (0.00s)
    --- PASS: TestIsTaskJobNeeded/no_conditions (0.00s)
    --- PASS: TestIsTaskJobNeeded/if_condition_present (0.00s)
=== RUN   TestJobDependenciesWithCycleDetection
=== RUN   TestJobDependenciesWithCycleDetection/valid_job_dependencies
=== RUN   TestJobDependenciesWithCycleDetection/simple_cycle_detection
=== RUN   TestJobDependenciesWithCycleDetection/complex_cycle_detection
=== RUN   TestJobDependenciesWithCycleDetection/dependency_on_non-existent_job
=== RUN   TestJobDependenciesWithCycleDetection/self-dependency_cycle
--- PASS: TestJobDependenciesWithCycleDetection (0.00s)
    --- PASS: TestJobDependenciesWithCycleDetection/valid_job_dependencies (0.00s)
    --- PASS: TestJobDependenciesWithCycleDetection/simple_cycle_detection (0.00s)
    --- PASS: TestJobDependenciesWithCycleDetection/complex_cycle_detection (0.00s)
    --- PASS: TestJobDependenciesWithCycleDetection/dependency_on_non-existent_job (0.00s)
    --- PASS: TestJobDependenciesWithCycleDetection/self-dependency_cycle (0.00s)
=== RUN   TestJobDependencyTopologicalOrder
    job_dependencies_test.go:194: Topological order: [build integration-test unit-test deploy]
--- PASS: TestJobDependencyTopologicalOrder (0.00s)
=== RUN   TestJobManager_AddJob
=== RUN   TestJobManager_AddJob/valid_job
=== RUN   TestJobManager_AddJob/empty_job_name
=== RUN   TestJobManager_AddJob/duplicate_job_name
--- PASS: TestJobManager_AddJob (0.00s)
    --- PASS: TestJobManager_AddJob/valid_job (0.00s)
    --- PASS: TestJobManager_AddJob/empty_job_name (0.00s)
    --- PASS: TestJobManager_AddJob/duplicate_job_name (0.00s)
=== RUN   TestJobManager_ValidateDependencies
=== RUN   TestJobManager_ValidateDependencies/no_dependencies
=== RUN   TestJobManager_ValidateDependencies/valid_dependencies
=== RUN   TestJobManager_ValidateDependencies/missing_dependency
=== RUN   TestJobManager_ValidateDependencies/simple_cycle
=== RUN   TestJobManager_ValidateDependencies/complex_cycle
=== RUN   TestJobManager_ValidateDependencies/self-dependency_cycle
--- PASS: TestJobManager_ValidateDependencies (0.00s)
    --- PASS: TestJobManager_ValidateDependencies/no_dependencies (0.00s)
    --- PASS: TestJobManager_ValidateDependencies/valid_dependencies (0.00s)
    --- PASS: TestJobManager_ValidateDependencies/missing_dependency (0.00s)
    --- PASS: TestJobManager_ValidateDependencies/simple_cycle (0.00s)
    --- PASS: TestJobManager_ValidateDependencies/complex_cycle (0.00s)
    --- PASS: TestJobManager_ValidateDependencies/self-dependency_cycle (0.00s)
=== RUN   TestJobManager_GetTopologicalOrder
=== RUN   TestJobManager_GetTopologicalOrder/no_dependencies
=== RUN   TestJobManager_GetTopologicalOrder/linear_dependencies
=== RUN   TestJobManager_GetTopologicalOrder/complex_dependencies
=== RUN   TestJobManager_GetTopologicalOrder/cycle_should_error
--- PASS: TestJobManager_GetTopologicalOrder (0.00s)
    --- PASS: TestJobManager_GetTopologicalOrder/no_dependencies (0.00s)
    --- PASS: TestJobManager_GetTopologicalOrder/linear_dependencies (0.00s)
    --- PASS: TestJobManager_GetTopologicalOrder/complex_dependencies (0.00s)
    --- PASS: TestJobManager_GetTopologicalOrder/cycle_should_error (0.00s)
=== RUN   TestJobManager_RenderToYAML
=== RUN   TestJobManager_RenderToYAML/empty_job_manager
=== RUN   TestJobManager_RenderToYAML/single_simple_job
=== RUN   TestJobManager_RenderToYAML/job_with_dependencies
=== RUN   TestJobManager_RenderToYAML/job_with_multiple_dependencies
=== RUN   TestJobManager_RenderToYAML/job_with_if_condition
=== RUN   TestJobManager_RenderToYAML/job_with_outputs
--- PASS: TestJobManager_RenderToYAML (0.00s)
    --- PASS: TestJobManager_RenderToYAML/empty_job_manager (0.00s)
    --- PASS: TestJobManager_RenderToYAML/single_simple_job (0.00s)
    --- PASS: TestJobManager_RenderToYAML/job_with_dependencies (0.00s)
    --- PASS: TestJobManager_RenderToYAML/job_with_multiple_dependencies (0.00s)
    --- PASS: TestJobManager_RenderToYAML/job_with_if_condition (0.00s)
    --- PASS: TestJobManager_RenderToYAML/job_with_outputs (0.00s)
=== RUN   TestJobManager_GetJob
--- PASS: TestJobManager_GetJob (0.00s)
=== RUN   TestJobManager_GetAllJobs
--- PASS: TestJobManager_GetAllJobs (0.00s)
=== RUN   TestFormatJavaScriptForYAML
=== RUN   TestFormatJavaScriptForYAML/empty_string
=== RUN   TestFormatJavaScriptForYAML/single_line_without_empty_lines
=== RUN   TestFormatJavaScriptForYAML/multiple_lines_without_empty_lines
=== RUN   TestFormatJavaScriptForYAML/script_with_empty_lines_should_skip_them
=== RUN   TestFormatJavaScriptForYAML/script_with_only_whitespace_lines_should_skip_them
=== RUN   TestFormatJavaScriptForYAML/script_with_leading_and_trailing_empty_lines
=== RUN   TestFormatJavaScriptForYAML/script_with_indented_code
=== RUN   TestFormatJavaScriptForYAML/complex_script_with_mixed_content
--- PASS: TestFormatJavaScriptForYAML (0.00s)
    --- PASS: TestFormatJavaScriptForYAML/empty_string (0.00s)
    --- PASS: TestFormatJavaScriptForYAML/single_line_without_empty_lines (0.00s)
    --- PASS: TestFormatJavaScriptForYAML/multiple_lines_without_empty_lines (0.00s)
    --- PASS: TestFormatJavaScriptForYAML/script_with_empty_lines_should_skip_them (0.00s)
    --- PASS: TestFormatJavaScriptForYAML/script_with_only_whitespace_lines_should_skip_them (0.00s)
    --- PASS: TestFormatJavaScriptForYAML/script_with_leading_and_trailing_empty_lines (0.00s)
    --- PASS: TestFormatJavaScriptForYAML/script_with_indented_code (0.00s)
    --- PASS: TestFormatJavaScriptForYAML/complex_script_with_mixed_content (0.00s)
=== RUN   TestWriteJavaScriptToYAML
=== RUN   TestWriteJavaScriptToYAML/empty_string
=== RUN   TestWriteJavaScriptToYAML/single_line_without_empty_lines
=== RUN   TestWriteJavaScriptToYAML/multiple_lines_without_empty_lines
=== RUN   TestWriteJavaScriptToYAML/script_with_empty_lines_should_skip_them
=== RUN   TestWriteJavaScriptToYAML/script_with_only_whitespace_lines_should_skip_them
=== RUN   TestWriteJavaScriptToYAML/script_with_leading_and_trailing_empty_lines
=== RUN   TestWriteJavaScriptToYAML/script_with_indented_code
=== RUN   TestWriteJavaScriptToYAML/complex_script_with_mixed_content
--- PASS: TestWriteJavaScriptToYAML (0.00s)
    --- PASS: TestWriteJavaScriptToYAML/empty_string (0.00s)
    --- PASS: TestWriteJavaScriptToYAML/single_line_without_empty_lines (0.00s)
    --- PASS: TestWriteJavaScriptToYAML/multiple_lines_without_empty_lines (0.00s)
    --- PASS: TestWriteJavaScriptToYAML/script_with_empty_lines_should_skip_them (0.00s)
    --- PASS: TestWriteJavaScriptToYAML/script_with_only_whitespace_lines_should_skip_them (0.00s)
    --- PASS: TestWriteJavaScriptToYAML/script_with_leading_and_trailing_empty_lines (0.00s)
    --- PASS: TestWriteJavaScriptToYAML/script_with_indented_code (0.00s)
    --- PASS: TestWriteJavaScriptToYAML/complex_script_with_mixed_content (0.00s)
=== RUN   TestEmbeddedScriptsNotEmpty
=== RUN   TestEmbeddedScriptsNotEmpty/createPullRequestScript
=== RUN   TestEmbeddedScriptsNotEmpty/createIssueScript
=== RUN   TestEmbeddedScriptsNotEmpty/createCommentScript
=== RUN   TestEmbeddedScriptsNotEmpty/collectJSONLOutputScript
=== RUN   TestEmbeddedScriptsNotEmpty/addLabelsScript
=== RUN   TestEmbeddedScriptsNotEmpty/updateIssueScript
=== RUN   TestEmbeddedScriptsNotEmpty/setupAgentOutputScript
=== RUN   TestEmbeddedScriptsNotEmpty/addReactionScript
=== RUN   TestEmbeddedScriptsNotEmpty/addReactionAndEditCommentScript
=== RUN   TestEmbeddedScriptsNotEmpty/missingToolScript
--- PASS: TestEmbeddedScriptsNotEmpty (0.00s)
    --- PASS: TestEmbeddedScriptsNotEmpty/createPullRequestScript (0.00s)
    --- PASS: TestEmbeddedScriptsNotEmpty/createIssueScript (0.00s)
    --- PASS: TestEmbeddedScriptsNotEmpty/createCommentScript (0.00s)
    --- PASS: TestEmbeddedScriptsNotEmpty/collectJSONLOutputScript (0.00s)
    --- PASS: TestEmbeddedScriptsNotEmpty/addLabelsScript (0.00s)
    --- PASS: TestEmbeddedScriptsNotEmpty/updateIssueScript (0.00s)
    --- PASS: TestEmbeddedScriptsNotEmpty/setupAgentOutputScript (0.00s)
    --- PASS: TestEmbeddedScriptsNotEmpty/addReactionScript (0.00s)
    --- PASS: TestEmbeddedScriptsNotEmpty/addReactionAndEditCommentScript (0.00s)
    --- PASS: TestEmbeddedScriptsNotEmpty/missingToolScript (0.00s)
=== RUN   TestFormatJavaScriptForYAMLProducesValidIndentation
--- PASS: TestFormatJavaScriptForYAMLProducesValidIndentation (0.00s)
=== RUN   TestWriteJavaScriptToYAMLProducesValidIndentation
--- PASS: TestWriteJavaScriptToYAMLProducesValidIndentation (0.00s)
=== RUN   TestJavaScriptFormattingConsistency
--- PASS: TestJavaScriptFormattingConsistency (0.00s)
=== RUN   TestLogParserSnapshots
=== RUN   TestLogParserSnapshots/Claude_log_parsing
=== RUN   TestLogParserSnapshots/Codex_log_parsing
--- PASS: TestLogParserSnapshots (0.17s)
    --- PASS: TestLogParserSnapshots/Claude_log_parsing (0.09s)
    --- PASS: TestLogParserSnapshots/Codex_log_parsing (0.08s)
=== RUN   TestLogParserScriptRetrieval
=== RUN   TestLogParserScriptRetrieval/parse_claude_log
=== RUN   TestLogParserScriptRetrieval/parse_codex_log
--- PASS: TestLogParserScriptRetrieval (0.00s)
    --- PASS: TestLogParserScriptRetrieval/parse_claude_log (0.00s)
    --- PASS: TestLogParserScriptRetrieval/parse_codex_log (0.00s)
=== RUN   TestLogParserScriptMethods
=== RUN   TestLogParserScriptMethods/ClaudeEngine_returns_correct_log_parser_script
=== RUN   TestLogParserScriptMethods/CodexEngine_returns_correct_log_parser_script
--- PASS: TestLogParserScriptMethods (0.00s)
    --- PASS: TestLogParserScriptMethods/ClaudeEngine_returns_correct_log_parser_script (0.00s)
    --- PASS: TestLogParserScriptMethods/CodexEngine_returns_correct_log_parser_script (0.00s)
=== RUN   TestGetLogParserScript
=== RUN   TestGetLogParserScript/Get_Claude_log_parser_script
=== RUN   TestGetLogParserScript/Get_Codex_log_parser_script
=== RUN   TestGetLogParserScript/Get_unknown_log_parser_script_returns_empty
--- PASS: TestGetLogParserScript (0.00s)
    --- PASS: TestGetLogParserScript/Get_Claude_log_parser_script (0.00s)
    --- PASS: TestGetLogParserScript/Get_Codex_log_parser_script (0.00s)
    --- PASS: TestGetLogParserScript/Get_unknown_log_parser_script_returns_empty (0.00s)
=== RUN   TestParseClaudeLogSmoke
--- PASS: TestParseClaudeLogSmoke (0.20s)
=== RUN   TestParseCodexLogSmoke
--- PASS: TestParseCodexLogSmoke (0.19s)
=== RUN   TestClaudeExecutionLogCapture
✓ ../../../../../../../tmp/log-capture-test4092980489/test-workflow.md
--- PASS: TestClaudeExecutionLogCapture (0.01s)
=== RUN   TestMaxTurnsCompilation
=== RUN   TestMaxTurnsCompilation/workflow_with_max-turns
✓ ../../../../../../../tmp/max-turns-test3924877804/test-workflow.md
=== RUN   TestMaxTurnsCompilation/workflow_without_max-turns
✓ ../../../../../../../tmp/max-turns-test2984155795/test-workflow.md
=== RUN   TestMaxTurnsCompilation/workflow_with_max-turns_and_timeout
✓ ../../../../../../../tmp/max-turns-test2664395095/test-workflow.md
--- PASS: TestMaxTurnsCompilation (0.02s)
    --- PASS: TestMaxTurnsCompilation/workflow_with_max-turns (0.01s)
    --- PASS: TestMaxTurnsCompilation/workflow_without_max-turns (0.01s)
    --- PASS: TestMaxTurnsCompilation/workflow_with_max-turns_and_timeout (0.01s)
=== RUN   TestMaxTurnsValidation
=== RUN   TestMaxTurnsValidation/valid_integer_max-turns
✓ ../../../../../../../tmp/max-turns-validation-test879367974/test-workflow.md
=== RUN   TestMaxTurnsValidation/invalid_string_max-turns
=== RUN   TestMaxTurnsValidation/zero_max-turns
✓ ../../../../../../../tmp/max-turns-validation-test949178704/test-workflow.md
--- PASS: TestMaxTurnsValidation (0.02s)
    --- PASS: TestMaxTurnsValidation/valid_integer_max-turns (0.01s)
    --- PASS: TestMaxTurnsValidation/invalid_string_max-turns (0.01s)
    --- PASS: TestMaxTurnsValidation/zero_max-turns (0.01s)
=== RUN   TestCustomEngineWithMaxTurns
⚠ Using experimental Custom Steps support (engine: custom)
✓ ../../../../../../../tmp/custom-max-turns-test4117607663/test-workflow.md
--- PASS: TestCustomEngineWithMaxTurns (0.00s)
=== RUN   TestMaxTurnsValidationWithUnsupportedEngine
=== RUN   TestMaxTurnsValidationWithUnsupportedEngine/max-turns_with_codex_engine_should_fail
=== RUN   TestMaxTurnsValidationWithUnsupportedEngine/max-turns_with_claude_engine_should_succeed
✓ ../../../../../../../tmp/max-turns-validation-test3688940760/test.md
=== RUN   TestMaxTurnsValidationWithUnsupportedEngine/codex_engine_without_max-turns_should_succeed
✓ ../../../../../../../tmp/max-turns-validation-test3006639137/test.md
=== RUN   TestMaxTurnsValidationWithUnsupportedEngine/claude_engine_without_max-turns_should_succeed
✓ ../../../../../../../tmp/max-turns-validation-test1684627132/test.md
--- PASS: TestMaxTurnsValidationWithUnsupportedEngine (0.20s)
    --- PASS: TestMaxTurnsValidationWithUnsupportedEngine/max-turns_with_codex_engine_should_fail (0.00s)
    --- PASS: TestMaxTurnsValidationWithUnsupportedEngine/max-turns_with_claude_engine_should_succeed (0.07s)
    --- PASS: TestMaxTurnsValidationWithUnsupportedEngine/codex_engine_without_max-turns_should_succeed (0.06s)
    --- PASS: TestMaxTurnsValidationWithUnsupportedEngine/claude_engine_without_max-turns_should_succeed (0.06s)
=== RUN   TestEngineSupportsMaxTurns
=== RUN   TestEngineSupportsMaxTurns/claude_engine_supports_max-turns
=== RUN   TestEngineSupportsMaxTurns/codex_engine_does_not_support_max-turns
--- PASS: TestEngineSupportsMaxTurns (0.00s)
    --- PASS: TestEngineSupportsMaxTurns/claude_engine_supports_max-turns (0.00s)
    --- PASS: TestEngineSupportsMaxTurns/codex_engine_does_not_support_max-turns (0.00s)
=== RUN   TestGitHubMCPConfiguration
=== RUN   TestGitHubMCPConfiguration/default_Docker_server
✓ ../../../../../../../tmp/mcp-config-test354172628/default Docker server-workflow.md
=== RUN   TestGitHubMCPConfiguration/custom_docker_image_version
✓ ../../../../../../../tmp/mcp-config-test354172628/custom docker image version-workflow.md
=== RUN   TestGitHubMCPConfiguration/custom_docker_image_SHA
✓ ../../../../../../../tmp/mcp-config-test354172628/custom docker image SHA-workflow.md
=== RUN   TestGitHubMCPConfiguration/custom_docker_image_version_with_services_disabled
✓ ../../../../../../../tmp/mcp-config-test354172628/custom docker image version with services disabled-workflow.md
--- PASS: TestGitHubMCPConfiguration (0.02s)
    --- PASS: TestGitHubMCPConfiguration/default_Docker_server (0.00s)
    --- PASS: TestGitHubMCPConfiguration/custom_docker_image_version (0.00s)
    --- PASS: TestGitHubMCPConfiguration/custom_docker_image_SHA (0.00s)
    --- PASS: TestGitHubMCPConfiguration/custom_docker_image_version_with_services_disabled (0.00s)
=== RUN   TestGenerateGitHubMCPConfig
=== RUN   TestGenerateGitHubMCPConfig/nil_github_tool
=== RUN   TestGenerateGitHubMCPConfig/empty_github_tool_config
=== RUN   TestGenerateGitHubMCPConfig/explicit_docker_config_(redundant)
=== RUN   TestGenerateGitHubMCPConfig/non-map_github_tool
--- PASS: TestGenerateGitHubMCPConfig (0.00s)
    --- PASS: TestGenerateGitHubMCPConfig/nil_github_tool (0.00s)
    --- PASS: TestGenerateGitHubMCPConfig/empty_github_tool_config (0.00s)
    --- PASS: TestGenerateGitHubMCPConfig/explicit_docker_config_(redundant) (0.00s)
    --- PASS: TestGenerateGitHubMCPConfig/non-map_github_tool (0.00s)
=== RUN   TestMCPConfigurationEdgeCases
=== RUN   TestMCPConfigurationEdgeCases/last_server_with_docker_config
=== RUN   TestMCPConfigurationEdgeCases/not_last_server_with_docker_config
--- PASS: TestMCPConfigurationEdgeCases (0.00s)
    --- PASS: TestMCPConfigurationEdgeCases/last_server_with_docker_config (0.00s)
    --- PASS: TestMCPConfigurationEdgeCases/not_last_server_with_docker_config (0.00s)
=== RUN   TestCustomDockerMCPConfiguration
=== RUN   TestCustomDockerMCPConfiguration/custom_docker_MCP_with_default_settings
✓ ../../../../../../../tmp/custom-docker-mcp-test3033357021/custom docker MCP with default settings-workflow.md
=== RUN   TestCustomDockerMCPConfiguration/custom_docker_MCP_with_default_settings#01
✓ ../../../../../../../tmp/custom-docker-mcp-test3033357021/custom docker MCP with default settings-workflow.md
=== RUN   TestCustomDockerMCPConfiguration/custom_docker_MCP_with_different_settings
✓ ../../../../../../../tmp/custom-docker-mcp-test3033357021/custom docker MCP with different settings-workflow.md
=== RUN   TestCustomDockerMCPConfiguration/mixed_MCP_configuration_with_defaults
✓ ../../../../../../../tmp/custom-docker-mcp-test3033357021/mixed MCP configuration with defaults-workflow.md
=== RUN   TestCustomDockerMCPConfiguration/custom_docker_MCP_with_custom_Docker_image_version
✓ ../../../../../../../tmp/custom-docker-mcp-test3033357021/custom docker MCP with custom Docker image version-workflow.md
--- PASS: TestCustomDockerMCPConfiguration (0.02s)
    --- PASS: TestCustomDockerMCPConfiguration/custom_docker_MCP_with_default_settings (0.00s)
    --- PASS: TestCustomDockerMCPConfiguration/custom_docker_MCP_with_default_settings#01 (0.00s)
    --- PASS: TestCustomDockerMCPConfiguration/custom_docker_MCP_with_different_settings (0.00s)
    --- PASS: TestCustomDockerMCPConfiguration/mixed_MCP_configuration_with_defaults (0.00s)
    --- PASS: TestCustomDockerMCPConfiguration/custom_docker_MCP_with_custom_Docker_image_version (0.00s)
=== RUN   TestGetMCPConfigJSONString
=== RUN   TestGetMCPConfigJSONString/mcp_as_map
=== RUN   TestGetMCPConfigJSONString/mcp_as_JSON_string
=== RUN   TestGetMCPConfigJSONString/mcp_as_invalid_JSON_string
=== RUN   TestGetMCPConfigJSONString/no_mcp_section
--- PASS: TestGetMCPConfigJSONString (0.00s)
    --- PASS: TestGetMCPConfigJSONString/mcp_as_map (0.00s)
    --- PASS: TestGetMCPConfigJSONString/mcp_as_JSON_string (0.00s)
    --- PASS: TestGetMCPConfigJSONString/mcp_as_invalid_JSON_string (0.00s)
    --- PASS: TestGetMCPConfigJSONString/no_mcp_section (0.00s)
=== RUN   TestHasMCPConfigJSONString
=== RUN   TestHasMCPConfigJSONString/mcp_as_map_with_valid_type
=== RUN   TestHasMCPConfigJSONString/mcp_as_JSON_string_with_valid_type
=== RUN   TestHasMCPConfigJSONString/mcp_as_JSON_string_with_invalid_type
=== RUN   TestHasMCPConfigJSONString/mcp_as_invalid_JSON_string
=== RUN   TestHasMCPConfigJSONString/no_mcp_section
--- PASS: TestHasMCPConfigJSONString (0.00s)
    --- PASS: TestHasMCPConfigJSONString/mcp_as_map_with_valid_type (0.00s)
    --- PASS: TestHasMCPConfigJSONString/mcp_as_JSON_string_with_valid_type (0.00s)
    --- PASS: TestHasMCPConfigJSONString/mcp_as_JSON_string_with_invalid_type (0.00s)
    --- PASS: TestHasMCPConfigJSONString/mcp_as_invalid_JSON_string (0.00s)
    --- PASS: TestHasMCPConfigJSONString/no_mcp_section (0.00s)
=== RUN   TestValidateMCPConfigs
=== RUN   TestValidateMCPConfigs/valid_MCP_configs
=== RUN   TestValidateMCPConfigs/invalid_JSON_in_MCP_config
=== RUN   TestValidateMCPConfigs/missing_type_in_MCP_config
=== RUN   TestValidateMCPConfigs/missing_type_in_JSON_string_MCP_config
=== RUN   TestValidateMCPConfigs/invalid_type_in_MCP_config
=== RUN   TestValidateMCPConfigs/non-string_type_in_MCP_config
=== RUN   TestValidateMCPConfigs/http_type_missing_URL
=== RUN   TestValidateMCPConfigs/stdio_type_missing_command
=== RUN   TestValidateMCPConfigs/http_type_with_non-string_URL
=== RUN   TestValidateMCPConfigs/stdio_type_with_non-string_command
=== RUN   TestValidateMCPConfigs/valid_tools_without_MCP
=== RUN   TestValidateMCPConfigs/mixed_valid_and_invalid_MCP_configs
=== RUN   TestValidateMCPConfigs/network_permissions_with_HTTP_type_should_fail
=== RUN   TestValidateMCPConfigs/network_permissions_with_stdio_non-container_should_fail
=== RUN   TestValidateMCPConfigs/network_permissions_with_stdio_container_should_pass
=== RUN   TestValidateMCPConfigs/network_permissions_in_mcp_section_with_HTTP_type_should_fail
--- PASS: TestValidateMCPConfigs (0.00s)
    --- PASS: TestValidateMCPConfigs/valid_MCP_configs (0.00s)
    --- PASS: TestValidateMCPConfigs/invalid_JSON_in_MCP_config (0.00s)
    --- PASS: TestValidateMCPConfigs/missing_type_in_MCP_config (0.00s)
    --- PASS: TestValidateMCPConfigs/missing_type_in_JSON_string_MCP_config (0.00s)
    --- PASS: TestValidateMCPConfigs/invalid_type_in_MCP_config (0.00s)
    --- PASS: TestValidateMCPConfigs/non-string_type_in_MCP_config (0.00s)
    --- PASS: TestValidateMCPConfigs/http_type_missing_URL (0.00s)
    --- PASS: TestValidateMCPConfigs/stdio_type_missing_command (0.00s)
    --- PASS: TestValidateMCPConfigs/http_type_with_non-string_URL (0.00s)
    --- PASS: TestValidateMCPConfigs/stdio_type_with_non-string_command (0.00s)
    --- PASS: TestValidateMCPConfigs/valid_tools_without_MCP (0.00s)
    --- PASS: TestValidateMCPConfigs/mixed_valid_and_invalid_MCP_configs (0.00s)
    --- PASS: TestValidateMCPConfigs/network_permissions_with_HTTP_type_should_fail (0.00s)
    --- PASS: TestValidateMCPConfigs/network_permissions_with_stdio_non-container_should_fail (0.00s)
    --- PASS: TestValidateMCPConfigs/network_permissions_with_stdio_container_should_pass (0.00s)
    --- PASS: TestValidateMCPConfigs/network_permissions_in_mcp_section_with_HTTP_type_should_fail (0.00s)
=== RUN   TestExtractFirstMatch
=== RUN   TestExtractFirstMatch/Basic_match
=== RUN   TestExtractFirstMatch/No_match
=== RUN   TestExtractFirstMatch/Case_insensitive_match
=== RUN   TestExtractFirstMatch/Multiple_matches_-_first_one_returned
=== RUN   TestExtractFirstMatch/Empty_text
=== RUN   TestExtractFirstMatch/Empty_pattern
=== RUN   TestExtractFirstMatch/Complex_pattern_with_named_groups
--- PASS: TestExtractFirstMatch (0.00s)
    --- PASS: TestExtractFirstMatch/Basic_match (0.00s)
    --- PASS: TestExtractFirstMatch/No_match (0.00s)
    --- PASS: TestExtractFirstMatch/Case_insensitive_match (0.00s)
    --- PASS: TestExtractFirstMatch/Multiple_matches_-_first_one_returned (0.00s)
    --- PASS: TestExtractFirstMatch/Empty_text (0.00s)
    --- PASS: TestExtractFirstMatch/Empty_pattern (0.00s)
    --- PASS: TestExtractFirstMatch/Complex_pattern_with_named_groups (0.00s)
=== RUN   TestExtractJSONMetrics
=== RUN   TestExtractJSONMetrics/Claude_API_format_with_tokens
=== RUN   TestExtractJSONMetrics/Claude_API_format_with_cache_tokens
=== RUN   TestExtractJSONMetrics/Simple_token_count
=== RUN   TestExtractJSONMetrics/Cost_information
=== RUN   TestExtractJSONMetrics/Delta_streaming_format
=== RUN   TestExtractJSONMetrics/Billing_information
=== RUN   TestExtractJSONMetrics/Non-JSON_line
=== RUN   TestExtractJSONMetrics/Empty_JSON_object
=== RUN   TestExtractJSONMetrics/Malformed_JSON
=== RUN   TestExtractJSONMetrics/Empty_line
=== RUN   TestExtractJSONMetrics/Total_tokens_field
=== RUN   TestExtractJSONMetrics/Mixed_token_fields_-_should_use_first_found
--- PASS: TestExtractJSONMetrics (0.00s)
    --- PASS: TestExtractJSONMetrics/Claude_API_format_with_tokens (0.00s)
    --- PASS: TestExtractJSONMetrics/Claude_API_format_with_cache_tokens (0.00s)
    --- PASS: TestExtractJSONMetrics/Simple_token_count (0.00s)
    --- PASS: TestExtractJSONMetrics/Cost_information (0.00s)
    --- PASS: TestExtractJSONMetrics/Delta_streaming_format (0.00s)
    --- PASS: TestExtractJSONMetrics/Billing_information (0.00s)
    --- PASS: TestExtractJSONMetrics/Non-JSON_line (0.00s)
    --- PASS: TestExtractJSONMetrics/Empty_JSON_object (0.00s)
    --- PASS: TestExtractJSONMetrics/Malformed_JSON (0.00s)
    --- PASS: TestExtractJSONMetrics/Empty_line (0.00s)
    --- PASS: TestExtractJSONMetrics/Total_tokens_field (0.00s)
    --- PASS: TestExtractJSONMetrics/Mixed_token_fields_-_should_use_first_found (0.00s)
=== RUN   TestExtractJSONTokenUsage
=== RUN   TestExtractJSONTokenUsage/Direct_tokens_field
=== RUN   TestExtractJSONTokenUsage/Token_count_field
=== RUN   TestExtractJSONTokenUsage/Usage_object_with_input/output_tokens
=== RUN   TestExtractJSONTokenUsage/Usage_object_with_cache_tokens
=== RUN   TestExtractJSONTokenUsage/Delta_format
=== RUN   TestExtractJSONTokenUsage/String_token_count
=== RUN   TestExtractJSONTokenUsage/Float_token_count
=== RUN   TestExtractJSONTokenUsage/No_token_information
=== RUN   TestExtractJSONTokenUsage/Invalid_usage_object
=== RUN   TestExtractJSONTokenUsage/Partial_usage_information
--- PASS: TestExtractJSONTokenUsage (0.00s)
    --- PASS: TestExtractJSONTokenUsage/Direct_tokens_field (0.00s)
    --- PASS: TestExtractJSONTokenUsage/Token_count_field (0.00s)
    --- PASS: TestExtractJSONTokenUsage/Usage_object_with_input/output_tokens (0.00s)
    --- PASS: TestExtractJSONTokenUsage/Usage_object_with_cache_tokens (0.00s)
    --- PASS: TestExtractJSONTokenUsage/Delta_format (0.00s)
    --- PASS: TestExtractJSONTokenUsage/String_token_count (0.00s)
    --- PASS: TestExtractJSONTokenUsage/Float_token_count (0.00s)
    --- PASS: TestExtractJSONTokenUsage/No_token_information (0.00s)
    --- PASS: TestExtractJSONTokenUsage/Invalid_usage_object (0.00s)
    --- PASS: TestExtractJSONTokenUsage/Partial_usage_information (0.00s)
=== RUN   TestExtractJSONCost
=== RUN   TestExtractJSONCost/Direct_cost_field
=== RUN   TestExtractJSONCost/Price_field
=== RUN   TestExtractJSONCost/Total_cost_USD
=== RUN   TestExtractJSONCost/Billing_object
=== RUN   TestExtractJSONCost/String_cost_value
=== RUN   TestExtractJSONCost/Integer_cost_value
=== RUN   TestExtractJSONCost/No_cost_information
=== RUN   TestExtractJSONCost/Invalid_billing_object
=== RUN   TestExtractJSONCost/Zero_cost
=== RUN   TestExtractJSONCost/Negative_cost_(should_be_ignored)
=== RUN   TestExtractJSONCost/Multiple_cost_fields_-_first_found_wins
--- PASS: TestExtractJSONCost (0.00s)
    --- PASS: TestExtractJSONCost/Direct_cost_field (0.00s)
    --- PASS: TestExtractJSONCost/Price_field (0.00s)
    --- PASS: TestExtractJSONCost/Total_cost_USD (0.00s)
    --- PASS: TestExtractJSONCost/Billing_object (0.00s)
    --- PASS: TestExtractJSONCost/String_cost_value (0.00s)
    --- PASS: TestExtractJSONCost/Integer_cost_value (0.00s)
    --- PASS: TestExtractJSONCost/No_cost_information (0.00s)
    --- PASS: TestExtractJSONCost/Invalid_billing_object (0.00s)
    --- PASS: TestExtractJSONCost/Zero_cost (0.00s)
    --- PASS: TestExtractJSONCost/Negative_cost_(should_be_ignored) (0.00s)
    --- PASS: TestExtractJSONCost/Multiple_cost_fields_-_first_found_wins (0.00s)
=== RUN   TestConvertToInt
=== RUN   TestConvertToInt/Integer_value
=== RUN   TestConvertToInt/Int64_value
=== RUN   TestConvertToInt/Float64_value
=== RUN   TestConvertToInt/Float64_with_decimals
=== RUN   TestConvertToInt/String_integer
=== RUN   TestConvertToInt/String_with_whitespace
=== RUN   TestConvertToInt/Invalid_string
=== RUN   TestConvertToInt/Boolean_value
=== RUN   TestConvertToInt/Nil_value
=== RUN   TestConvertToInt/Array_value
=== RUN   TestConvertToInt/Zero_values
=== RUN   TestConvertToInt/Negative_integer
--- PASS: TestConvertToInt (0.00s)
    --- PASS: TestConvertToInt/Integer_value (0.00s)
    --- PASS: TestConvertToInt/Int64_value (0.00s)
    --- PASS: TestConvertToInt/Float64_value (0.00s)
    --- PASS: TestConvertToInt/Float64_with_decimals (0.00s)
    --- PASS: TestConvertToInt/String_integer (0.00s)
    --- PASS: TestConvertToInt/String_with_whitespace (0.00s)
    --- PASS: TestConvertToInt/Invalid_string (0.00s)
    --- PASS: TestConvertToInt/Boolean_value (0.00s)
    --- PASS: TestConvertToInt/Nil_value (0.00s)
    --- PASS: TestConvertToInt/Array_value (0.00s)
    --- PASS: TestConvertToInt/Zero_values (0.00s)
    --- PASS: TestConvertToInt/Negative_integer (0.00s)
=== RUN   TestConvertToFloat
=== RUN   TestConvertToFloat/Float64_value
=== RUN   TestConvertToFloat/Integer_value
=== RUN   TestConvertToFloat/Int64_value
=== RUN   TestConvertToFloat/String_float
=== RUN   TestConvertToFloat/String_integer
=== RUN   TestConvertToFloat/Invalid_string
=== RUN   TestConvertToFloat/Boolean_value
=== RUN   TestConvertToFloat/Nil_value
=== RUN   TestConvertToFloat/Zero_float
=== RUN   TestConvertToFloat/Negative_float
=== RUN   TestConvertToFloat/Scientific_notation_string
=== RUN   TestConvertToFloat/Map_value
--- PASS: TestConvertToFloat (0.00s)
    --- PASS: TestConvertToFloat/Float64_value (0.00s)
    --- PASS: TestConvertToFloat/Integer_value (0.00s)
    --- PASS: TestConvertToFloat/Int64_value (0.00s)
    --- PASS: TestConvertToFloat/String_float (0.00s)
    --- PASS: TestConvertToFloat/String_integer (0.00s)
    --- PASS: TestConvertToFloat/Invalid_string (0.00s)
    --- PASS: TestConvertToFloat/Boolean_value (0.00s)
    --- PASS: TestConvertToFloat/Nil_value (0.00s)
    --- PASS: TestConvertToFloat/Zero_float (0.00s)
    --- PASS: TestConvertToFloat/Negative_float (0.00s)
    --- PASS: TestConvertToFloat/Scientific_notation_string (0.00s)
    --- PASS: TestConvertToFloat/Map_value (0.00s)
=== RUN   TestExtractJSONMetricsIntegration
--- PASS: TestExtractJSONMetricsIntegration (0.00s)
=== RUN   TestNetworkDefaultsIntegration
=== RUN   TestNetworkDefaultsIntegration/YAML_with_defaults_in_allowed_list
=== RUN   TestNetworkDefaultsIntegration/YAML_with_only_defaults
=== RUN   TestNetworkDefaultsIntegration/YAML_without_defaults_should_work_as_before
--- PASS: TestNetworkDefaultsIntegration (0.00s)
    --- PASS: TestNetworkDefaultsIntegration/YAML_with_defaults_in_allowed_list (0.00s)
    --- PASS: TestNetworkDefaultsIntegration/YAML_with_only_defaults (0.00s)
    --- PASS: TestNetworkDefaultsIntegration/YAML_without_defaults_should_work_as_before (0.00s)
=== RUN   TestAllowedDomainsParsing
=== RUN   TestAllowedDomainsParsing/no_output_config
=== RUN   TestAllowedDomainsParsing/output_config_with_allowed-domains
=== RUN   TestAllowedDomainsParsing/output_config_with_create-issue_and_allowed-domains
=== RUN   TestAllowedDomainsParsing/output_config_without_allowed-domains
--- PASS: TestAllowedDomainsParsing (0.00s)
    --- PASS: TestAllowedDomainsParsing/no_output_config (0.00s)
    --- PASS: TestAllowedDomainsParsing/output_config_with_allowed-domains (0.00s)
    --- PASS: TestAllowedDomainsParsing/output_config_with_create-issue_and_allowed-domains (0.00s)
    --- PASS: TestAllowedDomainsParsing/output_config_without_allowed-domains (0.00s)
=== RUN   TestAllowedDomainsInWorkflow
--- PASS: TestAllowedDomainsInWorkflow (0.00s)
=== RUN   TestSafeOutputsConfigGeneration
=== RUN   TestSafeOutputsConfigGeneration/create-discussion_config
=== RUN   TestSafeOutputsConfigGeneration/create-pull-request-review-comment_config
=== RUN   TestSafeOutputsConfigGeneration/create-security-report_config
=== RUN   TestSafeOutputsConfigGeneration/multiple_safe_outputs_including_previously_missing_ones
=== RUN   TestSafeOutputsConfigGeneration/no_safe_outputs_config
--- PASS: TestSafeOutputsConfigGeneration (0.00s)
    --- PASS: TestSafeOutputsConfigGeneration/create-discussion_config (0.00s)
    --- PASS: TestSafeOutputsConfigGeneration/create-pull-request-review-comment_config (0.00s)
    --- PASS: TestSafeOutputsConfigGeneration/create-security-report_config (0.00s)
    --- PASS: TestSafeOutputsConfigGeneration/multiple_safe_outputs_including_previously_missing_ones (0.00s)
    --- PASS: TestSafeOutputsConfigGeneration/no_safe_outputs_config (0.00s)
=== RUN   TestCreateDiscussionConfigParsing
=== RUN   TestCreateDiscussionConfigParsing/no_create-discussion_config
=== RUN   TestCreateDiscussionConfigParsing/basic_create-discussion_config
=== RUN   TestCreateDiscussionConfigParsing/create-discussion_with_title-prefix
=== RUN   TestCreateDiscussionConfigParsing/create-discussion_with_category-id
=== RUN   TestCreateDiscussionConfigParsing/create-discussion_with_all_options
--- PASS: TestCreateDiscussionConfigParsing (0.00s)
    --- PASS: TestCreateDiscussionConfigParsing/no_create-discussion_config (0.00s)
    --- PASS: TestCreateDiscussionConfigParsing/basic_create-discussion_config (0.00s)
    --- PASS: TestCreateDiscussionConfigParsing/create-discussion_with_title-prefix (0.00s)
    --- PASS: TestCreateDiscussionConfigParsing/create-discussion_with_category-id (0.00s)
    --- PASS: TestCreateDiscussionConfigParsing/create-discussion_with_all_options (0.00s)
=== RUN   TestMissingToolSafeOutput
=== RUN   TestMissingToolSafeOutput/No_safe-outputs_config_should_NOT_enable_missing-tool_by_default
=== RUN   TestMissingToolSafeOutput/Explicit_missing-tool_config_with_max
=== RUN   TestMissingToolSafeOutput/Missing-tool_with_other_safe_outputs
=== RUN   TestMissingToolSafeOutput/Empty_missing-tool_config
--- PASS: TestMissingToolSafeOutput (0.00s)
    --- PASS: TestMissingToolSafeOutput/No_safe-outputs_config_should_NOT_enable_missing-tool_by_default (0.00s)
    --- PASS: TestMissingToolSafeOutput/Explicit_missing-tool_config_with_max (0.00s)
    --- PASS: TestMissingToolSafeOutput/Missing-tool_with_other_safe_outputs (0.00s)
    --- PASS: TestMissingToolSafeOutput/Empty_missing-tool_config (0.00s)
=== RUN   TestGeneratePromptIncludesGitHubAWPrompt
--- PASS: TestGeneratePromptIncludesGitHubAWPrompt (0.00s)
=== RUN   TestMissingToolPromptGeneration
--- PASS: TestMissingToolPromptGeneration (0.00s)
=== RUN   TestMissingToolNotEnabledByDefault
--- PASS: TestMissingToolNotEnabledByDefault (0.00s)
=== RUN   TestMissingToolConfigParsing
=== RUN   TestMissingToolConfigParsing/Empty_config
=== RUN   TestMissingToolConfigParsing/Config_with_max_as_int
=== RUN   TestMissingToolConfigParsing/Config_with_max_as_float64_(from_YAML)
=== RUN   TestMissingToolConfigParsing/Config_with_max_as_int64
=== RUN   TestMissingToolConfigParsing/No_missing-tool_key
--- PASS: TestMissingToolConfigParsing (0.00s)
    --- PASS: TestMissingToolConfigParsing/Empty_config (0.00s)
    --- PASS: TestMissingToolConfigParsing/Config_with_max_as_int (0.00s)
    --- PASS: TestMissingToolConfigParsing/Config_with_max_as_float64_(from_YAML) (0.00s)
    --- PASS: TestMissingToolConfigParsing/Config_with_max_as_int64 (0.00s)
    --- PASS: TestMissingToolConfigParsing/No_missing-tool_key (0.00s)
=== RUN   TestMissingToolScriptEmbedding
--- PASS: TestMissingToolScriptEmbedding (0.00s)
=== RUN   TestPRReviewCommentConfigParsing
=== RUN   TestPRReviewCommentConfigParsing/basic_PR_review_comment_configuration
=== RUN   TestPRReviewCommentConfigParsing/PR_review_comment_configuration_with_custom_values
=== RUN   TestPRReviewCommentConfigParsing/PR_review_comment_configuration_with_null_value
=== RUN   TestPRReviewCommentConfigParsing/PR_review_comment_configuration_rejects_invalid_side_values
--- PASS: TestPRReviewCommentConfigParsing (0.02s)
    --- PASS: TestPRReviewCommentConfigParsing/basic_PR_review_comment_configuration (0.00s)
    --- PASS: TestPRReviewCommentConfigParsing/PR_review_comment_configuration_with_custom_values (0.00s)
    --- PASS: TestPRReviewCommentConfigParsing/PR_review_comment_configuration_with_null_value (0.00s)
    --- PASS: TestPRReviewCommentConfigParsing/PR_review_comment_configuration_rejects_invalid_side_values (0.00s)
=== RUN   TestPRReviewCommentJobGeneration
=== RUN   TestPRReviewCommentJobGeneration/generate_PR_review_comment_job
✓ ../../../../../../../tmp/pr-review-comment-job-test1574543808/test-pr-review-comment-job.md
--- PASS: TestPRReviewCommentJobGeneration (0.01s)
    --- PASS: TestPRReviewCommentJobGeneration/generate_PR_review_comment_job (0.00s)
=== RUN   TestPushToBranchConfigParsing
✓ ../../../../../../../tmp/TestPushToBranchConfigParsing327099966/001/test-push-to-branch.md
--- PASS: TestPushToBranchConfigParsing (0.01s)
=== RUN   TestPushToBranchWithTargetAsterisk
✓ ../../../../../../../tmp/TestPushToBranchWithTargetAsterisk1980623734/001/test-push-to-branch-asterisk.md
--- PASS: TestPushToBranchWithTargetAsterisk (0.01s)
=== RUN   TestPushToBranchDefaultBranch
✓ ../../../../../../../tmp/TestPushToBranchDefaultBranch1329462817/001/test-push-to-branch-default-branch.md
--- PASS: TestPushToBranchDefaultBranch (0.01s)
=== RUN   TestPushToBranchNullConfig
✓ ../../../../../../../tmp/TestPushToBranchNullConfig816641461/001/test-push-to-branch-null-config.md
--- PASS: TestPushToBranchNullConfig (0.01s)
=== RUN   TestPushToBranchMinimalConfig
✓ ../../../../../../../tmp/TestPushToBranchMinimalConfig2889882326/001/test-push-to-branch-minimal.md
--- PASS: TestPushToBranchMinimalConfig (0.01s)
=== RUN   TestPushToBranchWithIfNoChangesError
✓ ../../../../../../../tmp/TestPushToBranchWithIfNoChangesError3059003617/001/test-push-to-branch-error.md
--- PASS: TestPushToBranchWithIfNoChangesError (0.00s)
=== RUN   TestPushToBranchWithIfNoChangesIgnore
✓ ../../../../../../../tmp/TestPushToBranchWithIfNoChangesIgnore4070444209/001/test-push-to-branch-ignore.md
--- PASS: TestPushToBranchWithIfNoChangesIgnore (0.01s)
=== RUN   TestPushToBranchDefaultIfNoChanges
✓ ../../../../../../../tmp/TestPushToBranchDefaultIfNoChanges3714007311/001/test-push-to-branch-default-if-no-changes.md
--- PASS: TestPushToBranchDefaultIfNoChanges (0.01s)
=== RUN   TestPushToBranchExplicitTriggering
✓ ../../../../../../../tmp/TestPushToBranchExplicitTriggering851459096/001/test-push-to-branch-explicit-triggering.md
--- PASS: TestPushToBranchExplicitTriggering (0.01s)
=== RUN   TestOutputConfigParsing
--- PASS: TestOutputConfigParsing (0.00s)
=== RUN   TestOutputConfigEmpty
--- PASS: TestOutputConfigEmpty (0.00s)
=== RUN   TestOutputConfigNull
--- PASS: TestOutputConfigNull (0.00s)
=== RUN   TestOutputIssueJobGeneration
✓ ../../../../../../../tmp/output-issue-job-test1566551240/test-output-issue.md
--- PASS: TestOutputIssueJobGeneration (0.01s)
=== RUN   TestOutputCommentConfigParsing
--- PASS: TestOutputCommentConfigParsing (0.00s)
=== RUN   TestOutputCommentConfigParsingNull
--- PASS: TestOutputCommentConfigParsingNull (0.00s)
=== RUN   TestOutputCommentConfigTargetParsing
--- PASS: TestOutputCommentConfigTargetParsing (0.00s)
=== RUN   TestOutputCommentMaxTargetParsing
--- PASS: TestOutputCommentMaxTargetParsing (0.00s)
=== RUN   TestOutputCommentJobGeneration
✓ ../../../../../../../tmp/output-comment-job-test882654314/test-output-issue-comment.md
--- PASS: TestOutputCommentJobGeneration (0.01s)
=== RUN   TestOutputCommentJobSkippedForNonIssueEvents
✓ ../../../../../../../tmp/output-comment-skip-test137945390/test-comment-skip.md
--- PASS: TestOutputCommentJobSkippedForNonIssueEvents (0.01s)
=== RUN   TestOutputPullRequestConfigParsing
--- PASS: TestOutputPullRequestConfigParsing (0.00s)
=== RUN   TestOutputPullRequestJobGeneration
✓ ../../../../../../../tmp/output-pr-job-test663345086/test-output-pr.md
--- PASS: TestOutputPullRequestJobGeneration (0.01s)
=== RUN   TestOutputPullRequestDraftFalse
✓ ../../../../../../../tmp/output-pr-draft-false-test1248983913/test-output-pr-draft-false.md
--- PASS: TestOutputPullRequestDraftFalse (0.01s)
=== RUN   TestOutputPullRequestDraftTrue
✓ ../../../../../../../tmp/output-pr-draft-true-test1506488831/test-output-pr-draft-true.md
--- PASS: TestOutputPullRequestDraftTrue (0.01s)
=== RUN   TestOutputLabelConfigParsing
--- PASS: TestOutputLabelConfigParsing (0.00s)
=== RUN   TestOutputLabelJobGeneration
✓ ../../../../../../../tmp/output-label-job-test3103338598/test-output-labels.md
--- PASS: TestOutputLabelJobGeneration (0.01s)
=== RUN   TestOutputLabelJobGenerationNoAllowedLabels
✓ ../../../../../../../tmp/output-label-no-allowed-test2075351070/test-label-no-allowed.md
--- PASS: TestOutputLabelJobGenerationNoAllowedLabels (0.01s)
=== RUN   TestOutputLabelJobGenerationNullConfig
✓ ../../../../../../../tmp/output-label-null-config-test2511707331/test-label-null-config.md
--- PASS: TestOutputLabelJobGenerationNullConfig (0.01s)
=== RUN   TestOutputLabelConfigNullParsing
--- PASS: TestOutputLabelConfigNullParsing (0.00s)
=== RUN   TestOutputLabelConfigMaxCountParsing
--- PASS: TestOutputLabelConfigMaxCountParsing (0.01s)
=== RUN   TestOutputLabelConfigDefaultMaxCount
--- PASS: TestOutputLabelConfigDefaultMaxCount (0.00s)
=== RUN   TestOutputLabelJobGenerationWithMaxCount
✓ ../../../../../../../tmp/output-label-job-max-test675071273/test-output-labels-max.md
--- PASS: TestOutputLabelJobGenerationWithMaxCount (0.01s)
=== RUN   TestOutputLabelJobGenerationWithDefaultMaxCount
✓ ../../../../../../../tmp/output-label-job-default-max-test3577747481/test-output-labels-default-max.md
--- PASS: TestOutputLabelJobGenerationWithDefaultMaxCount (0.01s)
=== RUN   TestOutputLabelConfigValidation
--- PASS: TestOutputLabelConfigValidation (0.00s)
=== RUN   TestOutputLabelConfigMissingAllowed
✓ ../../../../../../../tmp/output-label-missing-test2943595945/test-label-missing.md
--- PASS: TestOutputLabelConfigMissingAllowed (0.01s)
=== RUN   TestCreatePullRequestIfNoChangesConfig
✓ ../../../../../../../tmp/create-pr-if-no-changes-test2040534358/test-create-pr-if-no-changes.md
--- PASS: TestCreatePullRequestIfNoChangesConfig (0.01s)
=== RUN   TestUpdateIssueConfigParsing
--- PASS: TestUpdateIssueConfigParsing (0.00s)
=== RUN   TestUpdateIssueConfigWithAllOptions
--- PASS: TestUpdateIssueConfigWithAllOptions (0.00s)
=== RUN   TestUpdateIssueConfigTargetParsing
--- PASS: TestUpdateIssueConfigTargetParsing (0.00s)
=== RUN   TestPullRequestPatchGeneration
✓ ../../../../../../../tmp/patch-generation-test2352617417/test-pr-patch.md
    patch_generation_test.go:86: Successfully verified patch generation workflow
--- PASS: TestPullRequestPatchGeneration (0.01s)
=== RUN   TestNormalizeWorkflowName
=== RUN   TestNormalizeWorkflowName/plain_name
=== RUN   TestNormalizeWorkflowName/name_with_.md_extension
=== RUN   TestNormalizeWorkflowName/name_with_.lock.yml_extension
=== RUN   TestNormalizeWorkflowName/empty_string
=== RUN   TestNormalizeWorkflowName/name_with_multiple_dots
=== RUN   TestNormalizeWorkflowName/name_ending_with_partial_extension
--- PASS: TestNormalizeWorkflowName (0.00s)
    --- PASS: TestNormalizeWorkflowName/plain_name (0.00s)
    --- PASS: TestNormalizeWorkflowName/name_with_.md_extension (0.00s)
    --- PASS: TestNormalizeWorkflowName/name_with_.lock.yml_extension (0.00s)
    --- PASS: TestNormalizeWorkflowName/empty_string (0.00s)
    --- PASS: TestNormalizeWorkflowName/name_with_multiple_dots (0.00s)
    --- PASS: TestNormalizeWorkflowName/name_ending_with_partial_extension (0.00s)
=== RUN   TestResolveWorkflowName
=== RUN   TestResolveWorkflowName/valid_workflow_ID
=== RUN   TestResolveWorkflowName/valid_workflow_ID_with_.md_extension
=== RUN   TestResolveWorkflowName/valid_workflow_ID_with_.lock.yml_extension
=== RUN   TestResolveWorkflowName/empty_workflow_ID
=== RUN   TestResolveWorkflowName/non-existent_workflow_ID
=== RUN   TestResolveWorkflowName/non-existent_workflow_ID_with_extension
--- PASS: TestResolveWorkflowName (0.00s)
    --- PASS: TestResolveWorkflowName/valid_workflow_ID (0.00s)
    --- PASS: TestResolveWorkflowName/valid_workflow_ID_with_.md_extension (0.00s)
    --- PASS: TestResolveWorkflowName/valid_workflow_ID_with_.lock.yml_extension (0.00s)
    --- PASS: TestResolveWorkflowName/empty_workflow_ID (0.00s)
    --- PASS: TestResolveWorkflowName/non-existent_workflow_ID (0.00s)
    --- PASS: TestResolveWorkflowName/non-existent_workflow_ID_with_extension (0.00s)
=== RUN   TestResolveWorkflowName_MissingLockFile
--- PASS: TestResolveWorkflowName_MissingLockFile (0.00s)
=== RUN   TestResolveWorkflowName_InvalidYAML
--- PASS: TestResolveWorkflowName_InvalidYAML (0.00s)
=== RUN   TestResolveWorkflowName_MissingNameField
--- PASS: TestResolveWorkflowName_MissingNameField (0.00s)
=== RUN   TestResolveWorkflowName_ExistingAgenticWorkflow
=== RUN   TestResolveWorkflowName_ExistingAgenticWorkflow/existing_weekly-research
    resolve_test.go:357: Workflow weekly-research.md not found, skipping
=== RUN   TestResolveWorkflowName_ExistingAgenticWorkflow/existing_daily-plan
    resolve_test.go:357: Workflow daily-plan.md not found, skipping
=== RUN   TestResolveWorkflowName_ExistingAgenticWorkflow/existing_issue-triage
    resolve_test.go:357: Workflow issue-triage.md not found, skipping
--- PASS: TestResolveWorkflowName_ExistingAgenticWorkflow (0.00s)
    --- SKIP: TestResolveWorkflowName_ExistingAgenticWorkflow/existing_weekly-research (0.00s)
    --- SKIP: TestResolveWorkflowName_ExistingAgenticWorkflow/existing_daily-plan (0.00s)
    --- SKIP: TestResolveWorkflowName_ExistingAgenticWorkflow/existing_issue-triage (0.00s)
=== RUN   TestSafeOutputsMaxConfiguration
=== RUN   TestSafeOutputsMaxConfiguration/Default_configuration_should_use_max:_1
=== RUN   TestSafeOutputsMaxConfiguration/Explicit_max_values_should_be_used
=== RUN   TestSafeOutputsMaxConfiguration/Complete_configuration_with_all_options
--- PASS: TestSafeOutputsMaxConfiguration (0.00s)
    --- PASS: TestSafeOutputsMaxConfiguration/Default_configuration_should_use_max:_1 (0.00s)
    --- PASS: TestSafeOutputsMaxConfiguration/Explicit_max_values_should_be_used (0.00s)
    --- PASS: TestSafeOutputsMaxConfiguration/Complete_configuration_with_all_options (0.00s)
=== RUN   TestSecurityReportsConfig
=== RUN   TestSecurityReportsConfig/basic_security_report_configuration
=== RUN   TestSecurityReportsConfig/security_report_with_max_configuration
=== RUN   TestSecurityReportsConfig/security_report_with_driver_configuration
=== RUN   TestSecurityReportsConfig/security_report_with_max_and_driver_configuration
=== RUN   TestSecurityReportsConfig/no_security_report_configuration
--- PASS: TestSecurityReportsConfig (0.00s)
    --- PASS: TestSecurityReportsConfig/basic_security_report_configuration (0.00s)
    --- PASS: TestSecurityReportsConfig/security_report_with_max_configuration (0.00s)
    --- PASS: TestSecurityReportsConfig/security_report_with_driver_configuration (0.00s)
    --- PASS: TestSecurityReportsConfig/security_report_with_max_and_driver_configuration (0.00s)
    --- PASS: TestSecurityReportsConfig/no_security_report_configuration (0.00s)
=== RUN   TestBuildCreateOutputSecurityReportJob
--- PASS: TestBuildCreateOutputSecurityReportJob (0.00s)
=== RUN   TestParseSecurityReportsConfig
=== RUN   TestParseSecurityReportsConfig/basic_configuration
=== RUN   TestParseSecurityReportsConfig/configuration_with_max
=== RUN   TestParseSecurityReportsConfig/configuration_with_driver
=== RUN   TestParseSecurityReportsConfig/configuration_with_max_and_driver
=== RUN   TestParseSecurityReportsConfig/no_configuration
--- PASS: TestParseSecurityReportsConfig (0.00s)
    --- PASS: TestParseSecurityReportsConfig/basic_configuration (0.00s)
    --- PASS: TestParseSecurityReportsConfig/configuration_with_max (0.00s)
    --- PASS: TestParseSecurityReportsConfig/configuration_with_driver (0.00s)
    --- PASS: TestParseSecurityReportsConfig/configuration_with_max_and_driver (0.00s)
    --- PASS: TestParseSecurityReportsConfig/no_configuration (0.00s)
=== RUN   TestStepSummaryIncludesProcessedOutput
✓ ../../../../../../../tmp/step-summary-test1098126618/test-step-summary.md
    step_summary_test.go:90: Step summary correctly includes both JSONL and processed output sections
--- PASS: TestStepSummaryIncludesProcessedOutput (0.01s)
=== RUN   TestTaskAndAddReactionJobsPermissions
✓ ../../../../../../../tmp/permissions-test1012325995/test-permissions.md
--- PASS: TestTaskAndAddReactionJobsPermissions (0.01s)
=== RUN   TestTaskJobWithIfConditionHasDummyStep
✓ ../../../../../../../tmp/task-job-if-test2943794827/test-workflow.md
--- PASS: TestTaskJobWithIfConditionHasDummyStep (0.00s)
=== RUN   TestTeamMemberCheckForCommandWorkflows
=== RUN   TestTeamMemberCheckForCommandWorkflows/command_workflow_should_include_team_member_check
✓ ../../../../../../../tmp/workflow-team-member-test2816722772/command-workflow.md
=== RUN   TestTeamMemberCheckForCommandWorkflows/non-command_workflow_should_not_include_team_member_check
✓ ../../../../../../../tmp/workflow-team-member-test2816722772/non-alias-workflow.md
=== RUN   TestTeamMemberCheckForCommandWorkflows/schedule_workflow_should_not_include_team_member_check
✓ ../../../../../../../tmp/workflow-team-member-test2816722772/schedule-workflow.md
=== RUN   TestTeamMemberCheckForCommandWorkflows/command_with_other_events_should_include_team_member_check
✓ ../../../../../../../tmp/workflow-team-member-test2816722772/multi-trigger-workflow.md
=== RUN   TestTeamMemberCheckForCommandWorkflows/command_with_push_events_should_have_conditional_team_member_check
✓ ../../../../../../../tmp/workflow-team-member-test2816722772/conditional-team-check-workflow.md
--- PASS: TestTeamMemberCheckForCommandWorkflows (0.02s)
    --- PASS: TestTeamMemberCheckForCommandWorkflows/command_workflow_should_include_team_member_check (0.00s)
    --- PASS: TestTeamMemberCheckForCommandWorkflows/non-command_workflow_should_not_include_team_member_check (0.00s)
    --- PASS: TestTeamMemberCheckForCommandWorkflows/schedule_workflow_should_not_include_team_member_check (0.00s)
    --- PASS: TestTeamMemberCheckForCommandWorkflows/command_with_other_events_should_include_team_member_check (0.00s)
    --- PASS: TestTeamMemberCheckForCommandWorkflows/command_with_push_events_should_have_conditional_team_member_check (0.00s)
=== RUN   TestStopTimeResolutionIntegration
=== RUN   TestStopTimeResolutionIntegration/absolute_stop-after_unchanged
✓ ../../../../../../../tmp/TestStopTimeResolutionIntegrationabsolute_stop-after_unchanged3410465050/001/test-workflow.md
=== RUN   TestStopTimeResolutionIntegration/readable_date_format
✓ ../../../../../../../tmp/TestStopTimeResolutionIntegrationreadable_date_format4122084018/001/test-workflow.md
=== RUN   TestStopTimeResolutionIntegration/ordinal_date_format
✓ ../../../../../../../tmp/TestStopTimeResolutionIntegrationordinal_date_format4013288445/001/test-workflow.md
=== RUN   TestStopTimeResolutionIntegration/US_date_format
✓ ../../../../../../../tmp/TestStopTimeResolutionIntegrationUS_date_format3018002364/001/test-workflow.md
=== RUN   TestStopTimeResolutionIntegration/relative_stop-after_gets_resolved
✓ ../../../../../../../tmp/TestStopTimeResolutionIntegrationrelative_stop-after_gets_resolved3690305065/001/test-workflow.md
=== RUN   TestStopTimeResolutionIntegration/complex_relative_stop-after_gets_resolved
✓ ../../../../../../../tmp/TestStopTimeResolutionIntegrationcomplex_relative_stop-after_gets_resolved745514843/001/test-workflow.md
=== RUN   TestStopTimeResolutionIntegration/no_stop-after_specified
✓ ../../../../../../../tmp/TestStopTimeResolutionIntegrationno_stop-after_specified412930068/001/test-workflow.md
--- PASS: TestStopTimeResolutionIntegration (0.03s)
    --- PASS: TestStopTimeResolutionIntegration/absolute_stop-after_unchanged (0.00s)
    --- PASS: TestStopTimeResolutionIntegration/readable_date_format (0.00s)
    --- PASS: TestStopTimeResolutionIntegration/ordinal_date_format (0.00s)
    --- PASS: TestStopTimeResolutionIntegration/US_date_format (0.01s)
    --- PASS: TestStopTimeResolutionIntegration/relative_stop-after_gets_resolved (0.00s)
    --- PASS: TestStopTimeResolutionIntegration/complex_relative_stop-after_gets_resolved (0.00s)
    --- PASS: TestStopTimeResolutionIntegration/no_stop-after_specified (0.01s)
=== RUN   TestDeprecatedStopTimeUsage
=== RUN   TestDeprecatedStopTimeUsage/absolute_stop-time_at_root_level
=== RUN   TestDeprecatedStopTimeUsage/relative_stop-time_at_root_level
--- PASS: TestDeprecatedStopTimeUsage (0.00s)
    --- PASS: TestDeprecatedStopTimeUsage/absolute_stop-time_at_root_level (0.00s)
    --- PASS: TestDeprecatedStopTimeUsage/relative_stop-time_at_root_level (0.00s)
=== RUN   TestStopTimeResolutionError
=== RUN   TestStopTimeResolutionError/invalid_relative_format
=== RUN   TestStopTimeResolutionError/invalid_absolute_format
=== RUN   TestStopTimeResolutionError/invalid_month_name
--- PASS: TestStopTimeResolutionError (0.01s)
    --- PASS: TestStopTimeResolutionError/invalid_relative_format (0.00s)
    --- PASS: TestStopTimeResolutionError/invalid_absolute_format (0.00s)
    --- PASS: TestStopTimeResolutionError/invalid_month_name (0.00s)
=== RUN   TestParseTimeDelta
=== RUN   TestParseTimeDelta/hours_only
=== RUN   TestParseTimeDelta/days_only
=== RUN   TestParseTimeDelta/minutes_only
=== RUN   TestParseTimeDelta/days_and_hours
=== RUN   TestParseTimeDelta/all_units
=== RUN   TestParseTimeDelta/different_order
=== RUN   TestParseTimeDelta/single_digit
=== RUN   TestParseTimeDelta/large_numbers
=== RUN   TestParseTimeDelta/zero_values_allowed_in_middle
=== RUN   TestParseTimeDelta/empty_string
=== RUN   TestParseTimeDelta/no_plus_prefix
=== RUN   TestParseTimeDelta/only_plus
=== RUN   TestParseTimeDelta/no_units
=== RUN   TestParseTimeDelta/invalid_unit
=== RUN   TestParseTimeDelta/duplicate_units
=== RUN   TestParseTimeDelta/invalid_characters
=== RUN   TestParseTimeDelta/negative_numbers_not_allowed
=== RUN   TestParseTimeDelta/too_many_days
=== RUN   TestParseTimeDelta/too_many_hours
=== RUN   TestParseTimeDelta/extra_characters
--- PASS: TestParseTimeDelta (0.00s)
    --- PASS: TestParseTimeDelta/hours_only (0.00s)
    --- PASS: TestParseTimeDelta/days_only (0.00s)
    --- PASS: TestParseTimeDelta/minutes_only (0.00s)
    --- PASS: TestParseTimeDelta/days_and_hours (0.00s)
    --- PASS: TestParseTimeDelta/all_units (0.00s)
    --- PASS: TestParseTimeDelta/different_order (0.00s)
    --- PASS: TestParseTimeDelta/single_digit (0.00s)
    --- PASS: TestParseTimeDelta/large_numbers (0.00s)
    --- PASS: TestParseTimeDelta/zero_values_allowed_in_middle (0.00s)
    --- PASS: TestParseTimeDelta/empty_string (0.00s)
    --- PASS: TestParseTimeDelta/no_plus_prefix (0.00s)
    --- PASS: TestParseTimeDelta/only_plus (0.00s)
    --- PASS: TestParseTimeDelta/no_units (0.00s)
    --- PASS: TestParseTimeDelta/invalid_unit (0.00s)
    --- PASS: TestParseTimeDelta/duplicate_units (0.00s)
    --- PASS: TestParseTimeDelta/invalid_characters (0.00s)
    --- PASS: TestParseTimeDelta/negative_numbers_not_allowed (0.00s)
    --- PASS: TestParseTimeDelta/too_many_days (0.00s)
    --- PASS: TestParseTimeDelta/too_many_hours (0.00s)
    --- PASS: TestParseTimeDelta/extra_characters (0.00s)
=== RUN   TestTimeDeltaString
=== RUN   TestTimeDeltaString/hours_only
=== RUN   TestTimeDeltaString/days_only
=== RUN   TestTimeDeltaString/minutes_only
=== RUN   TestTimeDeltaString/all_units
=== RUN   TestTimeDeltaString/zero_values
=== RUN   TestTimeDeltaString/some_zero_values
--- PASS: TestTimeDeltaString (0.00s)
    --- PASS: TestTimeDeltaString/hours_only (0.00s)
    --- PASS: TestTimeDeltaString/days_only (0.00s)
    --- PASS: TestTimeDeltaString/minutes_only (0.00s)
    --- PASS: TestTimeDeltaString/all_units (0.00s)
    --- PASS: TestTimeDeltaString/zero_values (0.00s)
    --- PASS: TestTimeDeltaString/some_zero_values (0.00s)
=== RUN   TestIsRelativeStopTime
=== RUN   TestIsRelativeStopTime/relative_time_delta
=== RUN   TestIsRelativeStopTime/absolute_timestamp
=== RUN   TestIsRelativeStopTime/empty_string
=== RUN   TestIsRelativeStopTime/just_plus
=== RUN   TestIsRelativeStopTime/plus_in_middle
--- PASS: TestIsRelativeStopTime (0.00s)
    --- PASS: TestIsRelativeStopTime/relative_time_delta (0.00s)
    --- PASS: TestIsRelativeStopTime/absolute_timestamp (0.00s)
    --- PASS: TestIsRelativeStopTime/empty_string (0.00s)
    --- PASS: TestIsRelativeStopTime/just_plus (0.00s)
    --- PASS: TestIsRelativeStopTime/plus_in_middle (0.00s)
=== RUN   TestParseAbsoluteDateTime
=== RUN   TestParseAbsoluteDateTime/standard_YYYY-MM-DD_HH:MM:SS
=== RUN   TestParseAbsoluteDateTime/ISO_8601_format
=== RUN   TestParseAbsoluteDateTime/date_only_YYYY-MM-DD
=== RUN   TestParseAbsoluteDateTime/US_format_MM/DD/YYYY
=== RUN   TestParseAbsoluteDateTime/US_format_with_time
=== RUN   TestParseAbsoluteDateTime/readable_January_1,_2025
=== RUN   TestParseAbsoluteDateTime/readable_June_15,_2025
=== RUN   TestParseAbsoluteDateTime/readable_with_abbreviated_month
=== RUN   TestParseAbsoluteDateTime/European_style_15_June_2025
=== RUN   TestParseAbsoluteDateTime/European_style_abbreviated
=== RUN   TestParseAbsoluteDateTime/ordinal_1st_June_2025
=== RUN   TestParseAbsoluteDateTime/ordinal_June_1st_2025
=== RUN   TestParseAbsoluteDateTime/ordinal_2nd_January_2026
=== RUN   TestParseAbsoluteDateTime/ordinal_23rd_December_2025
=== RUN   TestParseAbsoluteDateTime/ordinal_with_time_1st_June_2025_15:30
=== RUN   TestParseAbsoluteDateTime/RFC3339_format
=== RUN   TestParseAbsoluteDateTime/whitespace_around_date
=== RUN   TestParseAbsoluteDateTime/invalid_format
=== RUN   TestParseAbsoluteDateTime/invalid_month
=== RUN   TestParseAbsoluteDateTime/empty_string
--- PASS: TestParseAbsoluteDateTime (0.00s)
    --- PASS: TestParseAbsoluteDateTime/standard_YYYY-MM-DD_HH:MM:SS (0.00s)
    --- PASS: TestParseAbsoluteDateTime/ISO_8601_format (0.00s)
    --- PASS: TestParseAbsoluteDateTime/date_only_YYYY-MM-DD (0.00s)
    --- PASS: TestParseAbsoluteDateTime/US_format_MM/DD/YYYY (0.00s)
    --- PASS: TestParseAbsoluteDateTime/US_format_with_time (0.00s)
    --- PASS: TestParseAbsoluteDateTime/readable_January_1,_2025 (0.00s)
    --- PASS: TestParseAbsoluteDateTime/readable_June_15,_2025 (0.00s)
    --- PASS: TestParseAbsoluteDateTime/readable_with_abbreviated_month (0.00s)
    --- PASS: TestParseAbsoluteDateTime/European_style_15_June_2025 (0.00s)
    --- PASS: TestParseAbsoluteDateTime/European_style_abbreviated (0.00s)
    --- PASS: TestParseAbsoluteDateTime/ordinal_1st_June_2025 (0.00s)
    --- PASS: TestParseAbsoluteDateTime/ordinal_June_1st_2025 (0.00s)
    --- PASS: TestParseAbsoluteDateTime/ordinal_2nd_January_2026 (0.00s)
    --- PASS: TestParseAbsoluteDateTime/ordinal_23rd_December_2025 (0.00s)
    --- PASS: TestParseAbsoluteDateTime/ordinal_with_time_1st_June_2025_15:30 (0.00s)
    --- PASS: TestParseAbsoluteDateTime/RFC3339_format (0.00s)
    --- PASS: TestParseAbsoluteDateTime/whitespace_around_date (0.00s)
    --- PASS: TestParseAbsoluteDateTime/invalid_format (0.00s)
    --- PASS: TestParseAbsoluteDateTime/invalid_month (0.00s)
    --- PASS: TestParseAbsoluteDateTime/empty_string (0.00s)
=== RUN   TestResolveStopTime
=== RUN   TestResolveStopTime/empty_stop_time
=== RUN   TestResolveStopTime/absolute_time_standard_format
=== RUN   TestResolveStopTime/absolute_time_readable_format
=== RUN   TestResolveStopTime/absolute_time_with_ordinal
=== RUN   TestResolveStopTime/absolute_time_US_format
=== RUN   TestResolveStopTime/absolute_time_European_style
=== RUN   TestResolveStopTime/relative_hours
=== RUN   TestResolveStopTime/relative_days
=== RUN   TestResolveStopTime/relative_complex
=== RUN   TestResolveStopTime/invalid_relative_format
=== RUN   TestResolveStopTime/invalid_absolute_format
=== RUN   TestResolveStopTime/relative_with_different_base_time
=== RUN   TestResolveStopTime/relative_weeks
=== RUN   TestResolveStopTime/relative_months
=== RUN   TestResolveStopTime/relative_months_and_weeks
=== RUN   TestResolveStopTime/relative_complex_with_months
--- PASS: TestResolveStopTime (0.00s)
    --- PASS: TestResolveStopTime/empty_stop_time (0.00s)
    --- PASS: TestResolveStopTime/absolute_time_standard_format (0.00s)
    --- PASS: TestResolveStopTime/absolute_time_readable_format (0.00s)
    --- PASS: TestResolveStopTime/absolute_time_with_ordinal (0.00s)
    --- PASS: TestResolveStopTime/absolute_time_US_format (0.00s)
    --- PASS: TestResolveStopTime/absolute_time_European_style (0.00s)
    --- PASS: TestResolveStopTime/relative_hours (0.00s)
    --- PASS: TestResolveStopTime/relative_days (0.00s)
    --- PASS: TestResolveStopTime/relative_complex (0.00s)
    --- PASS: TestResolveStopTime/invalid_relative_format (0.00s)
    --- PASS: TestResolveStopTime/invalid_absolute_format (0.00s)
    --- PASS: TestResolveStopTime/relative_with_different_base_time (0.00s)
    --- PASS: TestResolveStopTime/relative_weeks (0.00s)
    --- PASS: TestResolveStopTime/relative_months (0.00s)
    --- PASS: TestResolveStopTime/relative_months_and_weeks (0.00s)
    --- PASS: TestResolveStopTime/relative_complex_with_months (0.00s)
=== RUN   TestIsRelativeDate
=== RUN   TestIsRelativeDate/negative_delta
=== RUN   TestIsRelativeDate/positive_delta
=== RUN   TestIsRelativeDate/absolute_date
=== RUN   TestIsRelativeDate/empty_string
=== RUN   TestIsRelativeDate/just_minus
=== RUN   TestIsRelativeDate/just_plus
--- PASS: TestIsRelativeDate (0.00s)
    --- PASS: TestIsRelativeDate/negative_delta (0.00s)
    --- PASS: TestIsRelativeDate/positive_delta (0.00s)
    --- PASS: TestIsRelativeDate/absolute_date (0.00s)
    --- PASS: TestIsRelativeDate/empty_string (0.00s)
    --- PASS: TestIsRelativeDate/just_minus (0.00s)
    --- PASS: TestIsRelativeDate/just_plus (0.00s)
=== RUN   TestParseRelativeDate
=== RUN   TestParseRelativeDate/negative_1_day
=== RUN   TestParseRelativeDate/negative_1_week
=== RUN   TestParseRelativeDate/negative_1_month
=== RUN   TestParseRelativeDate/positive_3_days
=== RUN   TestParseRelativeDate/complex_negative_delta
=== RUN   TestParseRelativeDate/absolute_date
=== RUN   TestParseRelativeDate/empty_string
=== RUN   TestParseRelativeDate/invalid_negative_format
--- PASS: TestParseRelativeDate (0.00s)
    --- PASS: TestParseRelativeDate/negative_1_day (0.00s)
    --- PASS: TestParseRelativeDate/negative_1_week (0.00s)
    --- PASS: TestParseRelativeDate/negative_1_month (0.00s)
    --- PASS: TestParseRelativeDate/positive_3_days (0.00s)
    --- PASS: TestParseRelativeDate/complex_negative_delta (0.00s)
    --- PASS: TestParseRelativeDate/absolute_date (0.00s)
    --- PASS: TestParseRelativeDate/empty_string (0.00s)
    --- PASS: TestParseRelativeDate/invalid_negative_format (0.00s)
=== RUN   TestResolveRelativeDate
=== RUN   TestResolveRelativeDate/empty_string
=== RUN   TestResolveRelativeDate/absolute_date_unchanged
=== RUN   TestResolveRelativeDate/negative_1_day
=== RUN   TestResolveRelativeDate/negative_1_week
=== RUN   TestResolveRelativeDate/negative_1_month
=== RUN   TestResolveRelativeDate/positive_3_days
=== RUN   TestResolveRelativeDate/complex_negative_delta
=== RUN   TestResolveRelativeDate/negative_2_hours_(sub-day)
=== RUN   TestResolveRelativeDate/invalid_relative_format
--- PASS: TestResolveRelativeDate (0.00s)
    --- PASS: TestResolveRelativeDate/empty_string (0.00s)
    --- PASS: TestResolveRelativeDate/absolute_date_unchanged (0.00s)
    --- PASS: TestResolveRelativeDate/negative_1_day (0.00s)
    --- PASS: TestResolveRelativeDate/negative_1_week (0.00s)
    --- PASS: TestResolveRelativeDate/negative_1_month (0.00s)
    --- PASS: TestResolveRelativeDate/positive_3_days (0.00s)
    --- PASS: TestResolveRelativeDate/complex_negative_delta (0.00s)
    --- PASS: TestResolveRelativeDate/negative_2_hours_(sub-day) (0.00s)
    --- PASS: TestResolveRelativeDate/invalid_relative_format (0.00s)
PASS
ok  	github.com/githubnext/gh-aw/pkg/workflow	2.292s
FAIL
